Archive member included to satisfy reference by file (symbol)

/home/mark/SimplicityStudio_v5/developer/toolchains/gnu_arm/10.3_2021.10/bin/../lib/gcc/arm-none-eabi/10.3.1/thumb/v8-m.main+fp/hard/libgcc.a(_aeabi_ldivmod.o)
                              ./gecko_sdk_4.3.2/platform/emlib/src/em_eusart.o (__aeabi_ldivmod)
/home/mark/SimplicityStudio_v5/developer/toolchains/gnu_arm/10.3_2021.10/bin/../lib/gcc/arm-none-eabi/10.3.1/thumb/v8-m.main+fp/hard/libgcc.a(_aeabi_uldivmod.o)
                              ./gecko_sdk_4.3.2/platform/emlib/src/em_eusart.o (__aeabi_uldivmod)
/home/mark/SimplicityStudio_v5/developer/toolchains/gnu_arm/10.3_2021.10/bin/../lib/gcc/arm-none-eabi/10.3.1/thumb/v8-m.main+fp/hard/libgcc.a(_udivmoddi4.o)
                              /home/mark/SimplicityStudio_v5/developer/toolchains/gnu_arm/10.3_2021.10/bin/../lib/gcc/arm-none-eabi/10.3.1/thumb/v8-m.main+fp/hard/libgcc.a(_aeabi_ldivmod.o) (__udivmoddi4)
/home/mark/SimplicityStudio_v5/developer/toolchains/gnu_arm/10.3_2021.10/bin/../lib/gcc/arm-none-eabi/10.3.1/thumb/v8-m.main+fp/hard/libgcc.a(_dvmd_tls.o)
                              /home/mark/SimplicityStudio_v5/developer/toolchains/gnu_arm/10.3_2021.10/bin/../lib/gcc/arm-none-eabi/10.3.1/thumb/v8-m.main+fp/hard/libgcc.a(_aeabi_ldivmod.o) (__aeabi_ldiv0)
/home/mark/SimplicityStudio_v5/developer/toolchains/gnu_arm/10.3_2021.10/bin/../lib/gcc/arm-none-eabi/10.3.1/../../../../arm-none-eabi/lib/thumb/v8-m.main+fp/hard/libc_nano.a(lib_a-ctype_.o)
                              ./gecko_sdk_4.3.2/platform/common/src/sl_string.o (_ctype_)
/home/mark/SimplicityStudio_v5/developer/toolchains/gnu_arm/10.3_2021.10/bin/../lib/gcc/arm-none-eabi/10.3.1/../../../../arm-none-eabi/lib/thumb/v8-m.main+fp/hard/libc_nano.a(lib_a-exit.o)
                              /home/mark/SimplicityStudio_v5/developer/toolchains/gnu_arm/10.3_2021.10/bin/../lib/gcc/arm-none-eabi/10.3.1/../../../../arm-none-eabi/lib/thumb/v8-m.main+fp/hard/crt0.o (exit)
/home/mark/SimplicityStudio_v5/developer/toolchains/gnu_arm/10.3_2021.10/bin/../lib/gcc/arm-none-eabi/10.3.1/../../../../arm-none-eabi/lib/thumb/v8-m.main+fp/hard/libc_nano.a(lib_a-impure.o)
                              /home/mark/SimplicityStudio_v5/developer/toolchains/gnu_arm/10.3_2021.10/bin/../lib/gcc/arm-none-eabi/10.3.1/../../../../arm-none-eabi/lib/thumb/v8-m.main+fp/hard/libc_nano.a(lib_a-exit.o) (_global_impure_ptr)
/home/mark/SimplicityStudio_v5/developer/toolchains/gnu_arm/10.3_2021.10/bin/../lib/gcc/arm-none-eabi/10.3.1/../../../../arm-none-eabi/lib/thumb/v8-m.main+fp/hard/libc_nano.a(lib_a-init.o)
                              /home/mark/SimplicityStudio_v5/developer/toolchains/gnu_arm/10.3_2021.10/bin/../lib/gcc/arm-none-eabi/10.3.1/../../../../arm-none-eabi/lib/thumb/v8-m.main+fp/hard/crt0.o (__libc_init_array)
/home/mark/SimplicityStudio_v5/developer/toolchains/gnu_arm/10.3_2021.10/bin/../lib/gcc/arm-none-eabi/10.3.1/../../../../arm-none-eabi/lib/thumb/v8-m.main+fp/hard/libc_nano.a(lib_a-memcpy-stub.o)
                              ./gecko_sdk_4.3.2/platform/emdrv/uartdrv/src/uartdrv.o (memcpy)
/home/mark/SimplicityStudio_v5/developer/toolchains/gnu_arm/10.3_2021.10/bin/../lib/gcc/arm-none-eabi/10.3.1/../../../../arm-none-eabi/lib/thumb/v8-m.main+fp/hard/libc_nano.a(lib_a-memset.o)
                              /home/mark/SimplicityStudio_v5/developer/toolchains/gnu_arm/10.3_2021.10/bin/../lib/gcc/arm-none-eabi/10.3.1/../../../../arm-none-eabi/lib/thumb/v8-m.main+fp/hard/crt0.o (memset)
/home/mark/SimplicityStudio_v5/developer/toolchains/gnu_arm/10.3_2021.10/bin/../lib/gcc/arm-none-eabi/10.3.1/../../../../arm-none-eabi/lib/thumb/v8-m.main+fp/hard/libc_nano.a(lib_a-sprintf.o)
                              ./app.o (sprintf)
/home/mark/SimplicityStudio_v5/developer/toolchains/gnu_arm/10.3_2021.10/bin/../lib/gcc/arm-none-eabi/10.3.1/../../../../arm-none-eabi/lib/thumb/v8-m.main+fp/hard/libc_nano.a(lib_a-strcmp.o)
                              ./autogen/sl_iostream_handles.o (strcmp)
/home/mark/SimplicityStudio_v5/developer/toolchains/gnu_arm/10.3_2021.10/bin/../lib/gcc/arm-none-eabi/10.3.1/../../../../arm-none-eabi/lib/thumb/v8-m.main+fp/hard/libc_nano.a(lib_a-strlen.o)
                              ./app.o (strlen)
/home/mark/SimplicityStudio_v5/developer/toolchains/gnu_arm/10.3_2021.10/bin/../lib/gcc/arm-none-eabi/10.3.1/../../../../arm-none-eabi/lib/thumb/v8-m.main+fp/hard/libc_nano.a(lib_a-vprintf.o)
                              ./gecko_sdk_4.3.2/platform/service/iostream/src/sl_iostream.o (vprintf)
/home/mark/SimplicityStudio_v5/developer/toolchains/gnu_arm/10.3_2021.10/bin/../lib/gcc/arm-none-eabi/10.3.1/../../../../arm-none-eabi/lib/thumb/v8-m.main+fp/hard/libc_nano.a(lib_a-findfp.o)
                              /home/mark/SimplicityStudio_v5/developer/toolchains/gnu_arm/10.3_2021.10/bin/../lib/gcc/arm-none-eabi/10.3.1/../../../../arm-none-eabi/lib/thumb/v8-m.main+fp/hard/libc_nano.a(lib_a-vprintf.o) (__sinit)
[...]
Memory Configuration

Name             Origin             Length             Attributes
FLASH            0x0000000008000000 0x000000000017e000 xr
RAM              0x0000000020000000 0x0000000000040000 xrw
*default*        0x0000000000000000 0xffffffffffffffff

Linker script and memory map

LOAD /home/mark/SimplicityStudio_v5/developer/toolchains/gnu_arm/10.3_2021.10/bin/../lib/gcc/arm-none-eabi/10.3.1/thumb/v8-m.main+fp/hard/crti.o
LOAD /home/mark/SimplicityStudio_v5/developer/toolchains/gnu_arm/10.3_2021.10/bin/../lib/gcc/arm-none-eabi/10.3.1/thumb/v8-m.main+fp/hard/crtbegin.o
LOAD /home/mark/SimplicityStudio_v5/developer/toolchains/gnu_arm/10.3_2021.10/bin/../lib/gcc/arm-none-eabi/10.3.1/../../../../arm-none-eabi/lib/thumb/v8-m.main+fp/hard/crt0.o
START GROUP
LOAD ./app.o
LOAD ./main.o
LOAD ./autogen/sl_board_default_init.o
LOAD ./autogen/sl_device_init_clocks.o
LOAD ./autogen/sl_event_handler.o
LOAD ./autogen/sl_iostream_handles.o
LOAD ./autogen/sl_iostream_init_usart_instances.o
LOAD ./autogen/sl_simple_led_instances.o
LOAD ./gecko_sdk_4.3.2/hardware/board/src/sl_board_control_gpio.o
LOAD ./gecko_sdk_4.3.2/hardware/board/src/sl_board_init.o
LOAD ./gecko_sdk_4.3.2/hardware/driver/configuration_over_swo/src/sl_cos.o
LOAD ./gecko_sdk_4.3.2/platform/CMSIS/RTOS2/Source/os_systick.o
LOAD ./gecko_sdk_4.3.2/platform/Device/SiliconLabs/MGM24/Source/startup_mgm24.o
LOAD ./gecko_sdk_4.3.2/platform/Device/SiliconLabs/MGM24/Source/system_mgm24.o
LOAD ./gecko_sdk_4.3.2/platform/common/src/sl_assert.o
LOAD ./gecko_sdk_4.3.2/platform/common/src/sl_string.o
LOAD ./gecko_sdk_4.3.2/platform/common/src/sli_cmsis_os2_ext_task_register.o
LOAD ./gecko_sdk_4.3.2/platform/common/toolchain/src/sl_memory.o
LOAD ./gecko_sdk_4.3.2/platform/driver/debug/src/sl_debug_swo.o
LOAD ./gecko_sdk_4.3.2/platform/driver/leddrv/src/sl_led.o
LOAD ./gecko_sdk_4.3.2/platform/driver/leddrv/src/sl_simple_led.o
LOAD ./gecko_sdk_4.3.2/platform/emdrv/dmadrv/src/dmadrv.o
LOAD ./gecko_sdk_4.3.2/platform/emdrv/gpiointerrupt/src/gpiointerrupt.o
LOAD ./gecko_sdk_4.3.2/platform/emdrv/uartdrv/src/uartdrv.o
LOAD ./gecko_sdk_4.3.2/platform/emlib/src/em_burtc.o
LOAD ./gecko_sdk_4.3.2/platform/emlib/src/em_cmu.o
LOAD ./gecko_sdk_4.3.2/platform/emlib/src/em_core.o
LOAD ./gecko_sdk_4.3.2/platform/emlib/src/em_emu.o
LOAD ./gecko_sdk_4.3.2/platform/emlib/src/em_eusart.o
LOAD ./gecko_sdk_4.3.2/platform/emlib/src/em_gpio.o
LOAD ./gecko_sdk_4.3.2/platform/emlib/src/em_ldma.o
LOAD ./gecko_sdk_4.3.2/platform/emlib/src/em_msc.o
LOAD ./gecko_sdk_4.3.2/platform/emlib/src/em_prs.o
LOAD ./gecko_sdk_4.3.2/platform/emlib/src/em_system.o
LOAD ./gecko_sdk_4.3.2/platform/emlib/src/em_timer.o
LOAD ./gecko_sdk_4.3.2/platform/emlib/src/em_usart.o
LOAD ./gecko_sdk_4.3.2/platform/peripheral/src/peripheral_sysrtc.o
LOAD ./gecko_sdk_4.3.2/platform/service/device_init/src/sl_device_init_dcdc_s2.o
LOAD ./gecko_sdk_4.3.2/platform/service/device_init/src/sl_device_init_emu_s2.o
LOAD ./gecko_sdk_4.3.2/platform/service/device_init/src/sl_device_init_hfxo_mgm24.o
LOAD ./gecko_sdk_4.3.2/platform/service/device_init/src/sl_device_init_nvic.o
LOAD ./gecko_sdk_4.3.2/platform/service/iostream/src/sl_iostream.o
LOAD ./gecko_sdk_4.3.2/platform/service/iostream/src/sl_iostream_uart.o
LOAD ./gecko_sdk_4.3.2/platform/service/iostream/src/sl_iostream_usart.o
LOAD ./gecko_sdk_4.3.2/platform/service/sleeptimer/src/sl_sleeptimer.o
LOAD ./gecko_sdk_4.3.2/platform/service/sleeptimer/src/sl_sleeptimer_hal_burtc.o
LOAD ./gecko_sdk_4.3.2/platform/service/sleeptimer/src/sl_sleeptimer_hal_sysrtc.o
LOAD ./gecko_sdk_4.3.2/platform/service/sleeptimer/src/sl_sleeptimer_hal_timer.o
LOAD ./gecko_sdk_4.3.2/platform/service/system/src/sl_system_init.o
LOAD ./gecko_sdk_4.3.2/platform/service/system/src/sl_system_kernel.o
LOAD ./gecko_sdk_4.3.2/util/third_party/freertos/cmsis/Source/cmsis_os2.o
LOAD ./gecko_sdk_4.3.2/util/third_party/freertos/kernel/croutine.o
LOAD ./gecko_sdk_4.3.2/util/third_party/freertos/kernel/event_groups.o
LOAD ./gecko_sdk_4.3.2/util/third_party/freertos/kernel/list.o
LOAD ./gecko_sdk_4.3.2/util/third_party/freertos/kernel/queue.o
LOAD ./gecko_sdk_4.3.2/util/third_party/freertos/kernel/stream_buffer.o
LOAD ./gecko_sdk_4.3.2/util/third_party/freertos/kernel/tasks.o
LOAD ./gecko_sdk_4.3.2/util/third_party/freertos/kernel/timers.o
LOAD ./gecko_sdk_4.3.2/util/third_party/freertos/kernel/portable/GCC/ARM_CM33_NTZ/non_secure/port.o
LOAD ./gecko_sdk_4.3.2/util/third_party/freertos/kernel/portable/GCC/ARM_CM33_NTZ/non_secure/portasm.o
LOAD ./gecko_sdk_4.3.2/util/third_party/freertos/kernel/portable/MemMang/heap_4.o
LOAD /home/mark/SimplicityStudio/SDKs/gecko_sdk//util/third_party/cmsis_dsp/libs/GCC/cortex-m33/libCMSISDSPBasicMath.a
LOAD /home/mark/SimplicityStudio/SDKs/gecko_sdk//util/third_party/cmsis_dsp/libs/GCC/cortex-m33/libCMSISDSPBayes.a
LOAD /home/mark/SimplicityStudio/SDKs/gecko_sdk//util/third_party/cmsis_dsp/libs/GCC/cortex-m33/libCMSISDSPCommon.a
LOAD /home/mark/SimplicityStudio/SDKs/gecko_sdk//util/third_party/cmsis_dsp/libs/GCC/cortex-m33/libCMSISDSPComplexMath.a
LOAD /home/mark/SimplicityStudio/SDKs/gecko_sdk//util/third_party/cmsis_dsp/libs/GCC/cortex-m33/libCMSISDSPController.a
LOAD /home/mark/SimplicityStudio/SDKs/gecko_sdk//util/third_party/cmsis_dsp/libs/GCC/cortex-m33/libCMSISDSPDistance.a
LOAD /home/mark/SimplicityStudio/SDKs/gecko_sdk//util/third_party/cmsis_dsp/libs/GCC/cortex-m33/libCMSISDSPFastMath.a
LOAD /home/mark/SimplicityStudio/SDKs/gecko_sdk//util/third_party/cmsis_dsp/libs/GCC/cortex-m33/libCMSISDSPFiltering.a
LOAD /home/mark/SimplicityStudio/SDKs/gecko_sdk//util/third_party/cmsis_dsp/libs/GCC/cortex-m33/libCMSISDSPInterpolation.a
LOAD /home/mark/SimplicityStudio/SDKs/gecko_sdk//util/third_party/cmsis_dsp/libs/GCC/cortex-m33/libCMSISDSPMatrix.a
LOAD /home/mark/SimplicityStudio/SDKs/gecko_sdk//util/third_party/cmsis_dsp/libs/GCC/cortex-m33/libCMSISDSPQuaternionMath.a
LOAD /home/mark/SimplicityStudio/SDKs/gecko_sdk//util/third_party/cmsis_dsp/libs/GCC/cortex-m33/libCMSISDSPStatistics.a
LOAD /home/mark/SimplicityStudio/SDKs/gecko_sdk//util/third_party/cmsis_dsp/libs/GCC/cortex-m33/libCMSISDSPSupport.a
LOAD /home/mark/SimplicityStudio/SDKs/gecko_sdk//util/third_party/cmsis_dsp/libs/GCC/cortex-m33/libCMSISDSPSVM.a
LOAD /home/mark/SimplicityStudio/SDKs/gecko_sdk//util/third_party/cmsis_dsp/libs/GCC/cortex-m33/libCMSISDSPTransform.a
LOAD /home/mark/SimplicityStudio_v5/developer/toolchains/gnu_arm/10.3_2021.10/bin/../lib/gcc/arm-none-eabi/10.3.1/thumb/v8-m.main+fp/hard/libgcc.a
LOAD /home/mark/SimplicityStudio_v5/developer/toolchains/gnu_arm/10.3_2021.10/bin/../lib/gcc/arm-none-eabi/10.3.1/../../../../arm-none-eabi/lib/thumb/v8-m.main+fp/hard/libc_nano.a
LOAD /home/mark/SimplicityStudio_v5/developer/toolchains/gnu_arm/10.3_2021.10/bin/../lib/gcc/arm-none-eabi/10.3.1/../../../../arm-none-eabi/lib/thumb/v8-m.main+fp/hard/libm.a
LOAD /home/mark/SimplicityStudio_v5/developer/toolchains/gnu_arm/10.3_2021.10/bin/../lib/gcc/arm-none-eabi/10.3.1/../../../../arm-none-eabi/lib/thumb/v8-m.main+fp/hard/libnosys.a
END GROUP
START GROUP
LOAD /home/mark/SimplicityStudio_v5/developer/toolchains/gnu_arm/10.3_2021.10/bin/../lib/gcc/arm-none-eabi/10.3.1/thumb/v8-m.main+fp/hard/libgcc.a
LOAD /home/mark/SimplicityStudio_v5/developer/toolchains/gnu_arm/10.3_2021.10/bin/../lib/gcc/arm-none-eabi/10.3.1/../../../../arm-none-eabi/lib/thumb/v8-m.main+fp/hard/libc_nano.a
LOAD /home/mark/SimplicityStudio_v5/developer/toolchains/gnu_arm/10.3_2021.10/bin/../lib/gcc/arm-none-eabi/10.3.1/../../../../arm-none-eabi/lib/thumb/v8-m.main+fp/hard/libnosys.a
END GROUP
START GROUP
LOAD /home/mark/SimplicityStudio_v5/developer/toolchains/gnu_arm/10.3_2021.10/bin/../lib/gcc/arm-none-eabi/10.3.1/thumb/v8-m.main+fp/hard/libgcc.a
LOAD /home/mark/SimplicityStudio_v5/developer/toolchains/gnu_arm/10.3_2021.10/bin/../lib/gcc/arm-none-eabi/10.3.1/../../../../arm-none-eabi/lib/thumb/v8-m.main+fp/hard/libg_nano.a
LOAD /home/mark/SimplicityStudio_v5/developer/toolchains/gnu_arm/10.3_2021.10/bin/../lib/gcc/arm-none-eabi/10.3.1/../../../../arm-none-eabi/lib/thumb/v8-m.main+fp/hard/libc_nano.a
END GROUP
START GROUP
LOAD /home/mark/SimplicityStudio_v5/developer/toolchains/gnu_arm/10.3_2021.10/bin/../lib/gcc/arm-none-eabi/10.3.1/thumb/v8-m.main+fp/hard/libgcc.a
LOAD /home/mark/SimplicityStudio_v5/developer/toolchains/gnu_arm/10.3_2021.10/bin/../lib/gcc/arm-none-eabi/10.3.1/../../../../arm-none-eabi/lib/thumb/v8-m.main+fp/hard/libc_nano.a
END GROUP
LOAD /home/mark/SimplicityStudio_v5/developer/toolchains/gnu_arm/10.3_2021.10/bin/../lib/gcc/arm-none-eabi/10.3.1/thumb/v8-m.main+fp/hard/crtend.o
LOAD /home/mark/SimplicityStudio_v5/developer/toolchains/gnu_arm/10.3_2021.10/bin/../lib/gcc/arm-none-eabi/10.3.1/thumb/v8-m.main+fp/hard/crtn.o

.text           0x0000000008000000     0x742c
                0x0000000008000000                linker_vectors_begin = .
 *(.vectors)
 .vectors       0x0000000008000000      0x170 ./gecko_sdk_4.3.2/platform/Device/SiliconLabs/MGM24/Source/startup_mgm24.o
                0x0000000008000000                __Vectors
                0x0000000008000170                linker_vectors_end = .
                0x0000000008000170                __Vectors_End = .
                0x0000000008000170                __Vectors_Size = (__Vectors_End - __Vectors)
                0x0000000008000170                linker_code_begin = .
 *(SORT_BY_ALIGNMENT(.text*))
 .text.vRestoreContextOfFirstTask
                0x0000000008000170       0x34 ./gecko_sdk_4.3.2/util/third_party/freertos/kernel/portable/GCC/ARM_CM33_NTZ/non_secure/portasm.o
                0x0000000008000170                vRestoreContextOfFirstTask
 *fill*         0x00000000080001a4        0xc 
 .text.vStartFirstTask
                0x00000000080001b0       0x24 ./gecko_sdk_4.3.2/util/third_party/freertos/kernel/portable/GCC/ARM_CM33_NTZ/non_secure/portasm.o
                0x00000000080001b0                vStartFirstTask
 *fill*         0x00000000080001d4        0xc 
 .text.PendSV_Handler
                0x00000000080001e0       0x64 ./gecko_sdk_4.3.2/util/third_party/freertos/kernel/portable/GCC/ARM_CM33_NTZ/non_secure/portasm.o
                0x00000000080001e0                PendSV_Handler
 *fill*         0x0000000008000244        0xc 
 .text.SVC_Handler
                0x0000000008000250       0x24 ./gecko_sdk_4.3.2/util/third_party/freertos/kernel/portable/GCC/ARM_CM33_NTZ/non_secure/portasm.o
                0x0000000008000250                SVC_Handler
 .text          0x0000000008000274       0x40 /home/mark/SimplicityStudio_v5/developer/toolchains/gnu_arm/10.3_2021.10/bin/../lib/gcc/arm-none-eabi/10.3.1/thumb/v8-m.main+fp/hard/crtbegin.o
 .text          0x00000000080002b4       0x7c /home/mark/SimplicityStudio_v5/developer/toolchains/gnu_arm/10.3_2021.10/bin/../lib/gcc/arm-none-eabi/10.3.1/../../../../arm-none-eabi/lib/thumb/v8-m.main+fp/hard/crt0.o
                0x00000000080002b4                _stack_init
                0x00000000080002bc                _mainCRTStartup
                0x00000000080002bc                _start
 .text.MainTask
                0x0000000008000330       0x94 ./app.o
 .text.RTOS_init
                0x00000000080003c4       0x78 ./app.o
                0x00000000080003c4                RTOS_init
 .text.PrintStartupBanner
                0x000000000800043c       0xfc ./app.o
                0x000000000800043c                PrintStartupBanner
 .text.sl_device_init_clocks
                0x0000000008000538       0xac ./autogen/sl_device_init_clocks.o
                0x0000000008000538                sl_device_init_clocks
 .text.sl_platform_init
                0x00000000080005e4       0x6c ./autogen/sl_event_handler.o
                0x00000000080005e4                sl_platform_init
 .text.sl_iostream_usart_init_vcom
                0x0000000008000650       0xa4 ./autogen/sl_iostream_init_usart_instances.o
                0x0000000008000650                sl_iostream_usart_init_vcom
 .text.sl_iostream_usart_init_instances
                0x00000000080006f4       0x1c ./autogen/sl_iostream_init_usart_instances.o
                0x00000000080006f4                sl_iostream_usart_init_instances
 .text.USART0_RX_IRQHandler
                0x0000000008000710        0xc ./autogen/sl_iostream_init_usart_instances.o
                0x0000000008000710                USART0_RX_IRQHandler
 .text.sl_simple_led_init_instances
                0x000000000800071c        0xc ./autogen/sl_simple_led_instances.o
                0x000000000800071c                sl_simple_led_init_instances
 .text.Reset_Handler
                0x0000000008000728       0x60 ./gecko_sdk_4.3.2/platform/Device/SiliconLabs/MGM24/Source/startup_mgm24.o
                0x0000000008000728                Reset_Handler
 .text.SystemInit
                0x0000000008000788       0x68 ./gecko_sdk_4.3.2/platform/Device/SiliconLabs/MGM24/Source/system_mgm24.o
                0x0000000008000788                SystemInit
 .text.SystemHFRCODPLLClockGet
                0x00000000080007f0        0xc ./gecko_sdk_4.3.2/platform/Device/SiliconLabs/MGM24/Source/system_mgm24.o
                0x00000000080007f0                SystemHFRCODPLLClockGet
 .text.SystemSYSCLKGet
                0x00000000080007fc       0x34 ./gecko_sdk_4.3.2/platform/Device/SiliconLabs/MGM24/Source/system_mgm24.o
                0x00000000080007fc                SystemSYSCLKGet
 .text.SystemHCLKGet
                0x0000000008000830       0x24 ./gecko_sdk_4.3.2/platform/Device/SiliconLabs/MGM24/Source/system_mgm24.o
                0x0000000008000830                SystemHCLKGet
 .text.SystemMaxCoreClockGet
                0x0000000008000854        0x8 ./gecko_sdk_4.3.2/platform/Device/SiliconLabs/MGM24/Source/system_mgm24.o
                0x0000000008000854                SystemMaxCoreClockGet
 .text.SystemHFXOClockGet
                0x000000000800085c        0xc ./gecko_sdk_4.3.2/platform/Device/SiliconLabs/MGM24/Source/system_mgm24.o
                0x000000000800085c                SystemHFXOClockGet
 .text.SystemHFXOClockSet
                0x0000000008000868       0x20 ./gecko_sdk_4.3.2/platform/Device/SiliconLabs/MGM24/Source/system_mgm24.o
                0x0000000008000868                SystemHFXOClockSet
 .text.SystemFSRCOClockGet
                0x0000000008000888        0x8 ./gecko_sdk_4.3.2/platform/Device/SiliconLabs/MGM24/Source/system_mgm24.o
                0x0000000008000888                SystemFSRCOClockGet
 .text.SystemHFRCOEM23ClockGet
                0x0000000008000890       0x84 ./gecko_sdk_4.3.2/platform/Device/SiliconLabs/MGM24/Source/system_mgm24.o
                0x0000000008000890                SystemHFRCOEM23ClockGet
 .text.SystemLFXOClockGet
                0x0000000008000914        0xc ./gecko_sdk_4.3.2/platform/Device/SiliconLabs/MGM24/Source/system_mgm24.o
                0x0000000008000914                SystemLFXOClockGet
 .text._sbrk    0x0000000008000920       0x20 ./gecko_sdk_4.3.2/platform/common/toolchain/src/sl_memory.o
                0x0000000008000920                _sbrk
 .text.sl_debug_swo_init
                0x0000000008000940      0x108 ./gecko_sdk_4.3.2/platform/driver/debug/src/sl_debug_swo.o
                0x0000000008000940                sl_debug_swo_init
 .text.sl_debug_swo_write_u8
                0x0000000008000a48       0x44 ./gecko_sdk_4.3.2/platform/driver/debug/src/sl_debug_swo.o
                0x0000000008000a48                sl_debug_swo_write_u8
 .text.GPIO_PinOutClear
                0x0000000008000a8c       0x4c ./gecko_sdk_4.3.2/platform/driver/leddrv/src/sl_simple_led.o
 .text.GPIO_PinOutSet
                0x0000000008000ad8       0x4c ./gecko_sdk_4.3.2/platform/driver/leddrv/src/sl_simple_led.o
 .text.sl_simple_led_toggle
                0x0000000008000b24       0x4c ./gecko_sdk_4.3.2/platform/driver/leddrv/src/sl_simple_led.o
                0x0000000008000b24                sl_simple_led_toggle
 .text.sl_simple_led_get_state
                0x0000000008000b70       0x5c ./gecko_sdk_4.3.2/platform/driver/leddrv/src/sl_simple_led.o
                0x0000000008000b70                sl_simple_led_get_state
 .text.StartTransfer
                0x0000000008000bcc      0x17c ./gecko_sdk_4.3.2/platform/emdrv/dmadrv/src/dmadrv.o
 .text.DMADRV_AllocateChannel
                0x0000000008000d48       0x60 ./gecko_sdk_4.3.2/platform/emdrv/dmadrv/src/dmadrv.o
                0x0000000008000d48                DMADRV_AllocateChannel
 .text.DMADRV_DeInit
                0x0000000008000da8       0x44 ./gecko_sdk_4.3.2/platform/emdrv/dmadrv/src/dmadrv.o
                0x0000000008000da8                DMADRV_DeInit
 .text.DMADRV_FreeChannel
                0x0000000008000dec       0x4c ./gecko_sdk_4.3.2/platform/emdrv/dmadrv/src/dmadrv.o
                0x0000000008000dec                DMADRV_FreeChannel
 .text.DMADRV_Init
                0x0000000008000e38       0x68 ./gecko_sdk_4.3.2/platform/emdrv/dmadrv/src/dmadrv.o
                0x0000000008000e38                DMADRV_Init
 .text.DMADRV_PauseTransfer
                0x0000000008000ea0       0x40 ./gecko_sdk_4.3.2/platform/emdrv/dmadrv/src/dmadrv.o
                0x0000000008000ea0                DMADRV_PauseTransfer
 .text.DMADRV_ResumeTransfer
                0x0000000008000ee0       0x40 ./gecko_sdk_4.3.2/platform/emdrv/dmadrv/src/dmadrv.o
                0x0000000008000ee0                DMADRV_ResumeTransfer
 .text.DMADRV_StopTransfer
                0x0000000008000f20       0x40 ./gecko_sdk_4.3.2/platform/emdrv/dmadrv/src/dmadrv.o
                0x0000000008000f20                DMADRV_StopTransfer
 .text.DMADRV_TransferCompletePending
                0x0000000008000f60       0x50 ./gecko_sdk_4.3.2/platform/emdrv/dmadrv/src/dmadrv.o
                0x0000000008000f60                DMADRV_TransferCompletePending
 .text.DMADRV_TransferDone
                0x0000000008000fb0       0x44 ./gecko_sdk_4.3.2/platform/emdrv/dmadrv/src/dmadrv.o
                0x0000000008000fb0                DMADRV_TransferDone
 .text.LDMA_IRQHandler
                0x0000000008000ff4       0x94 ./gecko_sdk_4.3.2/platform/emdrv/dmadrv/src/dmadrv.o
                0x0000000008000ff4                LDMA_IRQHandler
 .text.GPIOINT_IRQDispatcher
                0x0000000008001088       0x38 ./gecko_sdk_4.3.2/platform/emdrv/gpiointerrupt/src/gpiointerrupt.o
 .text.GPIOINT_Init
                0x00000000080010c0       0x30 ./gecko_sdk_4.3.2/platform/emdrv/gpiointerrupt/src/gpiointerrupt.o
                0x00000000080010c0                GPIOINT_Init
 .text.GPIO_EVEN_IRQHandler
                0x00000000080010f0       0x24 ./gecko_sdk_4.3.2/platform/emdrv/gpiointerrupt/src/gpiointerrupt.o
                0x00000000080010f0                GPIO_EVEN_IRQHandler
 .text.GPIO_ODD_IRQHandler
                0x0000000008001114       0x24 ./gecko_sdk_4.3.2/platform/emdrv/gpiointerrupt/src/gpiointerrupt.o
                0x0000000008001114                GPIO_ODD_IRQHandler
 .text.EMU_VScaleGet
                0x0000000008001138       0x18 ./gecko_sdk_4.3.2/platform/emlib/src/em_cmu.o
 .text.traceClkGet
                0x0000000008001150       0x54 ./gecko_sdk_4.3.2/platform/emlib/src/em_cmu.o
 .text.em01GrpaClkGet
                0x00000000080011a4       0x74 ./gecko_sdk_4.3.2/platform/emlib/src/em_cmu.o
 .text.em01GrpcClkGet
                0x0000000008001218       0x70 ./gecko_sdk_4.3.2/platform/emlib/src/em_cmu.o
 .text.iadcClkGet
                0x0000000008001288       0x60 ./gecko_sdk_4.3.2/platform/emlib/src/em_cmu.o
 .text.eusart0ClkGet
                0x00000000080012e8       0x74 ./gecko_sdk_4.3.2/platform/emlib/src/em_cmu.o
 .text.em23GrpaClkGet
                0x000000000800135c       0x48 ./gecko_sdk_4.3.2/platform/emlib/src/em_cmu.o
 .text.vdac0ClkGet
                0x00000000080013a4       0x70 ./gecko_sdk_4.3.2/platform/emlib/src/em_cmu.o
 .text.vdac1ClkGet
                0x0000000008001414       0x70 ./gecko_sdk_4.3.2/platform/emlib/src/em_cmu.o
 .text.pcnt0ClkGet
                0x0000000008001484       0x4c ./gecko_sdk_4.3.2/platform/emlib/src/em_cmu.o
 .text.wdog0ClkGet
                0x00000000080014d0       0x64 ./gecko_sdk_4.3.2/platform/emlib/src/em_cmu.o
 .text.wdog1ClkGet
                0x0000000008001534       0x64 ./gecko_sdk_4.3.2/platform/emlib/src/em_cmu.o
 .text.sysrtcClkGet
                0x0000000008001598       0x48 ./gecko_sdk_4.3.2/platform/emlib/src/em_cmu.o
 .text.em4GrpaClkGet
                0x00000000080015e0       0x48 ./gecko_sdk_4.3.2/platform/emlib/src/em_cmu.o
 .text.CMU_ClockDivGet
                0x0000000008001628       0x78 ./gecko_sdk_4.3.2/platform/emlib/src/em_cmu.o
                0x0000000008001628                CMU_ClockDivGet
 .text.flashWaitStateControl
                0x00000000080016a0       0x58 ./gecko_sdk_4.3.2/platform/emlib/src/em_cmu.o
 .text.CMU_ClockEnable
                0x00000000080016f8       0x58 ./gecko_sdk_4.3.2/platform/emlib/src/em_cmu.o
                0x00000000080016f8                CMU_ClockEnable
 .text.CMU_ClockFreqGet
                0x0000000008001750      0x1e8 ./gecko_sdk_4.3.2/platform/emlib/src/em_cmu.o
                0x0000000008001750                CMU_ClockFreqGet
 .text.rhclkPrescOptimize
                0x0000000008001938       0x20 ./gecko_sdk_4.3.2/platform/emlib/src/em_cmu.o
 .text.CMU_ClockSelectGet
                0x0000000008001958      0x22c ./gecko_sdk_4.3.2/platform/emlib/src/em_cmu.o
                0x0000000008001958                CMU_ClockSelectGet
 .text.sli_em_cmu_HFXOSetForceEnable
                0x0000000008001b84       0x1c ./gecko_sdk_4.3.2/platform/emlib/src/em_cmu.o
                0x0000000008001b84                sli_em_cmu_HFXOSetForceEnable
 .text.CMU_HFXOInit
                0x0000000008001ba0      0x22c ./gecko_sdk_4.3.2/platform/emlib/src/em_cmu.o
                0x0000000008001ba0                CMU_HFXOInit
 .text.CMU_HFXOCTuneDeltaGet
                0x0000000008001dcc        0xc ./gecko_sdk_4.3.2/platform/emlib/src/em_cmu.o
                0x0000000008001dcc                CMU_HFXOCTuneDeltaGet
 .text.CMU_HFXOPrecisionSet
                0x0000000008001dd8        0xc ./gecko_sdk_4.3.2/platform/emlib/src/em_cmu.o
                0x0000000008001dd8                CMU_HFXOPrecisionSet
 .text.CMU_ClockDivSet
                0x0000000008001de4      0x12c ./gecko_sdk_4.3.2/platform/emlib/src/em_cmu.o
                0x0000000008001de4                CMU_ClockDivSet
 .text.sli_em_cmu_SYSCLKInitPreClockSelect
                0x0000000008001f10       0x20 ./gecko_sdk_4.3.2/platform/emlib/src/em_cmu.o
                0x0000000008001f10                sli_em_cmu_SYSCLKInitPreClockSelect
 .text.pclkDivOptimize
                0x0000000008001f30       0x24 ./gecko_sdk_4.3.2/platform/emlib/src/em_cmu.o
 .text.CORE_NvicIRQDisabled
                0x0000000008001f54       0x34 ./gecko_sdk_4.3.2/platform/emlib/src/em_core.o
                0x0000000008001f54                CORE_NvicIRQDisabled
 .text.EMU_DCDCSync
                0x0000000008001f88       0x10 ./gecko_sdk_4.3.2/platform/emlib/src/em_emu.o
 .text.EMU_EM4Init
                0x0000000008001f98       0x14 ./gecko_sdk_4.3.2/platform/emlib/src/em_emu.o
                0x0000000008001f98                EMU_EM4Init
 .text.EMU_VScaleEM01
                0x0000000008001fac       0xb0 ./gecko_sdk_4.3.2/platform/emlib/src/em_emu.o
                0x0000000008001fac                EMU_VScaleEM01
 .text.EMU_VScaleEM01ByClock
                0x000000000800205c       0x30 ./gecko_sdk_4.3.2/platform/emlib/src/em_emu.o
                0x000000000800205c                EMU_VScaleEM01ByClock
 .text.EMU_DCDCModeSet
                0x000000000800208c       0xac ./gecko_sdk_4.3.2/platform/emlib/src/em_emu.o
                0x000000000800208c                EMU_DCDCModeSet
 .text.EMU_DCDCInit
                0x0000000008002138       0x70 ./gecko_sdk_4.3.2/platform/emlib/src/em_emu.o
                0x0000000008002138                EMU_DCDCInit
 .text.EMU_DCDCSetPFMXModePeakCurrent
                0x00000000080021a8       0x70 ./gecko_sdk_4.3.2/platform/emlib/src/em_emu.o
                0x00000000080021a8                EMU_DCDCSetPFMXModePeakCurrent
 .text.GPIO_PinOutSet
                0x0000000008002218       0x4c ./gecko_sdk_4.3.2/platform/emlib/src/em_gpio.o
 .text.GPIO_PinOutClear
                0x0000000008002264       0x4c ./gecko_sdk_4.3.2/platform/emlib/src/em_gpio.o
 .text.GPIO_PinModeSet
                0x00000000080022b0       0xa4 ./gecko_sdk_4.3.2/platform/emlib/src/em_gpio.o
                0x00000000080022b0                GPIO_PinModeSet
 .text.LDMA_DeInit
                0x0000000008002354       0x3c ./gecko_sdk_4.3.2/platform/emlib/src/em_ldma.o
                0x0000000008002354                LDMA_DeInit
 .text.LDMA_EnableChannelRequest
                0x0000000008002390       0x44 ./gecko_sdk_4.3.2/platform/emlib/src/em_ldma.o
                0x0000000008002390                LDMA_EnableChannelRequest
 .text.LDMA_Init
                0x00000000080023d4       0x94 ./gecko_sdk_4.3.2/platform/emlib/src/em_ldma.o
                0x00000000080023d4                LDMA_Init
 .text.LDMA_StartTransfer
                0x0000000008002468      0x104 ./gecko_sdk_4.3.2/platform/emlib/src/em_ldma.o
                0x0000000008002468                LDMA_StartTransfer
 .text.LDMA_StopTransfer
                0x000000000800256c       0x38 ./gecko_sdk_4.3.2/platform/emlib/src/em_ldma.o
                0x000000000800256c                LDMA_StopTransfer
 .text.LDMA_TransferDone
                0x00000000080025a4       0x44 ./gecko_sdk_4.3.2/platform/emlib/src/em_ldma.o
                0x00000000080025a4                LDMA_TransferDone
 .text.SYSTEM_ChipRevisionGet
                0x00000000080025e8       0x24 ./gecko_sdk_4.3.2/platform/emlib/src/em_system.o
                0x00000000080025e8                SYSTEM_ChipRevisionGet
 .text.USART_BaudrateAsyncSet
                0x000000000800260c       0xe0 ./gecko_sdk_4.3.2/platform/emlib/src/em_usart.o
                0x000000000800260c                USART_BaudrateAsyncSet
 .text.USART_Enable
                0x00000000080026ec       0x3c ./gecko_sdk_4.3.2/platform/emlib/src/em_usart.o
                0x00000000080026ec                USART_Enable
 .text.USART_Reset
                0x0000000008002728       0x58 ./gecko_sdk_4.3.2/platform/emlib/src/em_usart.o
                0x0000000008002728                USART_Reset
 .text.USART_InitAsync
                0x0000000008002780       0xd4 ./gecko_sdk_4.3.2/platform/emlib/src/em_usart.o
                0x0000000008002780                USART_InitAsync
 .text.sl_sysrtc_wait_ready
                0x0000000008002854       0x1c ./gecko_sdk_4.3.2/platform/peripheral/src/peripheral_sysrtc.o
 .text.sl_sysrtc_enable
                0x0000000008002870       0x18 ./gecko_sdk_4.3.2/platform/peripheral/src/peripheral_sysrtc.o
                0x0000000008002870                sl_sysrtc_enable
 .text.sl_sysrtc_disable
                0x0000000008002888       0x28 ./gecko_sdk_4.3.2/platform/peripheral/src/peripheral_sysrtc.o
                0x0000000008002888                sl_sysrtc_disable
 .text.sl_sysrtc_init
                0x00000000080028b0       0x20 ./gecko_sdk_4.3.2/platform/peripheral/src/peripheral_sysrtc.o
                0x00000000080028b0                sl_sysrtc_init
 .text.sl_sysrtc_init_group
                0x00000000080028d0       0x50 ./gecko_sdk_4.3.2/platform/peripheral/src/peripheral_sysrtc.o
                0x00000000080028d0                sl_sysrtc_init_group
 .text.sl_sysrtc_enable_group_interrupts
                0x0000000008002920       0x1c ./gecko_sdk_4.3.2/platform/peripheral/src/peripheral_sysrtc.o
                0x0000000008002920                sl_sysrtc_enable_group_interrupts
 .text.sl_sysrtc_disable_group_interrupts
                0x000000000800293c       0x1c ./gecko_sdk_4.3.2/platform/peripheral/src/peripheral_sysrtc.o
                0x000000000800293c                sl_sysrtc_disable_group_interrupts
 .text.sl_sysrtc_clear_group_interrupts
                0x0000000008002958       0x1c ./gecko_sdk_4.3.2/platform/peripheral/src/peripheral_sysrtc.o
                0x0000000008002958                sl_sysrtc_clear_group_interrupts
 .text.sl_sysrtc_get_group_interrupts
                0x0000000008002974       0x20 ./gecko_sdk_4.3.2/platform/peripheral/src/peripheral_sysrtc.o
                0x0000000008002974                sl_sysrtc_get_group_interrupts
 .text.sl_sysrtc_get_group_compare_channel_value
                0x0000000008002994       0x30 ./gecko_sdk_4.3.2/platform/peripheral/src/peripheral_sysrtc.o
                0x0000000008002994                sl_sysrtc_get_group_compare_channel_value
 .text.sl_sysrtc_set_group_compare_channel_value
                0x00000000080029c4       0x2c ./gecko_sdk_4.3.2/platform/peripheral/src/peripheral_sysrtc.o
                0x00000000080029c4                sl_sysrtc_set_group_compare_channel_value
 .text.sl_device_init_dcdc
                0x00000000080029f0       0x2c ./gecko_sdk_4.3.2/platform/service/device_init/src/sl_device_init_dcdc_s2.o
                0x00000000080029f0                sl_device_init_dcdc
 .text.sl_device_init_emu
                0x0000000008002a1c       0x24 ./gecko_sdk_4.3.2/platform/service/device_init/src/sl_device_init_emu_s2.o
                0x0000000008002a1c                sl_device_init_emu
 .text.sl_device_init_hfxo
                0x0000000008002a40       0x88 ./gecko_sdk_4.3.2/platform/service/device_init/src/sl_device_init_hfxo_mgm24.o
                0x0000000008002a40                sl_device_init_hfxo
 .text.sl_device_init_nvic
                0x0000000008002ac8       0x3c ./gecko_sdk_4.3.2/platform/service/device_init/src/sl_device_init_nvic.o
                0x0000000008002ac8                sl_device_init_nvic
 .text.sl_iostream_get_default
                0x0000000008002b04       0x58 ./gecko_sdk_4.3.2/platform/service/iostream/src/sl_iostream.o
                0x0000000008002b04                sl_iostream_get_default
 .text.sl_iostream_set_system_default
                0x0000000008002b5c       0x18 ./gecko_sdk_4.3.2/platform/service/iostream/src/sl_iostream.o
                0x0000000008002b5c                sl_iostream_set_system_default
 .text.get_write_ptr
                0x0000000008002b74       0x40 ./gecko_sdk_4.3.2/platform/service/iostream/src/sl_iostream_uart.o
 .text.dma_irq_handler
                0x0000000008002bb4       0x74 ./gecko_sdk_4.3.2/platform/service/iostream/src/sl_iostream_uart.o
 .text.set_read_block
                0x0000000008002c28       0x98 ./gecko_sdk_4.3.2/platform/service/iostream/src/sl_iostream_uart.o
 .text.uart_read
                0x0000000008002cc0      0x27c ./gecko_sdk_4.3.2/platform/service/iostream/src/sl_iostream_uart.o
 .text.uart_deinit
                0x0000000008002f3c      0x108 ./gecko_sdk_4.3.2/platform/service/iostream/src/sl_iostream_uart.o
 .text.uart_write
                0x0000000008003044       0xfc ./gecko_sdk_4.3.2/platform/service/iostream/src/sl_iostream_uart.o
 .text.sli_iostream_uart_context_init
                0x0000000008003140      0x18c ./gecko_sdk_4.3.2/platform/service/iostream/src/sl_iostream_uart.o
                0x0000000008003140                sli_iostream_uart_context_init
 .text.sl_iostream_usart_init
                0x00000000080032cc      0x184 ./gecko_sdk_4.3.2/platform/service/iostream/src/sl_iostream_usart.o
                0x00000000080032cc                sl_iostream_usart_init
 .text.sl_iostream_usart_irq_handler
                0x0000000008003450       0xa0 ./gecko_sdk_4.3.2/platform/service/iostream/src/sl_iostream_usart.o
                0x0000000008003450                sl_iostream_usart_irq_handler
 .text.delta_list_insert_timer
                0x00000000080034f0       0x44 ./gecko_sdk_4.3.2/platform/service/sleeptimer/src/sl_sleeptimer.o
 .text.update_delta_list
                0x0000000008003534       0x38 ./gecko_sdk_4.3.2/platform/service/sleeptimer/src/sl_sleeptimer.o
 .text.set_comparator_for_next_timer
                0x000000000800356c       0x5c ./gecko_sdk_4.3.2/platform/service/sleeptimer/src/sl_sleeptimer.o
 .text.delta_list_remove_timer
                0x00000000080035c8       0x38 ./gecko_sdk_4.3.2/platform/service/sleeptimer/src/sl_sleeptimer.o
 .text.sl_sleeptimer_init
                0x0000000008003600       0x74 ./gecko_sdk_4.3.2/platform/service/sleeptimer/src/sl_sleeptimer.o
                0x0000000008003600                sl_sleeptimer_init
 .text.process_timer_irq
                0x0000000008003674      0x158 ./gecko_sdk_4.3.2/platform/service/sleeptimer/src/sl_sleeptimer.o
                0x0000000008003674                process_timer_irq
 .text.sl_sysrtc_wait_sync
                0x00000000080037cc       0x14 ./gecko_sdk_4.3.2/platform/service/sleeptimer/src/sl_sleeptimer_hal_sysrtc.o
 .text.sleeptimer_hal_init_timer
                0x00000000080037e0       0x64 ./gecko_sdk_4.3.2/platform/service/sleeptimer/src/sl_sleeptimer_hal_sysrtc.o
                0x00000000080037e0                sleeptimer_hal_init_timer
 .text.sleeptimer_hal_get_counter
                0x0000000008003844       0x10 ./gecko_sdk_4.3.2/platform/service/sleeptimer/src/sl_sleeptimer_hal_sysrtc.o
                0x0000000008003844                sleeptimer_hal_get_counter
 .text.sleeptimer_hal_set_compare
                0x0000000008003854       0x70 ./gecko_sdk_4.3.2/platform/service/sleeptimer/src/sl_sleeptimer_hal_sysrtc.o
                0x0000000008003854                sleeptimer_hal_set_compare
 .text.sleeptimer_hal_disable_int
                0x00000000080038c4       0x2c ./gecko_sdk_4.3.2/platform/service/sleeptimer/src/sl_sleeptimer_hal_sysrtc.o
                0x00000000080038c4                sleeptimer_hal_disable_int
 .text.sleeptimer_hal_set_int
                0x00000000080038f0       0x10 ./gecko_sdk_4.3.2/platform/service/sleeptimer/src/sl_sleeptimer_hal_sysrtc.o
                0x00000000080038f0                sleeptimer_hal_set_int
 .text.osKernelInitialize
                0x0000000008003900       0x34 ./gecko_sdk_4.3.2/util/third_party/freertos/cmsis/Source/cmsis_os2.o
                0x0000000008003900                osKernelInitialize
 .text.osKernelGetState
                0x0000000008003934       0x20 ./gecko_sdk_4.3.2/util/third_party/freertos/cmsis/Source/cmsis_os2.o
                0x0000000008003934                osKernelGetState
 .text.osKernelStart
                0x0000000008003954       0x48 ./gecko_sdk_4.3.2/util/third_party/freertos/cmsis/Source/cmsis_os2.o
                0x0000000008003954                osKernelStart
 .text.osDelay  0x000000000800399c       0x30 ./gecko_sdk_4.3.2/util/third_party/freertos/cmsis/Source/cmsis_os2.o
                0x000000000800399c                osDelay
 .text.osMutexNew
                0x00000000080039cc       0x84 ./gecko_sdk_4.3.2/util/third_party/freertos/cmsis/Source/cmsis_os2.o
                0x00000000080039cc                osMutexNew
 .text.osMutexAcquire
                0x0000000008003a50       0x60 ./gecko_sdk_4.3.2/util/third_party/freertos/cmsis/Source/cmsis_os2.o
                0x0000000008003a50                osMutexAcquire
 .text.osMutexRelease
                0x0000000008003ab0       0x54 ./gecko_sdk_4.3.2/util/third_party/freertos/cmsis/Source/cmsis_os2.o
                0x0000000008003ab0                osMutexRelease
 .text.osMutexDelete
                0x0000000008003b04       0x48 ./gecko_sdk_4.3.2/util/third_party/freertos/cmsis/Source/cmsis_os2.o
                0x0000000008003b04                osMutexDelete
 .text.osSemaphoreNew
                0x0000000008003b4c       0xac ./gecko_sdk_4.3.2/util/third_party/freertos/cmsis/Source/cmsis_os2.o
                0x0000000008003b4c                osSemaphoreNew
 .text.osSemaphoreAcquire
                0x0000000008003bf8       0x6c ./gecko_sdk_4.3.2/util/third_party/freertos/cmsis/Source/cmsis_os2.o
                0x0000000008003bf8                osSemaphoreAcquire
 .text.osSemaphoreRelease
                0x0000000008003c64       0x64 ./gecko_sdk_4.3.2/util/third_party/freertos/cmsis/Source/cmsis_os2.o
                0x0000000008003c64                osSemaphoreRelease
 .text.osSemaphoreGetCount
                0x0000000008003cc8       0x30 ./gecko_sdk_4.3.2/util/third_party/freertos/cmsis/Source/cmsis_os2.o
                0x0000000008003cc8                osSemaphoreGetCount
 .text.osSemaphoreDelete
                0x0000000008003cf8       0x44 ./gecko_sdk_4.3.2/util/third_party/freertos/cmsis/Source/cmsis_os2.o
                0x0000000008003cf8                osSemaphoreDelete
 .text.vApplicationStackOverflowHook
                0x0000000008003d3c       0x10 ./gecko_sdk_4.3.2/util/third_party/freertos/cmsis/Source/cmsis_os2.o
                0x0000000008003d3c                vApplicationStackOverflowHook
 .text.vApplicationGetIdleTaskMemory
                0x0000000008003d4c       0x18 ./gecko_sdk_4.3.2/util/third_party/freertos/cmsis/Source/cmsis_os2.o
                0x0000000008003d4c                vApplicationGetIdleTaskMemory
 .text.vApplicationGetTimerTaskMemory
                0x0000000008003d64       0x18 ./gecko_sdk_4.3.2/util/third_party/freertos/cmsis/Source/cmsis_os2.o
                0x0000000008003d64                vApplicationGetTimerTaskMemory
 .text.xQueueGenericReset
                0x0000000008003d7c       0x6c ./gecko_sdk_4.3.2/util/third_party/freertos/kernel/queue.o
                0x0000000008003d7c                xQueueGenericReset
 .text.xQueueGenericCreateStatic
                0x0000000008003de8       0x7c ./gecko_sdk_4.3.2/util/third_party/freertos/kernel/queue.o
                0x0000000008003de8                xQueueGenericCreateStatic
 .text.xQueueGenericCreate
                0x0000000008003e64       0x74 ./gecko_sdk_4.3.2/util/third_party/freertos/kernel/queue.o
                0x0000000008003e64                xQueueGenericCreate
 .text.xQueueCreateCountingSemaphoreStatic
                0x0000000008003ed8       0x40 ./gecko_sdk_4.3.2/util/third_party/freertos/kernel/queue.o
                0x0000000008003ed8                xQueueCreateCountingSemaphoreStatic
 .text.xQueueCreateCountingSemaphore
                0x0000000008003f18       0x34 ./gecko_sdk_4.3.2/util/third_party/freertos/kernel/queue.o
                0x0000000008003f18                xQueueCreateCountingSemaphore
 .text.xQueueGenericSend
                0x0000000008003f4c      0x12c ./gecko_sdk_4.3.2/util/third_party/freertos/kernel/queue.o
                0x0000000008003f4c                xQueueGenericSend
 .text.xQueueGiveMutexRecursive
                0x0000000008004078       0x38 ./gecko_sdk_4.3.2/util/third_party/freertos/kernel/queue.o
                0x0000000008004078                xQueueGiveMutexRecursive
 .text.xQueueGenericSendFromISR
                0x00000000080040b0       0xb4 ./gecko_sdk_4.3.2/util/third_party/freertos/kernel/queue.o
                0x00000000080040b0                xQueueGenericSendFromISR
 .text.xQueueGiveFromISR
                0x0000000008004164       0x94 ./gecko_sdk_4.3.2/util/third_party/freertos/kernel/queue.o
                0x0000000008004164                xQueueGiveFromISR
 .text.xQueueReceive
                0x00000000080041f8      0x104 ./gecko_sdk_4.3.2/util/third_party/freertos/kernel/queue.o
                0x00000000080041f8                xQueueReceive
 .text.xQueueSemaphoreTake
                0x00000000080042fc      0x13c ./gecko_sdk_4.3.2/util/third_party/freertos/kernel/queue.o
                0x00000000080042fc                xQueueSemaphoreTake
 .text.xQueueTakeMutexRecursive
                0x0000000008004438       0x40 ./gecko_sdk_4.3.2/util/third_party/freertos/kernel/queue.o
                0x0000000008004438                xQueueTakeMutexRecursive
 .text.xQueueReceiveFromISR
                0x0000000008004478       0x94 ./gecko_sdk_4.3.2/util/third_party/freertos/kernel/queue.o
                0x0000000008004478                xQueueReceiveFromISR
 .text.uxQueueMessagesWaiting
                0x000000000800450c       0x28 ./gecko_sdk_4.3.2/util/third_party/freertos/kernel/queue.o
                0x000000000800450c                uxQueueMessagesWaiting
 .text.uxQueueMessagesWaitingFromISR
                0x0000000008004534       0x18 ./gecko_sdk_4.3.2/util/third_party/freertos/kernel/queue.o
                0x0000000008004534                uxQueueMessagesWaitingFromISR
 .text.vQueueAddToRegistry
                0x000000000800454c       0x24 ./gecko_sdk_4.3.2/util/third_party/freertos/kernel/queue.o
                0x000000000800454c                vQueueAddToRegistry
 .text.vQueueUnregisterQueue
                0x0000000008004570       0x28 ./gecko_sdk_4.3.2/util/third_party/freertos/kernel/queue.o
                0x0000000008004570                vQueueUnregisterQueue
 .text.vQueueDelete
                0x0000000008004598       0x2c ./gecko_sdk_4.3.2/util/third_party/freertos/kernel/queue.o
                0x0000000008004598                vQueueDelete
 .text.prvAddNewTaskToReadyList
                0x00000000080045c4       0xf4 ./gecko_sdk_4.3.2/util/third_party/freertos/kernel/tasks.o
 .text.prvAddCurrentTaskToDelayedList
                0x00000000080046b8       0x70 ./gecko_sdk_4.3.2/util/third_party/freertos/kernel/tasks.o
 .text.prvResetNextTaskUnblockTime
                0x0000000008004728       0x24 ./gecko_sdk_4.3.2/util/third_party/freertos/kernel/tasks.o
 .text.prvDeleteTCB
                0x000000000800474c       0x38 ./gecko_sdk_4.3.2/util/third_party/freertos/kernel/tasks.o
 .text.prvIdleTask
                0x0000000008004784       0x50 ./gecko_sdk_4.3.2/util/third_party/freertos/kernel/tasks.o
 .text.xTaskCreateStatic
                0x00000000080047d4       0x84 ./gecko_sdk_4.3.2/util/third_party/freertos/kernel/tasks.o
                0x00000000080047d4                xTaskCreateStatic
 .text.vTaskStartScheduler
                0x0000000008004858       0x84 ./gecko_sdk_4.3.2/util/third_party/freertos/kernel/tasks.o
                0x0000000008004858                vTaskStartScheduler
 .text.vTaskSuspendAll
                0x00000000080048dc       0x10 ./gecko_sdk_4.3.2/util/third_party/freertos/kernel/tasks.o
                0x00000000080048dc                vTaskSuspendAll
 .text.xTaskGetTickCount
                0x00000000080048ec        0xc ./gecko_sdk_4.3.2/util/third_party/freertos/kernel/tasks.o
                0x00000000080048ec                xTaskGetTickCount
 .text.xTaskIncrementTick
                0x00000000080048f8      0x128 ./gecko_sdk_4.3.2/util/third_party/freertos/kernel/tasks.o
                0x00000000080048f8                xTaskIncrementTick
 .text.xTaskResumeAll
                0x0000000008004a20       0xd4 ./gecko_sdk_4.3.2/util/third_party/freertos/kernel/tasks.o
                0x0000000008004a20                xTaskResumeAll
 .text.vTaskDelay
                0x0000000008004af4       0x3c ./gecko_sdk_4.3.2/util/third_party/freertos/kernel/tasks.o
                0x0000000008004af4                vTaskDelay
 .text.vTaskSwitchContext
                0x0000000008004b30       0xa8 ./gecko_sdk_4.3.2/util/third_party/freertos/kernel/tasks.o
                0x0000000008004b30                vTaskSwitchContext
 .text.vTaskPlaceOnEventList
                0x0000000008004bd8       0x34 ./gecko_sdk_4.3.2/util/third_party/freertos/kernel/tasks.o
                0x0000000008004bd8                vTaskPlaceOnEventList
 .text.vTaskPlaceOnEventListRestricted
                0x0000000008004c0c       0x40 ./gecko_sdk_4.3.2/util/third_party/freertos/kernel/tasks.o
                0x0000000008004c0c                vTaskPlaceOnEventListRestricted
 .text.xTaskRemoveFromEventList
                0x0000000008004c4c       0x84 ./gecko_sdk_4.3.2/util/third_party/freertos/kernel/tasks.o
                0x0000000008004c4c                xTaskRemoveFromEventList
 .text.vTaskInternalSetTimeOutState
                0x0000000008004cd0       0x18 ./gecko_sdk_4.3.2/util/third_party/freertos/kernel/tasks.o
                0x0000000008004cd0                vTaskInternalSetTimeOutState
 .text.xTaskCheckForTimeOut
                0x0000000008004ce8       0x6c ./gecko_sdk_4.3.2/util/third_party/freertos/kernel/tasks.o
                0x0000000008004ce8                xTaskCheckForTimeOut
 .text.vTaskMissedYield
                0x0000000008004d54        0xc ./gecko_sdk_4.3.2/util/third_party/freertos/kernel/tasks.o
                0x0000000008004d54                vTaskMissedYield
 .text.pvTaskGetThreadLocalStoragePointer
                0x0000000008004d60       0x1c ./gecko_sdk_4.3.2/util/third_party/freertos/kernel/tasks.o
                0x0000000008004d60                pvTaskGetThreadLocalStoragePointer
 .text.xTaskGetCurrentTaskHandle
                0x0000000008004d7c        0xc ./gecko_sdk_4.3.2/util/third_party/freertos/kernel/tasks.o
                0x0000000008004d7c                xTaskGetCurrentTaskHandle
 .text.xTaskGetSchedulerState
                0x0000000008004d88       0x20 ./gecko_sdk_4.3.2/util/third_party/freertos/kernel/tasks.o
                0x0000000008004d88                xTaskGetSchedulerState
 .text.xTaskPriorityInherit
                0x0000000008004da8       0x84 ./gecko_sdk_4.3.2/util/third_party/freertos/kernel/tasks.o
                0x0000000008004da8                xTaskPriorityInherit
 .text.xTaskPriorityDisinherit
                0x0000000008004e2c       0x80 ./gecko_sdk_4.3.2/util/third_party/freertos/kernel/tasks.o
                0x0000000008004e2c                xTaskPriorityDisinherit
 .text.vTaskPriorityDisinheritAfterTimeout
                0x0000000008004eac       0x9c ./gecko_sdk_4.3.2/util/third_party/freertos/kernel/tasks.o
                0x0000000008004eac                vTaskPriorityDisinheritAfterTimeout
 .text.pvTaskIncrementMutexHeldCount
                0x0000000008004f48       0x18 ./gecko_sdk_4.3.2/util/third_party/freertos/kernel/tasks.o
                0x0000000008004f48                pvTaskIncrementMutexHeldCount
 .text.prvCheckForValidListAndQueue
                0x0000000008004f60       0x68 ./gecko_sdk_4.3.2/util/third_party/freertos/kernel/timers.o
 .text.prvInsertTimerInActiveList
                0x0000000008004fc8       0x3c ./gecko_sdk_4.3.2/util/third_party/freertos/kernel/timers.o
 .text.xTimerCreateTimerTask
                0x0000000008005004       0x64 ./gecko_sdk_4.3.2/util/third_party/freertos/kernel/timers.o
                0x0000000008005004                xTimerCreateTimerTask
 .text.xTimerGenericCommand
                0x0000000008005068       0x58 ./gecko_sdk_4.3.2/util/third_party/freertos/kernel/timers.o
                0x0000000008005068                xTimerGenericCommand
 .text.prvSampleTimeNow
                0x00000000080050c0       0xb0 ./gecko_sdk_4.3.2/util/third_party/freertos/kernel/timers.o
 .text.prvTimerTask
                0x0000000008005170      0x1bc ./gecko_sdk_4.3.2/util/third_party/freertos/kernel/timers.o
 .text.prvTaskExitError
                0x000000000800532c       0x30 ./gecko_sdk_4.3.2/util/third_party/freertos/kernel/portable/GCC/ARM_CM33_NTZ/non_secure/port.o
 .text.vPortSetupTimerInterrupt
                0x000000000800535c       0x24 ./gecko_sdk_4.3.2/util/third_party/freertos/kernel/portable/GCC/ARM_CM33_NTZ/non_secure/port.o
                0x000000000800535c                vPortSetupTimerInterrupt
 .text.vPortEnterCritical
                0x0000000008005380       0x1c ./gecko_sdk_4.3.2/util/third_party/freertos/kernel/portable/GCC/ARM_CM33_NTZ/non_secure/port.o
                0x0000000008005380                vPortEnterCritical
 .text.vPortExitCritical
                0x000000000800539c       0x30 ./gecko_sdk_4.3.2/util/third_party/freertos/kernel/portable/GCC/ARM_CM33_NTZ/non_secure/port.o
                0x000000000800539c                vPortExitCritical
 .text.vPortSVCHandler_C
                0x00000000080053cc       0x38 ./gecko_sdk_4.3.2/util/third_party/freertos/kernel/portable/GCC/ARM_CM33_NTZ/non_secure/port.o
                0x00000000080053cc                vPortSVCHandler_C
 .text.pxPortInitialiseStack
                0x0000000008005404       0x70 ./gecko_sdk_4.3.2/util/third_party/freertos/kernel/portable/GCC/ARM_CM33_NTZ/non_secure/port.o
                0x0000000008005404                pxPortInitialiseStack
 .text.xPortStartScheduler
                0x0000000008005474       0x3c ./gecko_sdk_4.3.2/util/third_party/freertos/kernel/portable/GCC/ARM_CM33_NTZ/non_secure/port.o
                0x0000000008005474                xPortStartScheduler
 .text.prvInsertBlockIntoFreeList
                0x00000000080054b0       0x48 ./gecko_sdk_4.3.2/util/third_party/freertos/kernel/portable/MemMang/heap_4.o
 .text.pvPortMalloc
                0x00000000080054f8      0x138 ./gecko_sdk_4.3.2/util/third_party/freertos/kernel/portable/MemMang/heap_4.o
                0x00000000080054f8                pvPortMalloc
 .text.vPortFree
                0x0000000008005630       0x80 ./gecko_sdk_4.3.2/util/third_party/freertos/kernel/portable/MemMang/heap_4.o
                0x0000000008005630                vPortFree
 .text          0x00000000080056b0       0x30 /home/mark/SimplicityStudio_v5/developer/toolchains/gnu_arm/10.3_2021.10/bin/../lib/gcc/arm-none-eabi/10.3.1/thumb/v8-m.main+fp/hard/libgcc.a(_aeabi_uldivmod.o)
                0x00000000080056b0                __aeabi_uldivmod
 .text          0x00000000080056e0      0x2ec /home/mark/SimplicityStudio_v5/developer/toolchains/gnu_arm/10.3_2021.10/bin/../lib/gcc/arm-none-eabi/10.3.1/thumb/v8-m.main+fp/hard/libgcc.a(_udivmoddi4.o)
                0x00000000080056e0                __udivmoddi4
 .text          0x00000000080059cc        0x4 /home/mark/SimplicityStudio_v5/developer/toolchains/gnu_arm/10.3_2021.10/bin/../lib/gcc/arm-none-eabi/10.3.1/thumb/v8-m.main+fp/hard/libgcc.a(_dvmd_tls.o)
                0x00000000080059cc                __aeabi_ldiv0
                0x00000000080059cc                __aeabi_idiv0
 .text.exit     0x00000000080059d0       0x28 /home/mark/SimplicityStudio_v5/developer/toolchains/gnu_arm/10.3_2021.10/bin/../lib/gcc/arm-none-eabi/10.3.1/../../../../arm-none-eabi/lib/thumb/v8-m.main+fp/hard/libc_nano.a(lib_a-exit.o)
                0x00000000080059d0                exit
 .text.__libc_init_array
                0x00000000080059f8       0x48 /home/mark/SimplicityStudio_v5/developer/toolchains/gnu_arm/10.3_2021.10/bin/../lib/gcc/arm-none-eabi/10.3.1/../../../../arm-none-eabi/lib/thumb/v8-m.main+fp/hard/libc_nano.a(lib_a-init.o)
                0x00000000080059f8                __libc_init_array
 .text.sprintf  0x0000000008005a40       0x40 /home/mark/SimplicityStudio_v5/developer/toolchains/gnu_arm/10.3_2021.10/bin/../lib/gcc/arm-none-eabi/10.3.1/../../../../arm-none-eabi/lib/thumb/v8-m.main+fp/hard/libc_nano.a(lib_a-sprintf.o)
                0x0000000008005a40                sprintf
                0x0000000008005a40                siprintf
 .text.sbrk_aligned
                0x0000000008005a80       0x40 /home/mark/SimplicityStudio_v5/developer/toolchains/gnu_arm/10.3_2021.10/bin/../lib/gcc/arm-none-eabi/10.3.1/../../../../arm-none-eabi/lib/thumb/v8-m.main+fp/hard/libc_nano.a(lib_a-nano-mallocr.o)
 .text._malloc_r
                0x0000000008005ac0       0xe8 /home/mark/SimplicityStudio_v5/developer/toolchains/gnu_arm/10.3_2021.10/bin/../lib/gcc/arm-none-eabi/10.3.1/../../../../arm-none-eabi/lib/thumb/v8-m.main+fp/hard/libc_nano.a(lib_a-nano-mallocr.o)
                0x0000000008005ac0                _malloc_r
 .text._svfprintf_r
                0x0000000008005ba8      0x200 /home/mark/SimplicityStudio_v5/developer/toolchains/gnu_arm/10.3_2021.10/bin/../lib/gcc/arm-none-eabi/10.3.1/../../../../arm-none-eabi/lib/thumb/v8-m.main+fp/hard/libc_nano.a(lib_a-nano-svfprintf.o)
                0x0000000008005ba8                _svfprintf_r
                0x0000000008005ba8                _svfiprintf_r
 .text._printf_i
                0x0000000008005da8      0x24c /home/mark/SimplicityStudio_v5/developer/toolchains/gnu_arm/10.3_2021.10/bin/../lib/gcc/arm-none-eabi/10.3.1/../../../../arm-none-eabi/lib/thumb/v8-m.main+fp/hard/libc_nano.a(lib_a-nano-vfprintf_i.o)
                0x0000000008005da8                _printf_i
 .text._sbrk_r  0x0000000008005ff4       0x20 /home/mark/SimplicityStudio_v5/developer/toolchains/gnu_arm/10.3_2021.10/bin/../lib/gcc/arm-none-eabi/10.3.1/../../../../arm-none-eabi/lib/thumb/v8-m.main+fp/hard/libc_nano.a(lib_a-sbrkr.o)
                0x0000000008005ff4                _sbrk_r
 .text.__malloc_lock
                0x0000000008006014        0xc /home/mark/SimplicityStudio_v5/developer/toolchains/gnu_arm/10.3_2021.10/bin/../lib/gcc/arm-none-eabi/10.3.1/../../../../arm-none-eabi/lib/thumb/v8-m.main+fp/hard/libc_nano.a(lib_a-mlock.o)
                0x0000000008006014                __malloc_lock
 .text.__malloc_unlock
                0x0000000008006020        0xc /home/mark/SimplicityStudio_v5/developer/toolchains/gnu_arm/10.3_2021.10/bin/../lib/gcc/arm-none-eabi/10.3.1/../../../../arm-none-eabi/lib/thumb/v8-m.main+fp/hard/libc_nano.a(lib_a-mlock.o)
                0x0000000008006020                __malloc_unlock
 .text._free_r  0x000000000800602c       0x98 /home/mark/SimplicityStudio_v5/developer/toolchains/gnu_arm/10.3_2021.10/bin/../lib/gcc/arm-none-eabi/10.3.1/../../../../arm-none-eabi/lib/thumb/v8-m.main+fp/hard/libc_nano.a(lib_a-nano-freer.o)
                0x000000000800602c                _free_r
 .text._exit    0x00000000080060c4        0x4 /home/mark/SimplicityStudio_v5/developer/toolchains/gnu_arm/10.3_2021.10/bin/../lib/gcc/arm-none-eabi/10.3.1/../../../../arm-none-eabi/lib/thumb/v8-m.main+fp/hard/libnosys.a(_exit.o)
                0x00000000080060c4                _exit
 .text.app_init
                0x00000000080060c8        0xe ./app.o
                0x00000000080060c8                app_init
 .text.startup.main
                0x00000000080060d6       0x12 ./main.o
                0x00000000080060d6                main
 .text.sl_board_default_init
                0x00000000080060e8        0x2 ./autogen/sl_board_default_init.o
                0x00000000080060e8                sl_board_default_init
 .text.sl_kernel_start
                0x00000000080060ea        0x4 ./autogen/sl_event_handler.o
                0x00000000080060ea                sl_kernel_start
 .text.sl_driver_init
                0x00000000080060ee       0x16 ./autogen/sl_event_handler.o
                0x00000000080060ee                sl_driver_init
 .text.sl_service_init
                0x0000000008006104       0x12 ./autogen/sl_event_handler.o
                0x0000000008006104                sl_service_init
 .text.sl_stack_init
                0x0000000008006116        0x2 ./autogen/sl_event_handler.o
                0x0000000008006116                sl_stack_init
 .text.sl_internal_app_init
                0x0000000008006118        0x2 ./autogen/sl_event_handler.o
                0x0000000008006118                sl_internal_app_init
 .text.USART0_TX_IRQHandler
                0x000000000800611a        0x4 ./autogen/sl_iostream_init_usart_instances.o
                0x000000000800611a                USART0_TX_IRQHandler
 .text.sl_board_configure_vcom
                0x000000000800611e        0x4 ./gecko_sdk_4.3.2/hardware/board/src/sl_board_control_gpio.o
                0x000000000800611e                sl_board_configure_vcom
 .text.sl_board_init
                0x0000000008006122       0x12 ./gecko_sdk_4.3.2/hardware/board/src/sl_board_init.o
                0x0000000008006122                sl_board_init
 .text.sl_board_preinit
                0x0000000008006134        0x8 ./gecko_sdk_4.3.2/hardware/board/src/sl_board_init.o
                0x0000000008006134                sl_board_preinit
 .text.sli_cos_swo_itm_8_write.constprop.0.isra.0
                0x000000000800613c       0x60 ./gecko_sdk_4.3.2/hardware/driver/configuration_over_swo/src/sl_cos.o
 .text.sl_cos_send_config
                0x000000000800619c       0x12 ./gecko_sdk_4.3.2/hardware/driver/configuration_over_swo/src/sl_cos.o
                0x000000000800619c                sl_cos_send_config
 .text.sl_cos_config_vcom
                0x00000000080061ae       0x1e ./gecko_sdk_4.3.2/hardware/driver/configuration_over_swo/src/sl_cos.o
                0x00000000080061ae                sl_cos_config_vcom
 .text.Default_Handler
                0x00000000080061cc        0x2 ./gecko_sdk_4.3.2/platform/Device/SiliconLabs/MGM24/Source/startup_mgm24.o
                0x00000000080061cc                ULFRCO_IRQHandler
                0x00000000080061cc                AHB2AHB1_IRQHandler
                0x00000000080061cc                SW2_IRQHandler
                0x00000000080061cc                TIMER2_IRQHandler
                0x00000000080061cc                DebugMon_Handler
                0x00000000080061cc                IADC_IRQHandler
                0x00000000080061cc                EUSART0_TX_IRQHandler
                0x00000000080061cc                I2C0_IRQHandler
                0x00000000080061cc                LFXO_IRQHandler
                0x00000000080061cc                HardFault_Handler
                0x00000000080061cc                SMU_SECURE_IRQHandler
                0x00000000080061cc                SYSRTC_SEQ_IRQHandler
                0x00000000080061cc                EMUEFP_IRQHandler
                0x00000000080061cc                NMI_Handler
                0x00000000080061cc                SYNTH_IRQHandler
                0x00000000080061cc                HOSTMAILBOX_IRQHandler
                0x00000000080061cc                HFXO0_IRQHandler
                0x00000000080061cc                I2C1_IRQHandler
                0x00000000080061cc                WDOG0_IRQHandler
                0x00000000080061cc                TIMER3_IRQHandler
                0x00000000080061cc                SYSCFG_IRQHandler
                0x00000000080061cc                RFECA1_IRQHandler
                0x00000000080061cc                EMUDG_IRQHandler
                0x00000000080061cc                MSC_IRQHandler
                0x00000000080061cc                DPLL0_IRQHandler
                0x00000000080061cc                UsageFault_Handler
                0x00000000080061cc                WDOG1_IRQHandler
                0x00000000080061cc                M33CTI1_IRQHandler
                0x00000000080061cc                TIMER4_IRQHandler
                0x00000000080061cc                VDAC0_IRQHandler
                0x00000000080061cc                SEMBTX_IRQHandler
                0x00000000080061cc                SW0_IRQHandler
                0x00000000080061cc                TIMER0_IRQHandler
                0x00000000080061cc                MVP_IRQHandler
                0x00000000080061cc                LETIMER0_IRQHandler
                0x00000000080061cc                EUSART1_RX_IRQHandler
                0x00000000080061cc                TIMER1_IRQHandler
                0x00000000080061cc                HFRCO0_IRQHandler
                0x00000000080061cc                SecureFault_Handler
                0x00000000080061cc                BUFC_IRQHandler
                0x00000000080061cc                DCDC_IRQHandler
                0x00000000080061cc                MODEM_IRQHandler
                0x00000000080061cc                Default_Handler
                0x00000000080061cc                RAC_SEQ_IRQHandler
                0x00000000080061cc                FRC_PRI_IRQHandler
                0x00000000080061cc                EMU_IRQHandler
                0x00000000080061cc                SW3_IRQHandler
                0x00000000080061cc                KERNEL0_IRQHandler
                0x00000000080061cc                FRC_IRQHandler
                0x00000000080061cc                PCNT0_IRQHandler
                0x00000000080061cc                KERNEL1_IRQHandler
                0x00000000080061cc                AGC_IRQHandler
                0x00000000080061cc                EUSART1_TX_IRQHandler
                0x00000000080061cc                KEYSCAN_IRQHandler
                0x00000000080061cc                sl_app_properties
                0x00000000080061cc                HFRCOEM23_IRQHandler
                0x00000000080061cc                BURTC_IRQHandler
                0x00000000080061cc                SEMBRX_IRQHandler
                0x00000000080061cc                RFECA0_IRQHandler
                0x00000000080061cc                LFRCO_IRQHandler
                0x00000000080061cc                VDAC1_IRQHandler
                0x00000000080061cc                ACMP0_IRQHandler
                0x00000000080061cc                MemManage_Handler
                0x00000000080061cc                AHB2AHB0_IRQHandler
                0x00000000080061cc                SMU_S_PRIVILEGED_IRQHandler
                0x00000000080061cc                SW1_IRQHandler
                0x00000000080061cc                CMU_IRQHandler
                0x00000000080061cc                EUSART0_RX_IRQHandler
                0x00000000080061cc                RAC_RSM_IRQHandler
                0x00000000080061cc                SETAMPERHOST_IRQHandler
                0x00000000080061cc                AES_IRQHandler
                0x00000000080061cc                M33CTI0_IRQHandler
                0x00000000080061cc                ICACHE0_IRQHandler
                0x00000000080061cc                SMU_NS_PRIVILEGED_IRQHandler
                0x00000000080061cc                FPUEXH_IRQHandler
                0x00000000080061cc                PROTIMER_IRQHandler
                0x00000000080061cc                ACMP1_IRQHandler
                0x00000000080061cc                BusFault_Handler
                0x00000000080061cc                MPAHBRAM_IRQHandler
 .text.SystemCLKIN0Get
                0x00000000080061ce        0x4 ./gecko_sdk_4.3.2/platform/Device/SiliconLabs/MGM24/Source/system_mgm24.o
                0x00000000080061ce                SystemCLKIN0Get
 .text.SystemLFRCOClockGet
                0x00000000080061d2        0x6 ./gecko_sdk_4.3.2/platform/Device/SiliconLabs/MGM24/Source/system_mgm24.o
                0x00000000080061d2                SystemLFRCOClockGet
 .text.SystemULFRCOClockGet
                0x00000000080061d8        0x6 ./gecko_sdk_4.3.2/platform/Device/SiliconLabs/MGM24/Source/system_mgm24.o
                0x00000000080061d8                SystemULFRCOClockGet
 .text.assertEFM
                0x00000000080061de        0x2 ./gecko_sdk_4.3.2/platform/common/src/sl_assert.o
                0x00000000080061de                assertEFM
 .text.sli_osTaskRegisterGetValue
                0x00000000080061e0        0xe ./gecko_sdk_4.3.2/platform/common/src/sli_cmsis_os2_ext_task_register.o
                0x00000000080061e0                sli_osTaskRegisterGetValue
 .text.sl_debug_swo_enable_itm
                0x00000000080061ee       0x18 ./gecko_sdk_4.3.2/platform/driver/debug/src/sl_debug_swo.o
                0x00000000080061ee                sl_debug_swo_enable_itm
 .text.sl_debug_swo_disable_itm
                0x0000000008006206       0x1a ./gecko_sdk_4.3.2/platform/driver/debug/src/sl_debug_swo.o
                0x0000000008006206                sl_debug_swo_disable_itm
 .text.sl_led_init
                0x0000000008006220        0x6 ./gecko_sdk_4.3.2/platform/driver/leddrv/src/sl_led.o
                0x0000000008006220                sl_led_init
 .text.sl_led_turn_on
                0x0000000008006226        0x6 ./gecko_sdk_4.3.2/platform/driver/leddrv/src/sl_led.o
                0x0000000008006226                sl_led_turn_on
 .text.sl_led_turn_off
                0x000000000800622c        0x6 ./gecko_sdk_4.3.2/platform/driver/leddrv/src/sl_led.o
                0x000000000800622c                sl_led_turn_off
 .text.sl_led_get_state
                0x0000000008006232        0x6 ./gecko_sdk_4.3.2/platform/driver/leddrv/src/sl_led.o
                0x0000000008006232                sl_led_get_state
 .text.sl_simple_led_init
                0x0000000008006238       0x22 ./gecko_sdk_4.3.2/platform/driver/leddrv/src/sl_simple_led.o
                0x0000000008006238                sl_simple_led_init
 .text.sl_simple_led_turn_on
                0x000000000800625a       0x12 ./gecko_sdk_4.3.2/platform/driver/leddrv/src/sl_simple_led.o
                0x000000000800625a                sl_simple_led_turn_on
 .text.sl_simple_led_turn_off
                0x000000000800626c       0x12 ./gecko_sdk_4.3.2/platform/driver/leddrv/src/sl_simple_led.o
                0x000000000800626c                sl_simple_led_turn_off
 .text.DMADRV_PeripheralMemory
                0x000000000800627e       0x34 ./gecko_sdk_4.3.2/platform/emdrv/dmadrv/src/dmadrv.o
                0x000000000800627e                DMADRV_PeripheralMemory
 .text.BUS_RegMaskedWrite
                0x00000000080062b2       0x22 ./gecko_sdk_4.3.2/platform/emlib/src/em_cmu.o
 .text.waitStateMax
                0x00000000080062d4       0x10 ./gecko_sdk_4.3.2/platform/emlib/src/em_cmu.o
 .text.CMU_UpdateWaitStates
                0x00000000080062e4        0xc ./gecko_sdk_4.3.2/platform/emlib/src/em_cmu.o
                0x00000000080062e4                CMU_UpdateWaitStates
 .text.pclkDivMax
                0x00000000080062f0        0xa ./gecko_sdk_4.3.2/platform/emlib/src/em_cmu.o
 .text.sli_em_cmu_SYSCLKInitPostClockSelect
                0x00000000080062fa       0x2a ./gecko_sdk_4.3.2/platform/emlib/src/em_cmu.o
                0x00000000080062fa                sli_em_cmu_SYSCLKInitPostClockSelect
 .text.CORE_EnterCritical
                0x0000000008006324        0x8 ./gecko_sdk_4.3.2/platform/emlib/src/em_core.o
                0x0000000008006324                CORE_EnterCritical
 .text.CORE_ExitCritical
                0x000000000800632c        0x6 ./gecko_sdk_4.3.2/platform/emlib/src/em_core.o
                0x000000000800632c                CORE_ExitCritical
 .text.CORE_EnterAtomic
                0x0000000008006332        0xc ./gecko_sdk_4.3.2/platform/emlib/src/em_core.o
                0x0000000008006332                CORE_EnterAtomic
 .text.CORE_ExitAtomic
                0x000000000800633e        0x6 ./gecko_sdk_4.3.2/platform/emlib/src/em_core.o
                0x000000000800633e                CORE_ExitAtomic
 .text.EMU_EFPEM01VScale
                0x0000000008006344        0x2 ./gecko_sdk_4.3.2/platform/emlib/src/em_emu.o
                0x0000000008006344                EMU_EFPEM01VScale
 .text.EMU_DCDCUpdatedHook
                0x0000000008006346        0x2 ./gecko_sdk_4.3.2/platform/emlib/src/em_emu.o
                0x0000000008006346                EMU_DCDCUpdatedHook
 .text.BUS_RegMaskedWrite
                0x0000000008006348       0x22 ./gecko_sdk_4.3.2/platform/emlib/src/em_gpio.o
 .text.GPIO_DbgLocationSet
                0x000000000800636a        0x2 ./gecko_sdk_4.3.2/platform/emlib/src/em_gpio.o
                0x000000000800636a                GPIO_DbgLocationSet
 .text.USART_Tx
                0x000000000800636c        0xa ./gecko_sdk_4.3.2/platform/emlib/src/em_usart.o
                0x000000000800636c                USART_Tx
 .text.sl_iostream_write
                0x0000000008006376       0x28 ./gecko_sdk_4.3.2/platform/service/iostream/src/sl_iostream.o
                0x0000000008006376                sl_iostream_write
 .text.set_auto_cr_lf
                0x000000000800639e        0x6 ./gecko_sdk_4.3.2/platform/service/iostream/src/sl_iostream_uart.o
 .text.get_auto_cr_lf
                0x00000000080063a4        0x6 ./gecko_sdk_4.3.2/platform/service/iostream/src/sl_iostream_uart.o
 .text.get_read_block
                0x00000000080063aa        0x6 ./gecko_sdk_4.3.2/platform/service/iostream/src/sl_iostream_uart.o
 .text.usart_set_next_byte_detect
                0x00000000080063b0        0xe ./gecko_sdk_4.3.2/platform/service/iostream/src/sl_iostream_usart.o
 .text.usart_deinit
                0x00000000080063be       0x7e ./gecko_sdk_4.3.2/platform/service/iostream/src/sl_iostream_usart.o
 .text.usart_tx
                0x000000000800643c        0xe ./gecko_sdk_4.3.2/platform/service/iostream/src/sl_iostream_usart.o
 .text.sleeptimer_hal_get_compare
                0x000000000800644a        0x8 ./gecko_sdk_4.3.2/platform/service/sleeptimer/src/sl_sleeptimer_hal_sysrtc.o
                0x000000000800644a                sleeptimer_hal_get_compare
 .text.sleeptimer_hal_enable_int
                0x0000000008006452       0x12 ./gecko_sdk_4.3.2/platform/service/sleeptimer/src/sl_sleeptimer_hal_sysrtc.o
                0x0000000008006452                sleeptimer_hal_enable_int
 .text.SYSRTC_APP_IRQHandler
                0x0000000008006464       0x34 ./gecko_sdk_4.3.2/platform/service/sleeptimer/src/sl_sleeptimer_hal_sysrtc.o
                0x0000000008006464                SYSRTC_APP_IRQHandler
 .text.sleeptimer_hal_get_timer_frequency
                0x0000000008006498        0x6 ./gecko_sdk_4.3.2/platform/service/sleeptimer/src/sl_sleeptimer_hal_sysrtc.o
                0x0000000008006498                sleeptimer_hal_get_timer_frequency
 .text.sl_system_init
                0x000000000800649e       0x1a ./gecko_sdk_4.3.2/platform/service/system/src/sl_system_init.o
                0x000000000800649e                sl_system_init
 .text.sl_system_kernel_start
                0x00000000080064b8        0x4 ./gecko_sdk_4.3.2/platform/service/system/src/sl_system_kernel.o
                0x00000000080064b8                sl_system_kernel_start
 .text.SysTick_Handler
                0x00000000080064bc       0x1a ./gecko_sdk_4.3.2/util/third_party/freertos/cmsis/Source/cmsis_os2.o
                0x00000000080064bc                SysTick_Handler
 .text.osThreadGetId
                0x00000000080064d6        0x4 ./gecko_sdk_4.3.2/util/third_party/freertos/cmsis/Source/cmsis_os2.o
                0x00000000080064d6                osThreadGetId
 .text.vListInitialise
                0x00000000080064da       0x16 ./gecko_sdk_4.3.2/util/third_party/freertos/kernel/list.o
                0x00000000080064da                vListInitialise
 .text.vListInitialiseItem
                0x00000000080064f0        0x6 ./gecko_sdk_4.3.2/util/third_party/freertos/kernel/list.o
                0x00000000080064f0                vListInitialiseItem
 .text.vListInsertEnd
                0x00000000080064f6       0x18 ./gecko_sdk_4.3.2/util/third_party/freertos/kernel/list.o
                0x00000000080064f6                vListInsertEnd
 .text.vListInsert
                0x000000000800650e       0x2e ./gecko_sdk_4.3.2/util/third_party/freertos/kernel/list.o
                0x000000000800650e                vListInsert
 .text.uxListRemove
                0x000000000800653c       0x20 ./gecko_sdk_4.3.2/util/third_party/freertos/kernel/list.o
                0x000000000800653c                uxListRemove
 .text.prvIsQueueEmpty
                0x000000000800655c       0x16 ./gecko_sdk_4.3.2/util/third_party/freertos/kernel/queue.o
 .text.prvCopyDataToQueue
                0x0000000008006572       0x6a ./gecko_sdk_4.3.2/util/third_party/freertos/kernel/queue.o
 .text.prvCopyDataFromQueue
                0x00000000080065dc       0x2c ./gecko_sdk_4.3.2/util/third_party/freertos/kernel/queue.o
 .text.prvUnlockQueue
                0x0000000008006608       0x70 ./gecko_sdk_4.3.2/util/third_party/freertos/kernel/queue.o
 .text.xQueueCreateMutexStatic
                0x0000000008006678       0x2a ./gecko_sdk_4.3.2/util/third_party/freertos/kernel/queue.o
                0x0000000008006678                xQueueCreateMutexStatic
 .text.xQueueCreateMutex
                0x00000000080066a2       0x24 ./gecko_sdk_4.3.2/util/third_party/freertos/kernel/queue.o
                0x00000000080066a2                xQueueCreateMutex
 .text.vQueueWaitForMessageRestricted
                0x00000000080066c6       0x46 ./gecko_sdk_4.3.2/util/third_party/freertos/kernel/queue.o
                0x00000000080066c6                vQueueWaitForMessageRestricted
 .text.prvInitialiseNewTask.constprop.0
                0x000000000800670c       0xb2 ./gecko_sdk_4.3.2/util/third_party/freertos/kernel/tasks.o
 .text.vPortYield
                0x00000000080067be       0x16 ./gecko_sdk_4.3.2/util/third_party/freertos/kernel/portable/GCC/ARM_CM33_NTZ/non_secure/port.o
                0x00000000080067be                vPortYield
 .text.xPortSysTickHandler
                0x00000000080067d4       0x24 ./gecko_sdk_4.3.2/util/third_party/freertos/kernel/portable/GCC/ARM_CM33_NTZ/non_secure/port.o
                0x00000000080067d4                xPortSysTickHandler
 .text.ulSetInterruptMask
                0x00000000080067f8       0x16 ./gecko_sdk_4.3.2/util/third_party/freertos/kernel/portable/GCC/ARM_CM33_NTZ/non_secure/portasm.o
                0x00000000080067f8                ulSetInterruptMask
 .text.vClearInterruptMask
                0x000000000800680e        0xe ./gecko_sdk_4.3.2/util/third_party/freertos/kernel/portable/GCC/ARM_CM33_NTZ/non_secure/portasm.o
                0x000000000800680e                vClearInterruptMask
 .text.memcpy   0x000000000800681c       0x1a /home/mark/SimplicityStudio_v5/developer/toolchains/gnu_arm/10.3_2021.10/bin/../lib/gcc/arm-none-eabi/10.3.1/../../../../arm-none-eabi/lib/thumb/v8-m.main+fp/hard/libc_nano.a(lib_a-memcpy-stub.o)
                0x000000000800681c                memcpy
 .text.memset   0x0000000008006836       0x10 /home/mark/SimplicityStudio_v5/developer/toolchains/gnu_arm/10.3_2021.10/bin/../lib/gcc/arm-none-eabi/10.3.1/../../../../arm-none-eabi/lib/thumb/v8-m.main+fp/hard/libc_nano.a(lib_a-memset.o)
                0x0000000008006836                memset
 .text          0x0000000008006846       0x10 /home/mark/SimplicityStudio_v5/developer/toolchains/gnu_arm/10.3_2021.10/bin/../lib/gcc/arm-none-eabi/10.3.1/../../../../arm-none-eabi/lib/thumb/v8-m.main+fp/hard/libc_nano.a(lib_a-strlen.o)
                0x0000000008006846                strlen
 .text.__retarget_lock_acquire_recursive
                0x0000000008006856        0x2 /home/mark/SimplicityStudio_v5/developer/toolchains/gnu_arm/10.3_2021.10/bin/../lib/gcc/arm-none-eabi/10.3.1/../../../../arm-none-eabi/lib/thumb/v8-m.main+fp/hard/libc_nano.a(lib_a-lock.o)
                0x0000000008006856                __retarget_lock_acquire_recursive
 .text.__retarget_lock_release_recursive
                0x0000000008006858        0x2 /home/mark/SimplicityStudio_v5/developer/toolchains/gnu_arm/10.3_2021.10/bin/../lib/gcc/arm-none-eabi/10.3.1/../../../../arm-none-eabi/lib/thumb/v8-m.main+fp/hard/libc_nano.a(lib_a-lock.o)
                0x0000000008006858                __retarget_lock_release_recursive
 .text.__ssputs_r
                0x000000000800685a       0xb6 /home/mark/SimplicityStudio_v5/developer/toolchains/gnu_arm/10.3_2021.10/bin/../lib/gcc/arm-none-eabi/10.3.1/../../../../arm-none-eabi/lib/thumb/v8-m.main+fp/hard/libc_nano.a(lib_a-nano-svfprintf.o)
                0x000000000800685a                __ssputs_r
 .text._printf_common
                0x0000000008006910       0xe0 /home/mark/SimplicityStudio_v5/developer/toolchains/gnu_arm/10.3_2021.10/bin/../lib/gcc/arm-none-eabi/10.3.1/../../../../arm-none-eabi/lib/thumb/v8-m.main+fp/hard/libc_nano.a(lib_a-nano-vfprintf_i.o)
                0x0000000008006910                _printf_common
 .text.memchr   0x00000000080069f0       0x1c /home/mark/SimplicityStudio_v5/developer/toolchains/gnu_arm/10.3_2021.10/bin/../lib/gcc/arm-none-eabi/10.3.1/../../../../arm-none-eabi/lib/thumb/v8-m.main+fp/hard/libc_nano.a(lib_a-memchr-stub.o)
                0x00000000080069f0                memchr
 .text.memmove  0x0000000008006a0c       0x34 /home/mark/SimplicityStudio_v5/developer/toolchains/gnu_arm/10.3_2021.10/bin/../lib/gcc/arm-none-eabi/10.3.1/../../../../arm-none-eabi/lib/thumb/v8-m.main+fp/hard/libc_nano.a(lib_a-memmove.o)
                0x0000000008006a0c                memmove
 .text._realloc_r
                0x0000000008006a40       0x5e /home/mark/SimplicityStudio_v5/developer/toolchains/gnu_arm/10.3_2021.10/bin/../lib/gcc/arm-none-eabi/10.3.1/../../../../arm-none-eabi/lib/thumb/v8-m.main+fp/hard/libc_nano.a(lib_a-nano-reallocr.o)
                0x0000000008006a40                _realloc_r
 .text._malloc_usable_size_r
                0x0000000008006a9e       0x10 /home/mark/SimplicityStudio_v5/developer/toolchains/gnu_arm/10.3_2021.10/bin/../lib/gcc/arm-none-eabi/10.3.1/../../../../arm-none-eabi/lib/thumb/v8-m.main+fp/hard/libc_nano.a(lib_a-nano-msizer.o)
                0x0000000008006a9e                _malloc_usable_size_r
                0x0000000008006aae                linker_code_end = .
 *(.init)
 *fill*         0x0000000008006aae        0x2 
 .init          0x0000000008006ab0        0x4 /home/mark/SimplicityStudio_v5/developer/toolchains/gnu_arm/10.3_2021.10/bin/../lib/gcc/arm-none-eabi/10.3.1/thumb/v8-m.main+fp/hard/crti.o
                0x0000000008006ab0                _init
 .init          0x0000000008006ab4        0x8 /home/mark/SimplicityStudio_v5/developer/toolchains/gnu_arm/10.3_2021.10/bin/../lib/gcc/arm-none-eabi/10.3.1/thumb/v8-m.main+fp/hard/crtn.o
 *(.fini)
 .fini          0x0000000008006abc        0x4 /home/mark/SimplicityStudio_v5/developer/toolchains/gnu_arm/10.3_2021.10/bin/../lib/gcc/arm-none-eabi/10.3.1/thumb/v8-m.main+fp/hard/crti.o
                0x0000000008006abc                _fini
 .fini          0x0000000008006ac0        0x8 /home/mark/SimplicityStudio_v5/developer/toolchains/gnu_arm/10.3_2021.10/bin/../lib/gcc/arm-none-eabi/10.3.1/thumb/v8-m.main+fp/hard/crtn.o
 *crtbegin.o(.ctors)
 *crtbegin?.o(.ctors)
 *(EXCLUDE_FILE(*crtend.o *crtend?.o) .ctors)
 *(SORT_BY_NAME(.ctors.*))
 *(.ctors)
 *crtbegin.o(.dtors)
 *crtbegin?.o(.dtors)
 *(EXCLUDE_FILE(*crtend.o *crtend?.o) .dtors)
 *(SORT_BY_NAME(.dtors.*))
 *(.dtors)
 *(.rodata*)
 .rodata.MainTask.str1.1
                0x0000000008006ac8       0x6c ./app.o
 .rodata.RTOS_init.str1.1
                0x0000000008006b34       0x13 ./app.o
 .rodata.PrintStartupBanner.str1.1
                0x0000000008006b47      0x13d ./app.o
                                        0x13f (size before relaxing)
 .rodata.__FUNCTION__.0
                0x0000000008006c84        0x9 ./app.o
 .rodata.sl_iostream_usart_init_vcom.str1.1
                0x0000000008006c8d       0x2e ./autogen/sl_iostream_init_usart_instances.o
 *fill*         0x0000000008006cbb        0x1 
 .rodata        0x0000000008006cbc       0x1c ./autogen/sl_iostream_init_usart_instances.o
 .rodata.sl_led_led0
                0x0000000008006cd8       0x18 ./autogen/sl_simple_led_instances.o
                0x0000000008006cd8                sl_led_led0
 .rodata.GPIO_PinOutClear.str1.1
                0x0000000008006cf0       0x49 ./gecko_sdk_4.3.2/platform/driver/leddrv/src/sl_simple_led.o
 .rodata        0x0000000008006d39        0x4 ./gecko_sdk_4.3.2/platform/emdrv/dmadrv/src/dmadrv.o
 .rodata.HFRCODPLLDevinfoGet.str1.1
                0x0000000008006d3d       0x47 ./gecko_sdk_4.3.2/platform/emlib/src/em_cmu.o
 .rodata.CORE_NvicMaskSetIRQ.str1.1
                0x0000000008006d84       0x48 ./gecko_sdk_4.3.2/platform/emlib/src/em_core.o
 .rodata.EMU_VScaleEM01.str1.1
                0x0000000008006dcc       0x47 ./gecko_sdk_4.3.2/platform/emlib/src/em_emu.o
 .rodata.GPIO_PinOutSet.str1.1
                0x0000000008006e13       0x49 ./gecko_sdk_4.3.2/platform/emlib/src/em_gpio.o
 .rodata.GPIO_ExtIntConfig.str1.1
                0x0000000008006e13       0x48 ./gecko_sdk_4.3.2/platform/emlib/src/em_gpio.o
 .rodata.LDMA_EnableChannelRequest.str1.1
                0x0000000008006e5b       0x90 ./gecko_sdk_4.3.2/platform/emlib/src/em_ldma.o
 .rodata.USART_BaudrateAsyncSet.str1.1
                0x0000000008006eeb       0x49 ./gecko_sdk_4.3.2/platform/emlib/src/em_usart.o
 .rodata.sl_sysrtc_init_group.str1.1
                0x0000000008006f34       0x57 ./gecko_sdk_4.3.2/platform/peripheral/src/peripheral_sysrtc.o
 .rodata        0x0000000008006f8b        0x7 ./gecko_sdk_4.3.2/platform/service/device_init/src/sl_device_init_dcdc_s2.o
 *fill*         0x0000000008006f92        0x2 
 .rodata        0x0000000008006f94       0x28 ./gecko_sdk_4.3.2/platform/service/device_init/src/sl_device_init_hfxo_mgm24.o
 .rodata.sl_iostream_set_default.str1.1
                0x0000000008006fbc       0x57 ./gecko_sdk_4.3.2/platform/service/iostream/src/sl_iostream.o
 .rodata.get_write_ptr.str1.1
                0x0000000008007013       0x5c ./gecko_sdk_4.3.2/platform/service/iostream/src/sl_iostream_uart.o
 .rodata.set_read_block.str1.1
                0x000000000800706f        0xc ./gecko_sdk_4.3.2/platform/service/iostream/src/sl_iostream_uart.o
 .rodata.sli_iostream_uart_context_init.str1.1
                0x000000000800707b       0x15 ./gecko_sdk_4.3.2/platform/service/iostream/src/sl_iostream_uart.o
 .rodata.sl_iostream_usart_irq_handler.str1.1
                0x0000000008007090       0x5d ./gecko_sdk_4.3.2/platform/service/iostream/src/sl_iostream_usart.o
 .rodata.process_timer_irq.str1.1
                0x00000000080070ed       0x5b ./gecko_sdk_4.3.2/platform/service/sleeptimer/src/sl_sleeptimer.o
 .rodata.vApplicationStackOverflowHook.str1.1
                0x0000000008007148       0x5e ./gecko_sdk_4.3.2/util/third_party/freertos/cmsis/Source/cmsis_os2.o
 .rodata.xQueueGenericReset.str1.1
                0x00000000080071a6       0x54 ./gecko_sdk_4.3.2/util/third_party/freertos/kernel/queue.o
 .rodata.prvTaskIsTaskSuspended.str1.1
                0x00000000080071fa       0x54 ./gecko_sdk_4.3.2/util/third_party/freertos/kernel/tasks.o
 .rodata.vTaskStartScheduler.str1.1
                0x000000000800724e        0x5 ./gecko_sdk_4.3.2/util/third_party/freertos/kernel/tasks.o
 .rodata.prvCheckForValidListAndQueue.str1.1
                0x0000000008007253        0x5 ./gecko_sdk_4.3.2/util/third_party/freertos/kernel/timers.o
 .rodata.xTimerCreateTimerTask.str1.1
                0x0000000008007258       0x5d ./gecko_sdk_4.3.2/util/third_party/freertos/kernel/timers.o
 .rodata.prvTaskExitError.str1.1
                0x00000000080072b5       0x78 ./gecko_sdk_4.3.2/util/third_party/freertos/kernel/portable/GCC/ARM_CM33_NTZ/non_secure/port.o
 .rodata.pvPortMalloc.str1.1
                0x000000000800732d       0x66 ./gecko_sdk_4.3.2/util/third_party/freertos/kernel/portable/MemMang/heap_4.o
 *fill*         0x0000000008007393        0x1 
 .rodata._global_impure_ptr
                0x0000000008007394        0x4 /home/mark/SimplicityStudio_v5/developer/toolchains/gnu_arm/10.3_2021.10/bin/../lib/gcc/arm-none-eabi/10.3.1/../../../../arm-none-eabi/lib/thumb/v8-m.main+fp/hard/libc_nano.a(lib_a-impure.o)
                0x0000000008007394                _global_impure_ptr
 .rodata.__sf_fake_stderr
                0x0000000008007398       0x20 /home/mark/SimplicityStudio_v5/developer/toolchains/gnu_arm/10.3_2021.10/bin/../lib/gcc/arm-none-eabi/10.3.1/../../../../arm-none-eabi/lib/thumb/v8-m.main+fp/hard/libc_nano.a(lib_a-findfp.o)
                0x0000000008007398                __sf_fake_stderr
 .rodata.__sf_fake_stdin
                0x00000000080073b8       0x20 /home/mark/SimplicityStudio_v5/developer/toolchains/gnu_arm/10.3_2021.10/bin/../lib/gcc/arm-none-eabi/10.3.1/../../../../arm-none-eabi/lib/thumb/v8-m.main+fp/hard/libc_nano.a(lib_a-findfp.o)
                0x00000000080073b8                __sf_fake_stdin
 .rodata.__sf_fake_stdout
                0x00000000080073d8       0x20 /home/mark/SimplicityStudio_v5/developer/toolchains/gnu_arm/10.3_2021.10/bin/../lib/gcc/arm-none-eabi/10.3.1/../../../../arm-none-eabi/lib/thumb/v8-m.main+fp/hard/libc_nano.a(lib_a-findfp.o)
                0x00000000080073d8                __sf_fake_stdout
 .rodata._svfprintf_r.str1.1
                0x00000000080073f8       0x11 /home/mark/SimplicityStudio_v5/developer/toolchains/gnu_arm/10.3_2021.10/bin/../lib/gcc/arm-none-eabi/10.3.1/../../../../arm-none-eabi/lib/thumb/v8-m.main+fp/hard/libc_nano.a(lib_a-nano-svfprintf.o)
 .rodata._printf_i.str1.1
                0x0000000008007409       0x22 /home/mark/SimplicityStudio_v5/developer/toolchains/gnu_arm/10.3_2021.10/bin/../lib/gcc/arm-none-eabi/10.3.1/../../../../arm-none-eabi/lib/thumb/v8-m.main+fp/hard/libc_nano.a(lib_a-nano-vfprintf_i.o)
 *(.eh_frame*)
 *fill*         0x000000000800742b        0x1 
 .eh_frame      0x000000000800742c        0x0 /home/mark/SimplicityStudio_v5/developer/toolchains/gnu_arm/10.3_2021.10/bin/../lib/gcc/arm-none-eabi/10.3.1/thumb/v8-m.main+fp/hard/crtbegin.o

.glue_7         0x000000000800742c        0x0
 .glue_7        0x000000000800742c        0x0 linker stubs

.glue_7t        0x000000000800742c        0x0
 .glue_7t       0x000000000800742c        0x0 linker stubs

.vfp11_veneer   0x000000000800742c        0x0
 .vfp11_veneer  0x000000000800742c        0x0 linker stubs

.v4_bx          0x000000000800742c        0x0
 .v4_bx         0x000000000800742c        0x0 linker stubs

.iplt           0x000000000800742c        0x0
 .iplt          0x000000000800742c        0x0 /home/mark/SimplicityStudio_v5/developer/toolchains/gnu_arm/10.3_2021.10/bin/../lib/gcc/arm-none-eabi/10.3.1/thumb/v8-m.main+fp/hard/crtbegin.o

.ARM.extab
 *(.ARM.extab* .gnu.linkonce.armextab.*)
                0x000000000800742c                __exidx_start = .

.ARM.exidx      0x000000000800742c        0x8
 *(.ARM.exidx* .gnu.linkonce.armexidx.*)
 .ARM.exidx     0x000000000800742c        0x8 /home/mark/SimplicityStudio_v5/developer/toolchains/gnu_arm/10.3_2021.10/bin/../lib/gcc/arm-none-eabi/10.3.1/../../../../arm-none-eabi/lib/thumb/v8-m.main+fp/hard/crt0.o
                                         0x10 (size before relaxing)
 .ARM.exidx     0x0000000008007434        0x0 /home/mark/SimplicityStudio_v5/developer/toolchains/gnu_arm/10.3_2021.10/bin/../lib/gcc/arm-none-eabi/10.3.1/thumb/v8-m.main+fp/hard/libgcc.a(_udivmoddi4.o)
                                          0x8 (size before relaxing)
                0x0000000008007434                __exidx_end = .

.rel.dyn        0x0000000008007434        0x0
 .rel.iplt      0x0000000008007434        0x0 /home/mark/SimplicityStudio_v5/developer/toolchains/gnu_arm/10.3_2021.10/bin/../lib/gcc/arm-none-eabi/10.3.1/thumb/v8-m.main+fp/hard/crtbegin.o

.copy.table     0x0000000008007434        0xc
                0x0000000008007434                . = ALIGN (0x4)
                0x0000000008007434                __copy_table_start__ = .
                0x0000000008007434        0x4 LONG 0x8007440 __etext
                0x0000000008007438        0x4 LONG 0x20001000 __data_start__
                0x000000000800743c        0x4 LONG 0x25 ((__data_end__ - __data_start__) / 0x4)
                0x0000000008007440                __copy_table_end__ = .

.zero.table     0x0000000008007440        0x0
                0x0000000008007440                . = ALIGN (0x4)
                0x0000000008007440                __zero_table_start__ = .
                0x0000000008007440                __zero_table_end__ = .
                0x0000000008007440                __etext = .
                0x0000000020000000                . = ORIGIN (RAM)

.stack          0x0000000020000000     0x1000
                0x0000000020000000                __StackLimit = .
 *(.stack*)
 .stack         0x0000000020000000     0x1000 ./gecko_sdk_4.3.2/platform/common/toolchain/src/sl_memory.o
                0x0000000020001000                . = ALIGN (0x4)
                0x0000000020001000                __StackTop = .
                0x0000000020001000                PROVIDE (__stack = __StackTop)

.noinit
 *(.noinit*)

.data           0x0000000020001000       0x94 load address 0x0000000008007440
                0x0000000020001000                . = ALIGN (0x4)
                0x0000000020001000                __data_start__ = .
 *(vtable)
 *(SORT_BY_ALIGNMENT(.data*))
 .data.sl_iostream_vcom_handle
                0x0000000020001000        0x4 ./autogen/sl_iostream_init_usart_instances.o
                0x0000000020001000                sl_iostream_vcom_handle
 .data.SystemCoreClock
                0x0000000020001004        0x4 ./gecko_sdk_4.3.2/platform/Device/SiliconLabs/MGM24/Source/system_mgm24.o
                0x0000000020001004                SystemCoreClock
 .data.SystemHFRCODPLLClock
                0x0000000020001008        0x4 ./gecko_sdk_4.3.2/platform/Device/SiliconLabs/MGM24/Source/system_mgm24.o
 .data.SystemHFXOClock
                0x000000002000100c        0x4 ./gecko_sdk_4.3.2/platform/Device/SiliconLabs/MGM24/Source/system_mgm24.o
 .data.SystemLFXOClock
                0x0000000020001010        0x4 ./gecko_sdk_4.3.2/platform/Device/SiliconLabs/MGM24/Source/system_mgm24.o
 .data.heap_end.0
                0x0000000020001014        0x4 ./gecko_sdk_4.3.2/platform/common/toolchain/src/sl_memory.o
 .data.uxTopUsedPriority
                0x0000000020001018        0x4 ./gecko_sdk_4.3.2/util/third_party/freertos/kernel/tasks.o
                0x0000000020001018                uxTopUsedPriority
 .data.ulCriticalNesting
                0x000000002000101c        0x4 ./gecko_sdk_4.3.2/util/third_party/freertos/kernel/portable/GCC/ARM_CM33_NTZ/non_secure/port.o
 .data._impure_ptr
                0x0000000020001020        0x4 /home/mark/SimplicityStudio_v5/developer/toolchains/gnu_arm/10.3_2021.10/bin/../lib/gcc/arm-none-eabi/10.3.1/../../../../arm-none-eabi/lib/thumb/v8-m.main+fp/hard/libc_nano.a(lib_a-impure.o)
                0x0000000020001020                _impure_ptr
 .data.impure_data
                0x0000000020001024       0x60 /home/mark/SimplicityStudio_v5/developer/toolchains/gnu_arm/10.3_2021.10/bin/../lib/gcc/arm-none-eabi/10.3.1/../../../../arm-none-eabi/lib/thumb/v8-m.main+fp/hard/libc_nano.a(lib_a-impure.o)
 .data.hfxo_precision
                0x0000000020001084        0x2 ./gecko_sdk_4.3.2/platform/emlib/src/em_cmu.o
 .data.simple_led0_context
                0x0000000020001086        0x3 ./autogen/sl_simple_led_instances.o
                0x0000000020001086                simple_led0_context
 .data.ctuneDelta
                0x0000000020001089        0x1 ./gecko_sdk_4.3.2/platform/emlib/src/em_cmu.o
 .data.sli_task_register_id
                0x000000002000108a        0x1 ./gecko_sdk_4.3.2/platform/service/iostream/src/sl_iostream.o
 .data.cc_disabled
                0x000000002000108b        0x1 ./gecko_sdk_4.3.2/platform/service/sleeptimer/src/sl_sleeptimer_hal_sysrtc.o
                0x000000002000108c                . = ALIGN (0x4)
                [!provide]                        PROVIDE (__ram_func_section_start = .)
 *(.ram)
                [!provide]                        PROVIDE (__ram_func_section_end = .)
                0x000000002000108c                . = ALIGN (0x4)
                0x000000002000108c                PROVIDE (__preinit_array_start = .)
 *(.preinit_array)
                0x000000002000108c                PROVIDE (__preinit_array_end = .)
                0x000000002000108c                . = ALIGN (0x4)
                0x000000002000108c                PROVIDE (__init_array_start = .)
 *(SORT_BY_NAME(.init_array.*))
 *(.init_array)
 .init_array    0x000000002000108c        0x4 /home/mark/SimplicityStudio_v5/developer/toolchains/gnu_arm/10.3_2021.10/bin/../lib/gcc/arm-none-eabi/10.3.1/thumb/v8-m.main+fp/hard/crtbegin.o
                0x0000000020001090                PROVIDE (__init_array_end = .)
                0x0000000020001090                . = ALIGN (0x4)
                [!provide]                        PROVIDE (__fini_array_start = .)
 *(SORT_BY_NAME(.fini_array.*))
 *(.fini_array)
 .fini_array    0x0000000020001090        0x4 /home/mark/SimplicityStudio_v5/developer/toolchains/gnu_arm/10.3_2021.10/bin/../lib/gcc/arm-none-eabi/10.3.1/thumb/v8-m.main+fp/hard/crtbegin.o
                [!provide]                        PROVIDE (__fini_array_end = .)
                0x0000000020001094                . = ALIGN (0x4)
                0x0000000020001094                __data_end__ = .

.igot.plt       0x0000000020001094        0x0 load address 0x00000000080074d4
 .igot.plt      0x0000000020001094        0x0 /home/mark/SimplicityStudio_v5/developer/toolchains/gnu_arm/10.3_2021.10/bin/../lib/gcc/arm-none-eabi/10.3.1/thumb/v8-m.main+fp/hard/crtbegin.o

.bss            0x0000000020001094     0x3a1c load address 0x00000000080074d4
                0x0000000020001094                . = ALIGN (0x4)
                0x0000000020001094                __bss_start__ = .
 *(SORT_BY_ALIGNMENT(.bss*))
 .bss           0x0000000020001094       0x1c /home/mark/SimplicityStudio_v5/developer/toolchains/gnu_arm/10.3_2021.10/bin/../lib/gcc/arm-none-eabi/10.3.1/thumb/v8-m.main+fp/hard/crtbegin.o
 .bss.xDiagnosticMutex
                0x00000000200010b0        0x4 ./app.o
                0x00000000200010b0                xDiagnosticMutex
 .bss.xDiagnosticMutexBuffer
                0x00000000200010b4       0x50 ./app.o
                0x00000000200010b4                xDiagnosticMutexBuffer
 .bss.xMainQueueBuffer
                0x0000000020001104       0x50 ./app.o
                0x0000000020001104                xMainQueueBuffer
 .bss.xMainQueueHandle
                0x0000000020001154        0x4 ./app.o
                0x0000000020001154                xMainQueueHandle
 .bss.xMainStack
                0x0000000020001158      0x280 ./app.o
                0x0000000020001158                xMainStack
 .bss.xMainTaskBuffer
                0x00000000200013d8       0x60 ./app.o
                0x00000000200013d8                xMainTaskBuffer
 .bss.context_vcom
                0x0000000020001438      0x148 ./autogen/sl_iostream_init_usart_instances.o
 .bss.sl_iostream_vcom
                0x0000000020001580       0x20 ./autogen/sl_iostream_init_usart_instances.o
 .bss.chTable   0x00000000200015a0       0x80 ./gecko_sdk_4.3.2/platform/emdrv/dmadrv/src/dmadrv.o
 .bss.dmaXfer   0x0000000020001620      0x100 ./gecko_sdk_4.3.2/platform/emdrv/dmadrv/src/dmadrv.o
 .bss.gpioCallbacks
                0x0000000020001720      0x200 ./gecko_sdk_4.3.2/platform/emdrv/gpiointerrupt/src/gpiointerrupt.o
 .bss.sli_iostream_default
                0x0000000020001920        0x4 ./gecko_sdk_4.3.2/platform/service/iostream/src/sl_iostream.o
 .bss.sli_iostream_system_default
                0x0000000020001924        0x4 ./gecko_sdk_4.3.2/platform/service/iostream/src/sl_iostream.o
 .bss.last_delta_update_count