Archive member included to satisfy reference by file (symbol)

/home/mark/SimplicityStudio_v5/developer/toolchains/gnu_arm/10.3_2021.10/bin/../lib/gcc/arm-none-eabi/10.3.1/thumb/v8-m.main+fp/hard/libgcc.a(_aeabi_ldivmod.o)
                              ./gecko_sdk_4.3.2/platform/emlib/src/em_eusart.o (__aeabi_ldivmod)
/home/mark/SimplicityStudio_v5/developer/toolchains/gnu_arm/10.3_2021.10/bin/../lib/gcc/arm-none-eabi/10.3.1/thumb/v8-m.main+fp/hard/libgcc.a(_aeabi_uldivmod.o)
                              ./gecko_sdk_4.3.2/platform/emlib/src/em_eusart.o (__aeabi_uldivmod)
/home/mark/SimplicityStudio_v5/developer/toolchains/gnu_arm/10.3_2021.10/bin/../lib/gcc/arm-none-eabi/10.3.1/thumb/v8-m.main+fp/hard/libgcc.a(_udivmoddi4.o)
                              /home/mark/SimplicityStudio_v5/developer/toolchains/gnu_arm/10.3_2021.10/bin/../lib/gcc/arm-none-eabi/10.3.1/thumb/v8-m.main+fp/hard/libgcc.a(_aeabi_ldivmod.o) (__udivmoddi4)
/home/mark/SimplicityStudio_v5/developer/toolchains/gnu_arm/10.3_2021.10/bin/../lib/gcc/arm-none-eabi/10.3.1/thumb/v8-m.main+fp/hard/libgcc.a(_dvmd_tls.o)
                              /home/mark/SimplicityStudio_v5/developer/toolchains/gnu_arm/10.3_2021.10/bin/../lib/gcc/arm-none-eabi/10.3.1/thumb/v8-m.main+fp/hard/libgcc.a(_aeabi_ldivmod.o) (__aeabi_ldiv0)
/home/mark/SimplicityStudio_v5/developer/toolchains/gnu_arm/10.3_2021.10/bin/../lib/gcc/arm-none-eabi/10.3.1/../../../../arm-none-eabi/lib/thumb/v8-m.main+fp/hard/libc_nano.a(lib_a-ctype_.o)
                              ./gecko_sdk_4.3.2/platform/common/src/sl_string.o (_ctype_)
/home/mark/SimplicityStudio_v5/developer/toolchains/gnu_arm/10.3_2021.10/bin/../lib/gcc/arm-none-eabi/10.3.1/../../../../arm-none-eabi/lib/thumb/v8-m.main+fp/hard/libc_nano.a(lib_a-exit.o)
                              /home/mark/SimplicityStudio_v5/developer/toolchains/gnu_arm/10.3_2021.10/bin/../lib/gcc/arm-none-eabi/10.3.1/../../../../arm-none-eabi/lib/thumb/v8-m.main+fp/hard/crt0.o (exit)
/home/mark/SimplicityStudio_v5/developer/toolchains/gnu_arm/10.3_2021.10/bin/../lib/gcc/arm-none-eabi/10.3.1/../../../../arm-none-eabi/lib/thumb/v8-m.main+fp/hard/libc_nano.a(lib_a-impure.o)
                              /home/mark/SimplicityStudio_v5/developer/toolchains/gnu_arm/10.3_2021.10/bin/../lib/gcc/arm-none-eabi/10.3.1/../../../../arm-none-eabi/lib/thumb/v8-m.main+fp/hard/libc_nano.a(lib_a-exit.o) (_global_impure_ptr)
/home/mark/SimplicityStudio_v5/developer/toolchains/gnu_arm/10.3_2021.10/bin/../lib/gcc/arm-none-eabi/10.3.1/../../../../arm-none-eabi/lib/thumb/v8-m.main+fp/hard/libc_nano.a(lib_a-init.o)
                              /home/mark/SimplicityStudio_v5/developer/toolchains/gnu_arm/10.3_2021.10/bin/../lib/gcc/arm-none-eabi/10.3.1/../../../../arm-none-eabi/lib/thumb/v8-m.main+fp/hard/crt0.o (__libc_init_array)
/home/mark/SimplicityStudio_v5/developer/toolchains/gnu_arm/10.3_2021.10/bin/../lib/gcc/arm-none-eabi/10.3.1/../../../../arm-none-eabi/lib/thumb/v8-m.main+fp/hard/libc_nano.a(lib_a-memcpy-stub.o)
                              ./gecko_sdk_4.3.2/platform/emdrv/uartdrv/src/uartdrv.o (memcpy)
/home/mark/SimplicityStudio_v5/developer/toolchains/gnu_arm/10.3_2021.10/bin/../lib/gcc/arm-none-eabi/10.3.1/../../../../arm-none-eabi/lib/thumb/v8-m.main+fp/hard/libc_nano.a(lib_a-memset.o)
                              /home/mark/SimplicityStudio_v5/developer/toolchains/gnu_arm/10.3_2021.10/bin/../lib/gcc/arm-none-eabi/10.3.1/../../../../arm-none-eabi/lib/thumb/v8-m.main+fp/hard/crt0.o (memset)
/home/mark/SimplicityStudio_v5/developer/toolchains/gnu_arm/10.3_2021.10/bin/../lib/gcc/arm-none-eabi/10.3.1/../../../../arm-none-eabi/lib/thumb/v8-m.main+fp/hard/libc_nano.a(lib_a-sprintf.o)
                              ./app.o (sprintf)
/home/mark/SimplicityStudio_v5/developer/toolchains/gnu_arm/10.3_2021.10/bin/../lib/gcc/arm-none-eabi/10.3.1/../../../../arm-none-eabi/lib/thumb/v8-m.main+fp/hard/libc_nano.a(lib_a-strcmp.o)
                              ./autogen/sl_iostream_handles.o (strcmp)
/home/mark/SimplicityStudio_v5/developer/toolchains/gnu_arm/10.3_2021.10/bin/../lib/gcc/arm-none-eabi/10.3.1/../../../../arm-none-eabi/lib/thumb/v8-m.main+fp/hard/libc_nano.a(lib_a-strlen.o)
                              ./app.o (strlen)
/home/mark/SimplicityStudio_v5/developer/toolchains/gnu_arm/10.3_2021.10/bin/../lib/gcc/arm-none-eabi/10.3.1/../../../../arm-none-eabi/lib/thumb/v8-m.main+fp/hard/libc_nano.a(lib_a-vprintf.o)
                              ./gecko_sdk_4.3.2/platform/service/iostream/src/sl_iostream.o (vprintf)
/home/mark/SimplicityStudio_v5/developer/toolchains/gnu_arm/10.3_2021.10/bin/../lib/gcc/arm-none-eabi/10.3.1/../../../../arm-none-eabi/lib/thumb/v8-m.main+fp/hard/libc_nano.a(lib_a-findfp.o)
                              /home/mark/SimplicityStudio_v5/developer/toolchains/gnu_arm/10.3_2021.10/bin/../lib/gcc/arm-none-eabi/10.3.1/../../../../arm-none-eabi/lib/thumb/v8-m.main+fp/hard/libc_nano.a(lib_a-vprintf.o) (__sinit)
[...]
Memory Configuration

Name             Origin             Length             Attributes
FLASH            0x0000000008000000 0x000000000017e000 xr
RAM              0x0000000020000000 0x0000000000040000 xrw
*default*        0x0000000000000000 0xffffffffffffffff

Linker script and memory map

LOAD /home/mark/SimplicityStudio_v5/developer/toolchains/gnu_arm/10.3_2021.10/bin/../lib/gcc/arm-none-eabi/10.3.1/thumb/v8-m.main+fp/hard/crti.o
LOAD /home/mark/SimplicityStudio_v5/developer/toolchains/gnu_arm/10.3_2021.10/bin/../lib/gcc/arm-none-eabi/10.3.1/thumb/v8-m.main+fp/hard/crtbegin.o
LOAD /home/mark/SimplicityStudio_v5/developer/toolchains/gnu_arm/10.3_2021.10/bin/../lib/gcc/arm-none-eabi/10.3.1/../../../../arm-none-eabi/lib/thumb/v8-m.main+fp/hard/crt0.o
START GROUP
LOAD ./app.o
LOAD ./main.o
LOAD ./autogen/sl_board_default_init.o
LOAD ./autogen/sl_device_init_clocks.o
LOAD ./autogen/sl_event_handler.o
LOAD ./autogen/sl_iostream_handles.o
LOAD ./autogen/sl_iostream_init_usart_instances.o
LOAD ./autogen/sl_simple_led_instances.o
LOAD ./gecko_sdk_4.3.2/hardware/board/src/sl_board_control_gpio.o
LOAD ./gecko_sdk_4.3.2/hardware/board/src/sl_board_init.o
LOAD ./gecko_sdk_4.3.2/hardware/driver/configuration_over_swo/src/sl_cos.o
LOAD ./gecko_sdk_4.3.2/platform/CMSIS/RTOS2/Source/os_systick.o
LOAD ./gecko_sdk_4.3.2/platform/Device/SiliconLabs/MGM24/Source/startup_mgm24.o
LOAD ./gecko_sdk_4.3.2/platform/Device/SiliconLabs/MGM24/Source/system_mgm24.o
LOAD ./gecko_sdk_4.3.2/platform/common/src/sl_assert.o
LOAD ./gecko_sdk_4.3.2/platform/common/src/sl_string.o
LOAD ./gecko_sdk_4.3.2/platform/common/src/sli_cmsis_os2_ext_task_register.o
LOAD ./gecko_sdk_4.3.2/platform/common/toolchain/src/sl_memory.o
LOAD ./gecko_sdk_4.3.2/platform/driver/debug/src/sl_debug_swo.o
LOAD ./gecko_sdk_4.3.2/platform/driver/leddrv/src/sl_led.o
LOAD ./gecko_sdk_4.3.2/platform/driver/leddrv/src/sl_simple_led.o
LOAD ./gecko_sdk_4.3.2/platform/emdrv/dmadrv/src/dmadrv.o
LOAD ./gecko_sdk_4.3.2/platform/emdrv/gpiointerrupt/src/gpiointerrupt.o
LOAD ./gecko_sdk_4.3.2/platform/emdrv/uartdrv/src/uartdrv.o
LOAD ./gecko_sdk_4.3.2/platform/emlib/src/em_burtc.o
LOAD ./gecko_sdk_4.3.2/platform/emlib/src/em_cmu.o
LOAD ./gecko_sdk_4.3.2/platform/emlib/src/em_core.o
LOAD ./gecko_sdk_4.3.2/platform/emlib/src/em_emu.o
LOAD ./gecko_sdk_4.3.2/platform/emlib/src/em_eusart.o
LOAD ./gecko_sdk_4.3.2/platform/emlib/src/em_gpio.o
LOAD ./gecko_sdk_4.3.2/platform/emlib/src/em_ldma.o
LOAD ./gecko_sdk_4.3.2/platform/emlib/src/em_msc.o
LOAD ./gecko_sdk_4.3.2/platform/emlib/src/em_prs.o
LOAD ./gecko_sdk_4.3.2/platform/emlib/src/em_system.o
LOAD ./gecko_sdk_4.3.2/platform/emlib/src/em_timer.o
LOAD ./gecko_sdk_4.3.2/platform/emlib/src/em_usart.o
LOAD ./gecko_sdk_4.3.2/platform/peripheral/src/peripheral_sysrtc.o
LOAD ./gecko_sdk_4.3.2/platform/service/device_init/src/sl_device_init_dcdc_s2.o
LOAD ./gecko_sdk_4.3.2/platform/service/device_init/src/sl_device_init_emu_s2.o
LOAD ./gecko_sdk_4.3.2/platform/service/device_init/src/sl_device_init_hfxo_mgm24.o
LOAD ./gecko_sdk_4.3.2/platform/service/device_init/src/sl_device_init_nvic.o
LOAD ./gecko_sdk_4.3.2/platform/service/iostream/src/sl_iostream.o
LOAD ./gecko_sdk_4.3.2/platform/service/iostream/src/sl_iostream_uart.o
LOAD ./gecko_sdk_4.3.2/platform/service/iostream/src/sl_iostream_usart.o
LOAD ./gecko_sdk_4.3.2/platform/service/sleeptimer/src/sl_sleeptimer.o
LOAD ./gecko_sdk_4.3.2/platform/service/sleeptimer/src/sl_sleeptimer_hal_burtc.o
LOAD ./gecko_sdk_4.3.2/platform/service/sleeptimer/src/sl_sleeptimer_hal_sysrtc.o
LOAD ./gecko_sdk_4.3.2/platform/service/sleeptimer/src/sl_sleeptimer_hal_timer.o
LOAD ./gecko_sdk_4.3.2/platform/service/system/src/sl_system_init.o
LOAD ./gecko_sdk_4.3.2/platform/service/system/src/sl_system_kernel.o
LOAD ./gecko_sdk_4.3.2/util/third_party/freertos/cmsis/Source/cmsis_os2.o
LOAD ./gecko_sdk_4.3.2/util/third_party/freertos/kernel/croutine.o
LOAD ./gecko_sdk_4.3.2/util/third_party/freertos/kernel/event_groups.o
LOAD ./gecko_sdk_4.3.2/util/third_party/freertos/kernel/list.o
LOAD ./gecko_sdk_4.3.2/util/third_party/freertos/kernel/queue.o
LOAD ./gecko_sdk_4.3.2/util/third_party/freertos/kernel/stream_buffer.o
LOAD ./gecko_sdk_4.3.2/util/third_party/freertos/kernel/tasks.o
LOAD ./gecko_sdk_4.3.2/util/third_party/freertos/kernel/timers.o
LOAD ./gecko_sdk_4.3.2/util/third_party/freertos/kernel/portable/GCC/ARM_CM33_NTZ/non_secure/port.o
LOAD ./gecko_sdk_4.3.2/util/third_party/freertos/kernel/portable/GCC/ARM_CM33_NTZ/non_secure/portasm.o
LOAD ./gecko_sdk_4.3.2/util/third_party/freertos/kernel/portable/MemMang/heap_4.o
LOAD /home/mark/SimplicityStudio/SDKs/gecko_sdk//util/third_party/cmsis_dsp/libs/GCC/cortex-m33/libCMSISDSPBasicMath.a
LOAD /home/mark/SimplicityStudio/SDKs/gecko_sdk//util/third_party/cmsis_dsp/libs/GCC/cortex-m33/libCMSISDSPBayes.a
LOAD /home/mark/SimplicityStudio/SDKs/gecko_sdk//util/third_party/cmsis_dsp/libs/GCC/cortex-m33/libCMSISDSPCommon.a
LOAD /home/mark/SimplicityStudio/SDKs/gecko_sdk//util/third_party/cmsis_dsp/libs/GCC/cortex-m33/libCMSISDSPComplexMath.a
LOAD /home/mark/SimplicityStudio/SDKs/gecko_sdk//util/third_party/cmsis_dsp/libs/GCC/cortex-m33/libCMSISDSPController.a
LOAD /home/mark/SimplicityStudio/SDKs/gecko_sdk//util/third_party/cmsis_dsp/libs/GCC/cortex-m33/libCMSISDSPDistance.a
LOAD /home/mark/SimplicityStudio/SDKs/gecko_sdk//util/third_party/cmsis_dsp/libs/GCC/cortex-m33/libCMSISDSPFastMath.a
LOAD /home/mark/SimplicityStudio/SDKs/gecko_sdk//util/third_party/cmsis_dsp/libs/GCC/cortex-m33/libCMSISDSPFiltering.a
LOAD /home/mark/SimplicityStudio/SDKs/gecko_sdk//util/third_party/cmsis_dsp/libs/GCC/cortex-m33/libCMSISDSPInterpolation.a
LOAD /home/mark/SimplicityStudio/SDKs/gecko_sdk//util/third_party/cmsis_dsp/libs/GCC/cortex-m33/libCMSISDSPMatrix.a
LOAD /home/mark/SimplicityStudio/SDKs/gecko_sdk//util/third_party/cmsis_dsp/libs/GCC/cortex-m33/libCMSISDSPQuaternionMath.a
LOAD /home/mark/SimplicityStudio/SDKs/gecko_sdk//util/third_party/cmsis_dsp/libs/GCC/cortex-m33/libCMSISDSPStatistics.a
LOAD /home/mark/SimplicityStudio/SDKs/gecko_sdk//util/third_party/cmsis_dsp/libs/GCC/cortex-m33/libCMSISDSPSupport.a
LOAD /home/mark/SimplicityStudio/SDKs/gecko_sdk//util/third_party/cmsis_dsp/libs/GCC/cortex-m33/libCMSISDSPSVM.a
LOAD /home/mark/SimplicityStudio/SDKs/gecko_sdk//util/third_party/cmsis_dsp/libs/GCC/cortex-m33/libCMSISDSPTransform.a
LOAD /home/mark/SimplicityStudio_v5/developer/toolchains/gnu_arm/10.3_2021.10/bin/../lib/gcc/arm-none-eabi/10.3.1/thumb/v8-m.main+fp/hard/libgcc.a
LOAD /home/mark/SimplicityStudio_v5/developer/toolchains/gnu_arm/10.3_2021.10/bin/../lib/gcc/arm-none-eabi/10.3.1/../../../../arm-none-eabi/lib/thumb/v8-m.main+fp/hard/libc_nano.a
LOAD /home/mark/SimplicityStudio_v5/developer/toolchains/gnu_arm/10.3_2021.10/bin/../lib/gcc/arm-none-eabi/10.3.1/../../../../arm-none-eabi/lib/thumb/v8-m.main+fp/hard/libm.a
LOAD /home/mark/SimplicityStudio_v5/developer/toolchains/gnu_arm/10.3_2021.10/bin/../lib/gcc/arm-none-eabi/10.3.1/../../../../arm-none-eabi/lib/thumb/v8-m.main+fp/hard/libnosys.a
END GROUP
START GROUP
LOAD /home/mark/SimplicityStudio_v5/developer/toolchains/gnu_arm/10.3_2021.10/bin/../lib/gcc/arm-none-eabi/10.3.1/thumb/v8-m.main+fp/hard/libgcc.a
LOAD /home/mark/SimplicityStudio_v5/developer/toolchains/gnu_arm/10.3_2021.10/bin/../lib/gcc/arm-none-eabi/10.3.1/../../../../arm-none-eabi/lib/thumb/v8-m.main+fp/hard/libc_nano.a
LOAD /home/mark/SimplicityStudio_v5/developer/toolchains/gnu_arm/10.3_2021.10/bin/../lib/gcc/arm-none-eabi/10.3.1/../../../../arm-none-eabi/lib/thumb/v8-m.main+fp/hard/libnosys.a
END GROUP
START GROUP
LOAD /home/mark/SimplicityStudio_v5/developer/toolchains/gnu_arm/10.3_2021.10/bin/../lib/gcc/arm-none-eabi/10.3.1/thumb/v8-m.main+fp/hard/libgcc.a
LOAD /home/mark/SimplicityStudio_v5/developer/toolchains/gnu_arm/10.3_2021.10/bin/../lib/gcc/arm-none-eabi/10.3.1/../../../../arm-none-eabi/lib/thumb/v8-m.main+fp/hard/libg_nano.a
LOAD /home/mark/SimplicityStudio_v5/developer/toolchains/gnu_arm/10.3_2021.10/bin/../lib/gcc/arm-none-eabi/10.3.1/../../../../arm-none-eabi/lib/thumb/v8-m.main+fp/hard/libc_nano.a
END GROUP
START GROUP
LOAD /home/mark/SimplicityStudio_v5/developer/toolchains/gnu_arm/10.3_2021.10/bin/../lib/gcc/arm-none-eabi/10.3.1/thumb/v8-m.main+fp/hard/libgcc.a
LOAD /home/mark/SimplicityStudio_v5/developer/toolchains/gnu_arm/10.3_2021.10/bin/../lib/gcc/arm-none-eabi/10.3.1/../../../../arm-none-eabi/lib/thumb/v8-m.main+fp/hard/libc_nano.a
END GROUP
LOAD /home/mark/SimplicityStudio_v5/developer/toolchains/gnu_arm/10.3_2021.10/bin/../lib/gcc/arm-none-eabi/10.3.1/thumb/v8-m.main+fp/hard/crtend.o
LOAD /home/mark/SimplicityStudio_v5/developer/toolchains/gnu_arm/10.3_2021.10/bin/../lib/gcc/arm-none-eabi/10.3.1/thumb/v8-m.main+fp/hard/crtn.o

.text           0x0000000008000000     0x79f4
                0x0000000008000000                linker_vectors_begin = .
 *(.vectors)
 .vectors       0x0000000008000000      0x170 ./gecko_sdk_4.3.2/platform/Device/SiliconLabs/MGM24/Source/startup_mgm24.o
                0x0000000008000000                __Vectors
                0x0000000008000170                linker_vectors_end = .
                0x0000000008000170                __Vectors_End = .
                0x0000000008000170                __Vectors_Size = (__Vectors_End - __Vectors)
                0x0000000008000170                linker_code_begin = .
 *(SORT_BY_ALIGNMENT(.text*))
 .text.vRestoreContextOfFirstTask
                0x0000000008000170       0x34 ./gecko_sdk_4.3.2/util/third_party/freertos/kernel/portable/GCC/ARM_CM33_NTZ/non_secure/portasm.o
                0x0000000008000170                vRestoreContextOfFirstTask
 *fill*         0x00000000080001a4        0xc 
 .text.vStartFirstTask
                0x00000000080001b0       0x24 ./gecko_sdk_4.3.2/util/third_party/freertos/kernel/portable/GCC/ARM_CM33_NTZ/non_secure/portasm.o
                0x00000000080001b0                vStartFirstTask
 *fill*         0x00000000080001d4        0xc 
 .text.PendSV_Handler
                0x00000000080001e0       0x64 ./gecko_sdk_4.3.2/util/third_party/freertos/kernel/portable/GCC/ARM_CM33_NTZ/non_secure/portasm.o
                0x00000000080001e0                PendSV_Handler
 *fill*         0x0000000008000244        0xc 
 .text.SVC_Handler
                0x0000000008000250       0x24 ./gecko_sdk_4.3.2/util/third_party/freertos/kernel/portable/GCC/ARM_CM33_NTZ/non_secure/portasm.o
                0x0000000008000250                SVC_Handler
 .text          0x0000000008000274       0x40 /home/mark/SimplicityStudio_v5/developer/toolchains/gnu_arm/10.3_2021.10/bin/../lib/gcc/arm-none-eabi/10.3.1/thumb/v8-m.main+fp/hard/crtbegin.o
 .text          0x00000000080002b4       0x7c /home/mark/SimplicityStudio_v5/developer/toolchains/gnu_arm/10.3_2021.10/bin/../lib/gcc/arm-none-eabi/10.3.1/../../../../arm-none-eabi/lib/thumb/v8-m.main+fp/hard/crt0.o
                0x00000000080002b4                _stack_init
                0x00000000080002bc                _mainCRTStartup
                0x00000000080002bc                _start
 .text.OutputTask
                0x0000000008000330      0x19c ./app.o
 .text.InputTask
                0x00000000080004cc      0x120 ./app.o
 .text.RTOS_init
                0x00000000080005ec      0x120 ./app.o
                0x00000000080005ec                RTOS_init
 .text.PrintStartupBanner
                0x000000000800070c      0x1a4 ./app.o
                0x000000000800070c                PrintStartupBanner
 .text.MainTask
                0x00000000080008b0      0x1a4 ./app.o
 .text.sl_device_init_clocks
                0x0000000008000a54       0xac ./autogen/sl_device_init_clocks.o
                0x0000000008000a54                sl_device_init_clocks
 .text.sl_platform_init
                0x0000000008000b00       0x6c ./autogen/sl_event_handler.o
                0x0000000008000b00                sl_platform_init
 .text.sl_iostream_usart_init_vcom
                0x0000000008000b6c       0xa4 ./autogen/sl_iostream_init_usart_instances.o
                0x0000000008000b6c                sl_iostream_usart_init_vcom
 .text.sl_iostream_usart_init_instances
                0x0000000008000c10       0x1c ./autogen/sl_iostream_init_usart_instances.o
                0x0000000008000c10                sl_iostream_usart_init_instances
 .text.USART0_RX_IRQHandler
                0x0000000008000c2c        0xc ./autogen/sl_iostream_init_usart_instances.o
                0x0000000008000c2c                USART0_RX_IRQHandler
 .text.sl_simple_led_init_instances
                0x0000000008000c38        0xc ./autogen/sl_simple_led_instances.o
                0x0000000008000c38                sl_simple_led_init_instances
 .text.Reset_Handler
                0x0000000008000c44       0x60 ./gecko_sdk_4.3.2/platform/Device/SiliconLabs/MGM24/Source/startup_mgm24.o
                0x0000000008000c44                Reset_Handler
 .text.SystemInit
                0x0000000008000ca4       0x68 ./gecko_sdk_4.3.2/platform/Device/SiliconLabs/MGM24/Source/system_mgm24.o
                0x0000000008000ca4                SystemInit
 .text.SystemHFRCODPLLClockGet
                0x0000000008000d0c        0xc ./gecko_sdk_4.3.2/platform/Device/SiliconLabs/MGM24/Source/system_mgm24.o
                0x0000000008000d0c                SystemHFRCODPLLClockGet
 .text.SystemSYSCLKGet
                0x0000000008000d18       0x34 ./gecko_sdk_4.3.2/platform/Device/SiliconLabs/MGM24/Source/system_mgm24.o
                0x0000000008000d18                SystemSYSCLKGet
 .text.SystemHCLKGet
                0x0000000008000d4c       0x24 ./gecko_sdk_4.3.2/platform/Device/SiliconLabs/MGM24/Source/system_mgm24.o
                0x0000000008000d4c                SystemHCLKGet
 .text.SystemMaxCoreClockGet
                0x0000000008000d70        0x8 ./gecko_sdk_4.3.2/platform/Device/SiliconLabs/MGM24/Source/system_mgm24.o
                0x0000000008000d70                SystemMaxCoreClockGet
 .text.SystemHFXOClockGet
                0x0000000008000d78        0xc ./gecko_sdk_4.3.2/platform/Device/SiliconLabs/MGM24/Source/system_mgm24.o
                0x0000000008000d78                SystemHFXOClockGet
 .text.SystemHFXOClockSet
                0x0000000008000d84       0x20 ./gecko_sdk_4.3.2/platform/Device/SiliconLabs/MGM24/Source/system_mgm24.o
                0x0000000008000d84                SystemHFXOClockSet
 .text.SystemFSRCOClockGet
                0x0000000008000da4        0x8 ./gecko_sdk_4.3.2/platform/Device/SiliconLabs/MGM24/Source/system_mgm24.o
                0x0000000008000da4                SystemFSRCOClockGet
 .text.SystemHFRCOEM23ClockGet
                0x0000000008000dac       0x84 ./gecko_sdk_4.3.2/platform/Device/SiliconLabs/MGM24/Source/system_mgm24.o
                0x0000000008000dac                SystemHFRCOEM23ClockGet
 .text.SystemLFXOClockGet
                0x0000000008000e30        0xc ./gecko_sdk_4.3.2/platform/Device/SiliconLabs/MGM24/Source/system_mgm24.o
                0x0000000008000e30                SystemLFXOClockGet
 .text._sbrk    0x0000000008000e3c       0x20 ./gecko_sdk_4.3.2/platform/common/toolchain/src/sl_memory.o
                0x0000000008000e3c                _sbrk
 .text.sl_debug_swo_init
                0x0000000008000e5c      0x108 ./gecko_sdk_4.3.2/platform/driver/debug/src/sl_debug_swo.o
                0x0000000008000e5c                sl_debug_swo_init
 .text.sl_debug_swo_write_u8
                0x0000000008000f64       0x44 ./gecko_sdk_4.3.2/platform/driver/debug/src/sl_debug_swo.o
                0x0000000008000f64                sl_debug_swo_write_u8
 .text.GPIO_PinOutClear
                0x0000000008000fa8       0x4c ./gecko_sdk_4.3.2/platform/driver/leddrv/src/sl_simple_led.o
 .text.GPIO_PinOutSet
                0x0000000008000ff4       0x4c ./gecko_sdk_4.3.2/platform/driver/leddrv/src/sl_simple_led.o
 .text.sl_simple_led_toggle
                0x0000000008001040       0x4c ./gecko_sdk_4.3.2/platform/driver/leddrv/src/sl_simple_led.o
                0x0000000008001040                sl_simple_led_toggle
 .text.sl_simple_led_get_state
                0x000000000800108c       0x5c ./gecko_sdk_4.3.2/platform/driver/leddrv/src/sl_simple_led.o
                0x000000000800108c                sl_simple_led_get_state
 .text.StartTransfer
                0x00000000080010e8      0x17c ./gecko_sdk_4.3.2/platform/emdrv/dmadrv/src/dmadrv.o
 .text.DMADRV_AllocateChannel
                0x0000000008001264       0x60 ./gecko_sdk_4.3.2/platform/emdrv/dmadrv/src/dmadrv.o
                0x0000000008001264                DMADRV_AllocateChannel
 .text.DMADRV_DeInit
                0x00000000080012c4       0x44 ./gecko_sdk_4.3.2/platform/emdrv/dmadrv/src/dmadrv.o
                0x00000000080012c4                DMADRV_DeInit
 .text.DMADRV_FreeChannel
                0x0000000008001308       0x4c ./gecko_sdk_4.3.2/platform/emdrv/dmadrv/src/dmadrv.o
                0x0000000008001308                DMADRV_FreeChannel
 .text.DMADRV_Init
                0x0000000008001354       0x68 ./gecko_sdk_4.3.2/platform/emdrv/dmadrv/src/dmadrv.o
                0x0000000008001354                DMADRV_Init
 .text.DMADRV_PauseTransfer
                0x00000000080013bc       0x40 ./gecko_sdk_4.3.2/platform/emdrv/dmadrv/src/dmadrv.o
                0x00000000080013bc                DMADRV_PauseTransfer
 .text.DMADRV_ResumeTransfer
                0x00000000080013fc       0x40 ./gecko_sdk_4.3.2/platform/emdrv/dmadrv/src/dmadrv.o
                0x00000000080013fc                DMADRV_ResumeTransfer
 .text.DMADRV_StopTransfer
                0x000000000800143c       0x40 ./gecko_sdk_4.3.2/platform/emdrv/dmadrv/src/dmadrv.o
                0x000000000800143c                DMADRV_StopTransfer
 .text.DMADRV_TransferCompletePending
                0x000000000800147c       0x50 ./gecko_sdk_4.3.2/platform/emdrv/dmadrv/src/dmadrv.o
                0x000000000800147c                DMADRV_TransferCompletePending
 .text.DMADRV_TransferDone
                0x00000000080014cc       0x44 ./gecko_sdk_4.3.2/platform/emdrv/dmadrv/src/dmadrv.o
                0x00000000080014cc                DMADRV_TransferDone
 .text.LDMA_IRQHandler
                0x0000000008001510       0x94 ./gecko_sdk_4.3.2/platform/emdrv/dmadrv/src/dmadrv.o
                0x0000000008001510                LDMA_IRQHandler
 .text.GPIOINT_IRQDispatcher
                0x00000000080015a4       0x38 ./gecko_sdk_4.3.2/platform/emdrv/gpiointerrupt/src/gpiointerrupt.o
 .text.GPIOINT_Init
                0x00000000080015dc       0x30 ./gecko_sdk_4.3.2/platform/emdrv/gpiointerrupt/src/gpiointerrupt.o
                0x00000000080015dc                GPIOINT_Init
 .text.GPIO_EVEN_IRQHandler
                0x000000000800160c       0x24 ./gecko_sdk_4.3.2/platform/emdrv/gpiointerrupt/src/gpiointerrupt.o
                0x000000000800160c                GPIO_EVEN_IRQHandler
 .text.GPIO_ODD_IRQHandler
                0x0000000008001630       0x24 ./gecko_sdk_4.3.2/platform/emdrv/gpiointerrupt/src/gpiointerrupt.o
                0x0000000008001630                GPIO_ODD_IRQHandler
 .text.EMU_VScaleGet
                0x0000000008001654       0x18 ./gecko_sdk_4.3.2/platform/emlib/src/em_cmu.o
 .text.traceClkGet
                0x000000000800166c       0x54 ./gecko_sdk_4.3.2/platform/emlib/src/em_cmu.o
 .text.em01GrpaClkGet
                0x00000000080016c0       0x74 ./gecko_sdk_4.3.2/platform/emlib/src/em_cmu.o
 .text.em01GrpcClkGet
                0x0000000008001734       0x70 ./gecko_sdk_4.3.2/platform/emlib/src/em_cmu.o
 .text.iadcClkGet
                0x00000000080017a4       0x60 ./gecko_sdk_4.3.2/platform/emlib/src/em_cmu.o
 .text.eusart0ClkGet
                0x0000000008001804       0x74 ./gecko_sdk_4.3.2/platform/emlib/src/em_cmu.o
 .text.em23GrpaClkGet
                0x0000000008001878       0x48 ./gecko_sdk_4.3.2/platform/emlib/src/em_cmu.o
 .text.vdac0ClkGet
                0x00000000080018c0       0x70 ./gecko_sdk_4.3.2/platform/emlib/src/em_cmu.o
 .text.vdac1ClkGet
                0x0000000008001930       0x70 ./gecko_sdk_4.3.2/platform/emlib/src/em_cmu.o
 .text.pcnt0ClkGet
                0x00000000080019a0       0x4c ./gecko_sdk_4.3.2/platform/emlib/src/em_cmu.o
 .text.wdog0ClkGet
                0x00000000080019ec       0x64 ./gecko_sdk_4.3.2/platform/emlib/src/em_cmu.o
 .text.wdog1ClkGet
                0x0000000008001a50       0x64 ./gecko_sdk_4.3.2/platform/emlib/src/em_cmu.o
 .text.sysrtcClkGet
                0x0000000008001ab4       0x48 ./gecko_sdk_4.3.2/platform/emlib/src/em_cmu.o
 .text.em4GrpaClkGet
                0x0000000008001afc       0x48 ./gecko_sdk_4.3.2/platform/emlib/src/em_cmu.o
 .text.CMU_ClockDivGet
                0x0000000008001b44       0x78 ./gecko_sdk_4.3.2/platform/emlib/src/em_cmu.o
                0x0000000008001b44                CMU_ClockDivGet
 .text.flashWaitStateControl
                0x0000000008001bbc       0x58 ./gecko_sdk_4.3.2/platform/emlib/src/em_cmu.o
 .text.CMU_ClockEnable
                0x0000000008001c14       0x58 ./gecko_sdk_4.3.2/platform/emlib/src/em_cmu.o
                0x0000000008001c14                CMU_ClockEnable
 .text.CMU_ClockFreqGet
                0x0000000008001c6c      0x1e8 ./gecko_sdk_4.3.2/platform/emlib/src/em_cmu.o
                0x0000000008001c6c                CMU_ClockFreqGet
 .text.rhclkPrescOptimize
                0x0000000008001e54       0x20 ./gecko_sdk_4.3.2/platform/emlib/src/em_cmu.o
 .text.CMU_ClockSelectGet
                0x0000000008001e74      0x22c ./gecko_sdk_4.3.2/platform/emlib/src/em_cmu.o
                0x0000000008001e74                CMU_ClockSelectGet
 .text.sli_em_cmu_HFXOSetForceEnable
                0x00000000080020a0       0x1c ./gecko_sdk_4.3.2/platform/emlib/src/em_cmu.o
                0x00000000080020a0                sli_em_cmu_HFXOSetForceEnable
 .text.CMU_HFXOInit
                0x00000000080020bc      0x22c ./gecko_sdk_4.3.2/platform/emlib/src/em_cmu.o
                0x00000000080020bc                CMU_HFXOInit
 .text.CMU_HFXOCTuneDeltaGet
                0x00000000080022e8        0xc ./gecko_sdk_4.3.2/platform/emlib/src/em_cmu.o
                0x00000000080022e8                CMU_HFXOCTuneDeltaGet
 .text.CMU_HFXOPrecisionSet
                0x00000000080022f4        0xc ./gecko_sdk_4.3.2/platform/emlib/src/em_cmu.o
                0x00000000080022f4                CMU_HFXOPrecisionSet
 .text.CMU_ClockDivSet
                0x0000000008002300      0x12c ./gecko_sdk_4.3.2/platform/emlib/src/em_cmu.o
                0x0000000008002300                CMU_ClockDivSet
 .text.sli_em_cmu_SYSCLKInitPreClockSelect
                0x000000000800242c       0x20 ./gecko_sdk_4.3.2/platform/emlib/src/em_cmu.o
                0x000000000800242c                sli_em_cmu_SYSCLKInitPreClockSelect
 .text.pclkDivOptimize
                0x000000000800244c       0x24 ./gecko_sdk_4.3.2/platform/emlib/src/em_cmu.o
 .text.CORE_NvicIRQDisabled
                0x0000000008002470       0x34 ./gecko_sdk_4.3.2/platform/emlib/src/em_core.o
                0x0000000008002470                CORE_NvicIRQDisabled
 .text.EMU_DCDCSync
                0x00000000080024a4       0x10 ./gecko_sdk_4.3.2/platform/emlib/src/em_emu.o
 .text.EMU_EM4Init
                0x00000000080024b4       0x14 ./gecko_sdk_4.3.2/platform/emlib/src/em_emu.o
                0x00000000080024b4                EMU_EM4Init
 .text.EMU_VScaleEM01
                0x00000000080024c8       0xb0 ./gecko_sdk_4.3.2/platform/emlib/src/em_emu.o
                0x00000000080024c8                EMU_VScaleEM01
 .text.EMU_VScaleEM01ByClock
                0x0000000008002578       0x30 ./gecko_sdk_4.3.2/platform/emlib/src/em_emu.o
                0x0000000008002578                EMU_VScaleEM01ByClock
 .text.EMU_DCDCModeSet
                0x00000000080025a8       0xac ./gecko_sdk_4.3.2/platform/emlib/src/em_emu.o
                0x00000000080025a8                EMU_DCDCModeSet
 .text.EMU_DCDCInit
                0x0000000008002654       0x70 ./gecko_sdk_4.3.2/platform/emlib/src/em_emu.o
                0x0000000008002654                EMU_DCDCInit
 .text.EMU_DCDCSetPFMXModePeakCurrent
                0x00000000080026c4       0x70 ./gecko_sdk_4.3.2/platform/emlib/src/em_emu.o
                0x00000000080026c4                EMU_DCDCSetPFMXModePeakCurrent
 .text.GPIO_PinOutSet
                0x0000000008002734       0x4c ./gecko_sdk_4.3.2/platform/emlib/src/em_gpio.o
 .text.GPIO_PinOutClear
                0x0000000008002780       0x4c ./gecko_sdk_4.3.2/platform/emlib/src/em_gpio.o
 .text.GPIO_PinModeSet
                0x00000000080027cc       0xa4 ./gecko_sdk_4.3.2/platform/emlib/src/em_gpio.o
                0x00000000080027cc                GPIO_PinModeSet
 .text.LDMA_DeInit
                0x0000000008002870       0x3c ./gecko_sdk_4.3.2/platform/emlib/src/em_ldma.o
                0x0000000008002870                LDMA_DeInit
 .text.LDMA_EnableChannelRequest
                0x00000000080028ac       0x44 ./gecko_sdk_4.3.2/platform/emlib/src/em_ldma.o
                0x00000000080028ac                LDMA_EnableChannelRequest
 .text.LDMA_Init
                0x00000000080028f0       0x94 ./gecko_sdk_4.3.2/platform/emlib/src/em_ldma.o
                0x00000000080028f0                LDMA_Init
 .text.LDMA_StartTransfer
                0x0000000008002984      0x104 ./gecko_sdk_4.3.2/platform/emlib/src/em_ldma.o
                0x0000000008002984                LDMA_StartTransfer
 .text.LDMA_StopTransfer
                0x0000000008002a88       0x38 ./gecko_sdk_4.3.2/platform/emlib/src/em_ldma.o
                0x0000000008002a88                LDMA_StopTransfer
 .text.LDMA_TransferDone
                0x0000000008002ac0       0x44 ./gecko_sdk_4.3.2/platform/emlib/src/em_ldma.o
                0x0000000008002ac0                LDMA_TransferDone
 .text.SYSTEM_ChipRevisionGet
                0x0000000008002b04       0x24 ./gecko_sdk_4.3.2/platform/emlib/src/em_system.o
                0x0000000008002b04                SYSTEM_ChipRevisionGet
 .text.USART_BaudrateAsyncSet
                0x0000000008002b28       0xe0 ./gecko_sdk_4.3.2/platform/emlib/src/em_usart.o
                0x0000000008002b28                USART_BaudrateAsyncSet
 .text.USART_Enable
                0x0000000008002c08       0x3c ./gecko_sdk_4.3.2/platform/emlib/src/em_usart.o
                0x0000000008002c08                USART_Enable
 .text.USART_Reset
                0x0000000008002c44       0x58 ./gecko_sdk_4.3.2/platform/emlib/src/em_usart.o
                0x0000000008002c44                USART_Reset
 .text.USART_InitAsync
                0x0000000008002c9c       0xd4 ./gecko_sdk_4.3.2/platform/emlib/src/em_usart.o
                0x0000000008002c9c                USART_InitAsync
 .text.sl_sysrtc_wait_ready
                0x0000000008002d70       0x1c ./gecko_sdk_4.3.2/platform/peripheral/src/peripheral_sysrtc.o
 .text.sl_sysrtc_enable
                0x0000000008002d8c       0x18 ./gecko_sdk_4.3.2/platform/peripheral/src/peripheral_sysrtc.o
                0x0000000008002d8c                sl_sysrtc_enable
 .text.sl_sysrtc_disable
                0x0000000008002da4       0x28 ./gecko_sdk_4.3.2/platform/peripheral/src/peripheral_sysrtc.o
                0x0000000008002da4                sl_sysrtc_disable
 .text.sl_sysrtc_init
                0x0000000008002dcc       0x20 ./gecko_sdk_4.3.2/platform/peripheral/src/peripheral_sysrtc.o
                0x0000000008002dcc                sl_sysrtc_init
 .text.sl_sysrtc_init_group
                0x0000000008002dec       0x50 ./gecko_sdk_4.3.2/platform/peripheral/src/peripheral_sysrtc.o
                0x0000000008002dec                sl_sysrtc_init_group
 .text.sl_sysrtc_enable_group_interrupts
                0x0000000008002e3c       0x1c ./gecko_sdk_4.3.2/platform/peripheral/src/peripheral_sysrtc.o
                0x0000000008002e3c                sl_sysrtc_enable_group_interrupts
 .text.sl_sysrtc_disable_group_interrupts
                0x0000000008002e58       0x1c ./gecko_sdk_4.3.2/platform/peripheral/src/peripheral_sysrtc.o
                0x0000000008002e58                sl_sysrtc_disable_group_interrupts
 .text.sl_sysrtc_clear_group_interrupts
                0x0000000008002e74       0x1c ./gecko_sdk_4.3.2/platform/peripheral/src/peripheral_sysrtc.o
                0x0000000008002e74                sl_sysrtc_clear_group_interrupts
 .text.sl_sysrtc_get_group_interrupts
                0x0000000008002e90       0x20 ./gecko_sdk_4.3.2/platform/peripheral/src/peripheral_sysrtc.o
                0x0000000008002e90                sl_sysrtc_get_group_interrupts
 .text.sl_sysrtc_get_group_compare_channel_value
                0x0000000008002eb0       0x30 ./gecko_sdk_4.3.2/platform/peripheral/src/peripheral_sysrtc.o
                0x0000000008002eb0                sl_sysrtc_get_group_compare_channel_value
 .text.sl_sysrtc_set_group_compare_channel_value
                0x0000000008002ee0       0x2c ./gecko_sdk_4.3.2/platform/peripheral/src/peripheral_sysrtc.o
                0x0000000008002ee0                sl_sysrtc_set_group_compare_channel_value
 .text.sl_device_init_dcdc
                0x0000000008002f0c       0x2c ./gecko_sdk_4.3.2/platform/service/device_init/src/sl_device_init_dcdc_s2.o
                0x0000000008002f0c                sl_device_init_dcdc
 .text.sl_device_init_emu
                0x0000000008002f38       0x24 ./gecko_sdk_4.3.2/platform/service/device_init/src/sl_device_init_emu_s2.o
                0x0000000008002f38                sl_device_init_emu
 .text.sl_device_init_hfxo
                0x0000000008002f5c       0x88 ./gecko_sdk_4.3.2/platform/service/device_init/src/sl_device_init_hfxo_mgm24.o
                0x0000000008002f5c                sl_device_init_hfxo
 .text.sl_device_init_nvic
                0x0000000008002fe4       0x3c ./gecko_sdk_4.3.2/platform/service/device_init/src/sl_device_init_nvic.o
                0x0000000008002fe4                sl_device_init_nvic
 .text.sl_iostream_get_default
                0x0000000008003020       0x58 ./gecko_sdk_4.3.2/platform/service/iostream/src/sl_iostream.o
                0x0000000008003020                sl_iostream_get_default
 .text.sl_iostream_set_system_default
                0x0000000008003078       0x18 ./gecko_sdk_4.3.2/platform/service/iostream/src/sl_iostream.o
                0x0000000008003078                sl_iostream_set_system_default
 .text.get_write_ptr
                0x0000000008003090       0x40 ./gecko_sdk_4.3.2/platform/service/iostream/src/sl_iostream_uart.o
 .text.dma_irq_handler
                0x00000000080030d0       0x74 ./gecko_sdk_4.3.2/platform/service/iostream/src/sl_iostream_uart.o
 .text.set_read_block
                0x0000000008003144       0x98 ./gecko_sdk_4.3.2/platform/service/iostream/src/sl_iostream_uart.o
 .text.uart_read
                0x00000000080031dc      0x27c ./gecko_sdk_4.3.2/platform/service/iostream/src/sl_iostream_uart.o
 .text.uart_deinit
                0x0000000008003458      0x108 ./gecko_sdk_4.3.2/platform/service/iostream/src/sl_iostream_uart.o
 .text.uart_write
                0x0000000008003560       0xfc ./gecko_sdk_4.3.2/platform/service/iostream/src/sl_iostream_uart.o
 .text.sli_iostream_uart_context_init
                0x000000000800365c      0x18c ./gecko_sdk_4.3.2/platform/service/iostream/src/sl_iostream_uart.o
                0x000000000800365c                sli_iostream_uart_context_init
 .text.sl_iostream_usart_init
                0x00000000080037e8      0x184 ./gecko_sdk_4.3.2/platform/service/iostream/src/sl_iostream_usart.o
                0x00000000080037e8                sl_iostream_usart_init
 .text.sl_iostream_usart_irq_handler
                0x000000000800396c       0xa0 ./gecko_sdk_4.3.2/platform/service/iostream/src/sl_iostream_usart.o
                0x000000000800396c                sl_iostream_usart_irq_handler
 .text.delta_list_insert_timer
                0x0000000008003a0c       0x44 ./gecko_sdk_4.3.2/platform/service/sleeptimer/src/sl_sleeptimer.o
 .text.update_delta_list
                0x0000000008003a50       0x38 ./gecko_sdk_4.3.2/platform/service/sleeptimer/src/sl_sleeptimer.o
 .text.set_comparator_for_next_timer
                0x0000000008003a88       0x5c ./gecko_sdk_4.3.2/platform/service/sleeptimer/src/sl_sleeptimer.o
 .text.delta_list_remove_timer
                0x0000000008003ae4       0x38 ./gecko_sdk_4.3.2/platform/service/sleeptimer/src/sl_sleeptimer.o
 .text.sl_sleeptimer_init
                0x0000000008003b1c       0x74 ./gecko_sdk_4.3.2/platform/service/sleeptimer/src/sl_sleeptimer.o
                0x0000000008003b1c                sl_sleeptimer_init
 .text.process_timer_irq
                0x0000000008003b90      0x158 ./gecko_sdk_4.3.2/platform/service/sleeptimer/src/sl_sleeptimer.o
                0x0000000008003b90                process_timer_irq
 .text.sl_sysrtc_wait_sync
                0x0000000008003ce8       0x14 ./gecko_sdk_4.3.2/platform/service/sleeptimer/src/sl_sleeptimer_hal_sysrtc.o
 .text.sleeptimer_hal_init_timer
                0x0000000008003cfc       0x64 ./gecko_sdk_4.3.2/platform/service/sleeptimer/src/sl_sleeptimer_hal_sysrtc.o
                0x0000000008003cfc                sleeptimer_hal_init_timer
 .text.sleeptimer_hal_get_counter
                0x0000000008003d60       0x10 ./gecko_sdk_4.3.2/platform/service/sleeptimer/src/sl_sleeptimer_hal_sysrtc.o
                0x0000000008003d60                sleeptimer_hal_get_counter
 .text.sleeptimer_hal_set_compare
                0x0000000008003d70       0x70 ./gecko_sdk_4.3.2/platform/service/sleeptimer/src/sl_sleeptimer_hal_sysrtc.o
                0x0000000008003d70                sleeptimer_hal_set_compare
 .text.sleeptimer_hal_disable_int
                0x0000000008003de0       0x2c ./gecko_sdk_4.3.2/platform/service/sleeptimer/src/sl_sleeptimer_hal_sysrtc.o
                0x0000000008003de0                sleeptimer_hal_disable_int
 .text.sleeptimer_hal_set_int
                0x0000000008003e0c       0x10 ./gecko_sdk_4.3.2/platform/service/sleeptimer/src/sl_sleeptimer_hal_sysrtc.o
                0x0000000008003e0c                sleeptimer_hal_set_int
 .text.osKernelInitialize
                0x0000000008003e1c       0x34 ./gecko_sdk_4.3.2/util/third_party/freertos/cmsis/Source/cmsis_os2.o
                0x0000000008003e1c                osKernelInitialize
 .text.osKernelGetState
                0x0000000008003e50       0x20 ./gecko_sdk_4.3.2/util/third_party/freertos/cmsis/Source/cmsis_os2.o
                0x0000000008003e50                osKernelGetState
 .text.osKernelStart
                0x0000000008003e70       0x48 ./gecko_sdk_4.3.2/util/third_party/freertos/cmsis/Source/cmsis_os2.o
                0x0000000008003e70                osKernelStart
 .text.osDelay  0x0000000008003eb8       0x30 ./gecko_sdk_4.3.2/util/third_party/freertos/cmsis/Source/cmsis_os2.o
                0x0000000008003eb8                osDelay
 .text.osMutexNew
                0x0000000008003ee8       0x84 ./gecko_sdk_4.3.2/util/third_party/freertos/cmsis/Source/cmsis_os2.o
                0x0000000008003ee8                osMutexNew
 .text.osMutexAcquire
                0x0000000008003f6c       0x60 ./gecko_sdk_4.3.2/util/third_party/freertos/cmsis/Source/cmsis_os2.o
                0x0000000008003f6c                osMutexAcquire
 .text.osMutexRelease
                0x0000000008003fcc       0x54 ./gecko_sdk_4.3.2/util/third_party/freertos/cmsis/Source/cmsis_os2.o
                0x0000000008003fcc                osMutexRelease
 .text.osMutexDelete
                0x0000000008004020       0x48 ./gecko_sdk_4.3.2/util/third_party/freertos/cmsis/Source/cmsis_os2.o
                0x0000000008004020                osMutexDelete
 .text.osSemaphoreNew
                0x0000000008004068       0xac ./gecko_sdk_4.3.2/util/third_party/freertos/cmsis/Source/cmsis_os2.o
                0x0000000008004068                osSemaphoreNew
 .text.osSemaphoreAcquire
                0x0000000008004114       0x6c ./gecko_sdk_4.3.2/util/third_party/freertos/cmsis/Source/cmsis_os2.o
                0x0000000008004114                osSemaphoreAcquire
 .text.osSemaphoreRelease
                0x0000000008004180       0x64 ./gecko_sdk_4.3.2/util/third_party/freertos/cmsis/Source/cmsis_os2.o
                0x0000000008004180                osSemaphoreRelease
 .text.osSemaphoreGetCount
                0x00000000080041e4       0x30 ./gecko_sdk_4.3.2/util/third_party/freertos/cmsis/Source/cmsis_os2.o
                0x00000000080041e4                osSemaphoreGetCount
 .text.osSemaphoreDelete
                0x0000000008004214       0x44 ./gecko_sdk_4.3.2/util/third_party/freertos/cmsis/Source/cmsis_os2.o
                0x0000000008004214                osSemaphoreDelete
 .text.vApplicationStackOverflowHook
                0x0000000008004258       0x10 ./gecko_sdk_4.3.2/util/third_party/freertos/cmsis/Source/cmsis_os2.o
                0x0000000008004258                vApplicationStackOverflowHook
 .text.vApplicationGetIdleTaskMemory
                0x0000000008004268       0x18 ./gecko_sdk_4.3.2/util/third_party/freertos/cmsis/Source/cmsis_os2.o
                0x0000000008004268                vApplicationGetIdleTaskMemory
 .text.vApplicationGetTimerTaskMemory
                0x0000000008004280       0x18 ./gecko_sdk_4.3.2/util/third_party/freertos/cmsis/Source/cmsis_os2.o
                0x0000000008004280                vApplicationGetTimerTaskMemory
 .text.xQueueGenericReset
                0x0000000008004298       0x6c ./gecko_sdk_4.3.2/util/third_party/freertos/kernel/queue.o
                0x0000000008004298                xQueueGenericReset
 .text.xQueueGenericCreateStatic
                0x0000000008004304       0x7c ./gecko_sdk_4.3.2/util/third_party/freertos/kernel/queue.o
                0x0000000008004304                xQueueGenericCreateStatic
 .text.xQueueGenericCreate
                0x0000000008004380       0x74 ./gecko_sdk_4.3.2/util/third_party/freertos/kernel/queue.o
                0x0000000008004380                xQueueGenericCreate
 .text.xQueueCreateCountingSemaphoreStatic
                0x00000000080043f4       0x40 ./gecko_sdk_4.3.2/util/third_party/freertos/kernel/queue.o
                0x00000000080043f4                xQueueCreateCountingSemaphoreStatic
 .text.xQueueCreateCountingSemaphore
                0x0000000008004434       0x34 ./gecko_sdk_4.3.2/util/third_party/freertos/kernel/queue.o
                0x0000000008004434                xQueueCreateCountingSemaphore
 .text.xQueueGenericSend
                0x0000000008004468      0x12c ./gecko_sdk_4.3.2/util/third_party/freertos/kernel/queue.o
                0x0000000008004468                xQueueGenericSend
 .text.xQueueGiveMutexRecursive
                0x0000000008004594       0x38 ./gecko_sdk_4.3.2/util/third_party/freertos/kernel/queue.o
                0x0000000008004594                xQueueGiveMutexRecursive
 .text.xQueueGenericSendFromISR
                0x00000000080045cc       0xb4 ./gecko_sdk_4.3.2/util/third_party/freertos/kernel/queue.o
                0x00000000080045cc                xQueueGenericSendFromISR
 .text.xQueueGiveFromISR
                0x0000000008004680       0x94 ./gecko_sdk_4.3.2/util/third_party/freertos/kernel/queue.o
                0x0000000008004680                xQueueGiveFromISR
 .text.xQueueReceive
                0x0000000008004714      0x104 ./gecko_sdk_4.3.2/util/third_party/freertos/kernel/queue.o
                0x0000000008004714                xQueueReceive
 .text.xQueueSemaphoreTake
                0x0000000008004818      0x13c ./gecko_sdk_4.3.2/util/third_party/freertos/kernel/queue.o
                0x0000000008004818                xQueueSemaphoreTake
 .text.xQueueTakeMutexRecursive
                0x0000000008004954       0x40 ./gecko_sdk_4.3.2/util/third_party/freertos/kernel/queue.o
                0x0000000008004954                xQueueTakeMutexRecursive
 .text.xQueueReceiveFromISR
                0x0000000008004994       0x94 ./gecko_sdk_4.3.2/util/third_party/freertos/kernel/queue.o
                0x0000000008004994                xQueueReceiveFromISR
 .text.uxQueueMessagesWaiting
                0x0000000008004a28       0x28 ./gecko_sdk_4.3.2/util/third_party/freertos/kernel/queue.o
                0x0000000008004a28                uxQueueMessagesWaiting
 .text.uxQueueMessagesWaitingFromISR
                0x0000000008004a50       0x18 ./gecko_sdk_4.3.2/util/third_party/freertos/kernel/queue.o
                0x0000000008004a50                uxQueueMessagesWaitingFromISR
 .text.vQueueAddToRegistry
                0x0000000008004a68       0x24 ./gecko_sdk_4.3.2/util/third_party/freertos/kernel/queue.o
                0x0000000008004a68                vQueueAddToRegistry
 .text.vQueueUnregisterQueue
                0x0000000008004a8c       0x28 ./gecko_sdk_4.3.2/util/third_party/freertos/kernel/queue.o
                0x0000000008004a8c                vQueueUnregisterQueue
 .text.vQueueDelete
                0x0000000008004ab4       0x2c ./gecko_sdk_4.3.2/util/third_party/freertos/kernel/queue.o
                0x0000000008004ab4                vQueueDelete
 .text.prvAddNewTaskToReadyList
                0x0000000008004ae0       0xf4 ./gecko_sdk_4.3.2/util/third_party/freertos/kernel/tasks.o
 .text.prvAddCurrentTaskToDelayedList
                0x0000000008004bd4       0x70 ./gecko_sdk_4.3.2/util/third_party/freertos/kernel/tasks.o
 .text.prvResetNextTaskUnblockTime
                0x0000000008004c44       0x24 ./gecko_sdk_4.3.2/util/third_party/freertos/kernel/tasks.o
 .text.prvDeleteTCB
                0x0000000008004c68       0x38 ./gecko_sdk_4.3.2/util/third_party/freertos/kernel/tasks.o
 .text.prvIdleTask
                0x0000000008004ca0       0x50 ./gecko_sdk_4.3.2/util/third_party/freertos/kernel/tasks.o
 .text.xTaskCreateStatic
                0x0000000008004cf0       0x84 ./gecko_sdk_4.3.2/util/third_party/freertos/kernel/tasks.o
                0x0000000008004cf0                xTaskCreateStatic
 .text.vTaskStartScheduler
                0x0000000008004d74       0x84 ./gecko_sdk_4.3.2/util/third_party/freertos/kernel/tasks.o
                0x0000000008004d74                vTaskStartScheduler
 .text.vTaskSuspendAll
                0x0000000008004df8       0x10 ./gecko_sdk_4.3.2/util/third_party/freertos/kernel/tasks.o
                0x0000000008004df8                vTaskSuspendAll
 .text.xTaskGetTickCount
                0x0000000008004e08        0xc ./gecko_sdk_4.3.2/util/third_party/freertos/kernel/tasks.o
                0x0000000008004e08                xTaskGetTickCount
 .text.xTaskIncrementTick
                0x0000000008004e14      0x128 ./gecko_sdk_4.3.2/util/third_party/freertos/kernel/tasks.o
                0x0000000008004e14                xTaskIncrementTick
 .text.xTaskResumeAll
                0x0000000008004f3c       0xd4 ./gecko_sdk_4.3.2/util/third_party/freertos/kernel/tasks.o
                0x0000000008004f3c                xTaskResumeAll
 .text.vTaskDelay
                0x0000000008005010       0x3c ./gecko_sdk_4.3.2/util/third_party/freertos/kernel/tasks.o
                0x0000000008005010                vTaskDelay
 .text.vTaskSwitchContext
                0x000000000800504c       0xa8 ./gecko_sdk_4.3.2/util/third_party/freertos/kernel/tasks.o
                0x000000000800504c                vTaskSwitchContext
 .text.vTaskPlaceOnEventList
                0x00000000080050f4       0x34 ./gecko_sdk_4.3.2/util/third_party/freertos/kernel/tasks.o
                0x00000000080050f4                vTaskPlaceOnEventList
 .text.vTaskPlaceOnEventListRestricted
                0x0000000008005128       0x40 ./gecko_sdk_4.3.2/util/third_party/freertos/kernel/tasks.o
                0x0000000008005128                vTaskPlaceOnEventListRestricted
 .text.xTaskRemoveFromEventList
                0x0000000008005168       0x84 ./gecko_sdk_4.3.2/util/third_party/freertos/kernel/tasks.o
                0x0000000008005168                xTaskRemoveFromEventList
 .text.vTaskInternalSetTimeOutState
                0x00000000080051ec       0x18 ./gecko_sdk_4.3.2/util/third_party/freertos/kernel/tasks.o
                0x00000000080051ec                vTaskInternalSetTimeOutState
 .text.xTaskCheckForTimeOut
                0x0000000008005204       0x6c ./gecko_sdk_4.3.2/util/third_party/freertos/kernel/tasks.o
                0x0000000008005204                xTaskCheckForTimeOut
 .text.vTaskMissedYield
                0x0000000008005270        0xc ./gecko_sdk_4.3.2/util/third_party/freertos/kernel/tasks.o
                0x0000000008005270                vTaskMissedYield
 .text.pvTaskGetThreadLocalStoragePointer
                0x000000000800527c       0x1c ./gecko_sdk_4.3.2/util/third_party/freertos/kernel/tasks.o
                0x000000000800527c                pvTaskGetThreadLocalStoragePointer
 .text.xTaskGetCurrentTaskHandle
                0x0000000008005298        0xc ./gecko_sdk_4.3.2/util/third_party/freertos/kernel/tasks.o
                0x0000000008005298                xTaskGetCurrentTaskHandle
 .text.xTaskGetSchedulerState
                0x00000000080052a4       0x20 ./gecko_sdk_4.3.2/util/third_party/freertos/kernel/tasks.o
                0x00000000080052a4                xTaskGetSchedulerState
 .text.xTaskPriorityInherit
                0x00000000080052c4       0x84 ./gecko_sdk_4.3.2/util/third_party/freertos/kernel/tasks.o
                0x00000000080052c4                xTaskPriorityInherit
 .text.xTaskPriorityDisinherit
                0x0000000008005348       0x80 ./gecko_sdk_4.3.2/util/third_party/freertos/kernel/tasks.o
                0x0000000008005348                xTaskPriorityDisinherit
 .text.vTaskPriorityDisinheritAfterTimeout
                0x00000000080053c8       0x9c ./gecko_sdk_4.3.2/util/third_party/freertos/kernel/tasks.o
                0x00000000080053c8                vTaskPriorityDisinheritAfterTimeout
 .text.pvTaskIncrementMutexHeldCount
                0x0000000008005464       0x18 ./gecko_sdk_4.3.2/util/third_party/freertos/kernel/tasks.o
                0x0000000008005464                pvTaskIncrementMutexHeldCount
 .text.prvCheckForValidListAndQueue
                0x000000000800547c       0x68 ./gecko_sdk_4.3.2/util/third_party/freertos/kernel/timers.o
 .text.prvInsertTimerInActiveList
                0x00000000080054e4       0x3c ./gecko_sdk_4.3.2/util/third_party/freertos/kernel/timers.o
 .text.xTimerCreateTimerTask
                0x0000000008005520       0x64 ./gecko_sdk_4.3.2/util/third_party/freertos/kernel/timers.o
                0x0000000008005520                xTimerCreateTimerTask
 .text.xTimerGenericCommand
                0x0000000008005584       0x58 ./gecko_sdk_4.3.2/util/third_party/freertos/kernel/timers.o
                0x0000000008005584                xTimerGenericCommand
 .text.prvSampleTimeNow
                0x00000000080055dc       0xb0 ./gecko_sdk_4.3.2/util/third_party/freertos/kernel/timers.o
 .text.prvTimerTask
                0x000000000800568c      0x1bc ./gecko_sdk_4.3.2/util/third_party/freertos/kernel/timers.o
 .text.prvTaskExitError
                0x0000000008005848       0x30 ./gecko_sdk_4.3.2/util/third_party/freertos/kernel/portable/GCC/ARM_CM33_NTZ/non_secure/port.o
 .text.vPortSetupTimerInterrupt
                0x0000000008005878       0x24 ./gecko_sdk_4.3.2/util/third_party/freertos/kernel/portable/GCC/ARM_CM33_NTZ/non_secure/port.o
                0x0000000008005878                vPortSetupTimerInterrupt
 .text.vPortEnterCritical
                0x000000000800589c       0x1c ./gecko_sdk_4.3.2/util/third_party/freertos/kernel/portable/GCC/ARM_CM33_NTZ/non_secure/port.o
                0x000000000800589c                vPortEnterCritical
 .text.vPortExitCritical
                0x00000000080058b8       0x30 ./gecko_sdk_4.3.2/util/third_party/freertos/kernel/portable/GCC/ARM_CM33_NTZ/non_secure/port.o
                0x00000000080058b8                vPortExitCritical
 .text.vPortSVCHandler_C
                0x00000000080058e8       0x38 ./gecko_sdk_4.3.2/util/third_party/freertos/kernel/portable/GCC/ARM_CM33_NTZ/non_secure/port.o
                0x00000000080058e8                vPortSVCHandler_C
 .text.pxPortInitialiseStack
                0x0000000008005920       0x70 ./gecko_sdk_4.3.2/util/third_party/freertos/kernel/portable/GCC/ARM_CM33_NTZ/non_secure/port.o
                0x0000000008005920                pxPortInitialiseStack
 .text.xPortStartScheduler
                0x0000000008005990       0x3c ./gecko_sdk_4.3.2/util/third_party/freertos/kernel/portable/GCC/ARM_CM33_NTZ/non_secure/port.o
                0x0000000008005990                xPortStartScheduler
 .text.prvInsertBlockIntoFreeList
                0x00000000080059cc       0x48 ./gecko_sdk_4.3.2/util/third_party/freertos/kernel/portable/MemMang/heap_4.o
 .text.pvPortMalloc
                0x0000000008005a14      0x138 ./gecko_sdk_4.3.2/util/third_party/freertos/kernel/portable/MemMang/heap_4.o
                0x0000000008005a14                pvPortMalloc
 .text.vPortFree
                0x0000000008005b4c       0x80 ./gecko_sdk_4.3.2/util/third_party/freertos/kernel/portable/MemMang/heap_4.o
                0x0000000008005b4c                vPortFree
 .text          0x0000000008005bcc       0x30 /home/mark/SimplicityStudio_v5/developer/toolchains/gnu_arm/10.3_2021.10/bin/../lib/gcc/arm-none-eabi/10.3.1/thumb/v8-m.main+fp/hard/libgcc.a(_aeabi_uldivmod.o)
                0x0000000008005bcc                __aeabi_uldivmod
 .text          0x0000000008005bfc      0x2ec /home/mark/SimplicityStudio_v5/developer/toolchains/gnu_arm/10.3_2021.10/bin/../lib/gcc/arm-none-eabi/10.3.1/thumb/v8-m.main+fp/hard/libgcc.a(_udivmoddi4.o)
                0x0000000008005bfc                __udivmoddi4
 .text          0x0000000008005ee8        0x4 /home/mark/SimplicityStudio_v5/developer/toolchains/gnu_arm/10.3_2021.10/bin/../lib/gcc/arm-none-eabi/10.3.1/thumb/v8-m.main+fp/hard/libgcc.a(_dvmd_tls.o)
                0x0000000008005ee8                __aeabi_ldiv0
                0x0000000008005ee8                __aeabi_idiv0
 .text.exit     0x0000000008005eec       0x28 /home/mark/SimplicityStudio_v5/developer/toolchains/gnu_arm/10.3_2021.10/bin/../lib/gcc/arm-none-eabi/10.3.1/../../../../arm-none-eabi/lib/thumb/v8-m.main+fp/hard/libc_nano.a(lib_a-exit.o)
                0x0000000008005eec                exit
 .text.__libc_init_array
                0x0000000008005f14       0x48 /home/mark/SimplicityStudio_v5/developer/toolchains/gnu_arm/10.3_2021.10/bin/../lib/gcc/arm-none-eabi/10.3.1/../../../../arm-none-eabi/lib/thumb/v8-m.main+fp/hard/libc_nano.a(lib_a-init.o)
                0x0000000008005f14                __libc_init_array
 .text.sprintf  0x0000000008005f5c       0x40 /home/mark/SimplicityStudio_v5/developer/toolchains/gnu_arm/10.3_2021.10/bin/../lib/gcc/arm-none-eabi/10.3.1/../../../../arm-none-eabi/lib/thumb/v8-m.main+fp/hard/libc_nano.a(lib_a-sprintf.o)
                0x0000000008005f5c                sprintf
                0x0000000008005f5c                siprintf
 .text.sbrk_aligned
                0x0000000008005f9c       0x40 /home/mark/SimplicityStudio_v5/developer/toolchains/gnu_arm/10.3_2021.10/bin/../lib/gcc/arm-none-eabi/10.3.1/../../../../arm-none-eabi/lib/thumb/v8-m.main+fp/hard/libc_nano.a(lib_a-nano-mallocr.o)
 .text._malloc_r
                0x0000000008005fdc       0xe8 /home/mark/SimplicityStudio_v5/developer/toolchains/gnu_arm/10.3_2021.10/bin/../lib/gcc/arm-none-eabi/10.3.1/../../../../arm-none-eabi/lib/thumb/v8-m.main+fp/hard/libc_nano.a(lib_a-nano-mallocr.o)
                0x0000000008005fdc                _malloc_r
 .text._svfprintf_r
                0x00000000080060c4      0x200 /home/mark/SimplicityStudio_v5/developer/toolchains/gnu_arm/10.3_2021.10/bin/../lib/gcc/arm-none-eabi/10.3.1/../../../../arm-none-eabi/lib/thumb/v8-m.main+fp/hard/libc_nano.a(lib_a-nano-svfprintf.o)
                0x00000000080060c4                _svfprintf_r
                0x00000000080060c4                _svfiprintf_r
 .text._printf_i
                0x00000000080062c4      0x24c /home/mark/SimplicityStudio_v5/developer/toolchains/gnu_arm/10.3_2021.10/bin/../lib/gcc/arm-none-eabi/10.3.1/../../../../arm-none-eabi/lib/thumb/v8-m.main+fp/hard/libc_nano.a(lib_a-nano-vfprintf_i.o)
                0x00000000080062c4                _printf_i
 .text._sbrk_r  0x0000000008006510       0x20 /home/mark/SimplicityStudio_v5/developer/toolchains/gnu_arm/10.3_2021.10/bin/../lib/gcc/arm-none-eabi/10.3.1/../../../../arm-none-eabi/lib/thumb/v8-m.main+fp/hard/libc_nano.a(lib_a-sbrkr.o)
                0x0000000008006510                _sbrk_r
 .text.__malloc_lock
                0x0000000008006530        0xc /home/mark/SimplicityStudio_v5/developer/toolchains/gnu_arm/10.3_2021.10/bin/../lib/gcc/arm-none-eabi/10.3.1/../../../../arm-none-eabi/lib/thumb/v8-m.main+fp/hard/libc_nano.a(lib_a-mlock.o)
                0x0000000008006530                __malloc_lock
 .text.__malloc_unlock
                0x000000000800653c        0xc /home/mark/SimplicityStudio_v5/developer/toolchains/gnu_arm/10.3_2021.10/bin/../lib/gcc/arm-none-eabi/10.3.1/../../../../arm-none-eabi/lib/thumb/v8-m.main+fp/hard/libc_nano.a(lib_a-mlock.o)
                0x000000000800653c                __malloc_unlock
 .text._free_r  0x0000000008006548       0x98 /home/mark/SimplicityStudio_v5/developer/toolchains/gnu_arm/10.3_2021.10/bin/../lib/gcc/arm-none-eabi/10.3.1/../../../../arm-none-eabi/lib/thumb/v8-m.main+fp/hard/libc_nano.a(lib_a-nano-freer.o)
                0x0000000008006548                _free_r
 .text._exit    0x00000000080065e0        0x4 /home/mark/SimplicityStudio_v5/developer/toolchains/gnu_arm/10.3_2021.10/bin/../lib/gcc/arm-none-eabi/10.3.1/../../../../arm-none-eabi/lib/thumb/v8-m.main+fp/hard/libnosys.a(_exit.o)
                0x00000000080065e0                _exit
 .text.app_init
                0x00000000080065e4        0x4 ./app.o
                0x00000000080065e4                app_init
 .text.startup.main
                0x00000000080065e8       0x12 ./main.o
                0x00000000080065e8                main
 .text.sl_board_default_init
                0x00000000080065fa        0x2 ./autogen/sl_board_default_init.o
                0x00000000080065fa                sl_board_default_init
 .text.sl_kernel_start
                0x00000000080065fc        0x4 ./autogen/sl_event_handler.o
                0x00000000080065fc                sl_kernel_start
 .text.sl_driver_init
                0x0000000008006600       0x16 ./autogen/sl_event_handler.o
                0x0000000008006600                sl_driver_init
 .text.sl_service_init
                0x0000000008006616       0x12 ./autogen/sl_event_handler.o
                0x0000000008006616                sl_service_init
 .text.sl_stack_init
                0x0000000008006628        0x2 ./autogen/sl_event_handler.o
                0x0000000008006628                sl_stack_init
 .text.sl_internal_app_init
                0x000000000800662a        0x2 ./autogen/sl_event_handler.o
                0x000000000800662a                sl_internal_app_init
 .text.USART0_TX_IRQHandler
                0x000000000800662c        0x4 ./autogen/sl_iostream_init_usart_instances.o
                0x000000000800662c                USART0_TX_IRQHandler
 .text.sl_board_configure_vcom
                0x0000000008006630        0x4 ./gecko_sdk_4.3.2/hardware/board/src/sl_board_control_gpio.o
                0x0000000008006630                sl_board_configure_vcom
 .text.sl_board_init
                0x0000000008006634       0x12 ./gecko_sdk_4.3.2/hardware/board/src/sl_board_init.o
                0x0000000008006634                sl_board_init
 .text.sl_board_preinit
                0x0000000008006646        0x8 ./gecko_sdk_4.3.2/hardware/board/src/sl_board_init.o
                0x0000000008006646                sl_board_preinit
 .text.sli_cos_swo_itm_8_write.constprop.0.isra.0
                0x000000000800664e       0x60 ./gecko_sdk_4.3.2/hardware/driver/configuration_over_swo/src/sl_cos.o
 .text.sl_cos_send_config
                0x00000000080066ae       0x12 ./gecko_sdk_4.3.2/hardware/driver/configuration_over_swo/src/sl_cos.o
                0x00000000080066ae                sl_cos_send_config
 .text.sl_cos_config_vcom
                0x00000000080066c0       0x1e ./gecko_sdk_4.3.2/hardware/driver/configuration_over_swo/src/sl_cos.o
                0x00000000080066c0                sl_cos_config_vcom
 .text.Default_Handler
                0x00000000080066de        0x2 ./gecko_sdk_4.3.2/platform/Device/SiliconLabs/MGM24/Source/startup_mgm24.o
                0x00000000080066de                ULFRCO_IRQHandler
                0x00000000080066de                AHB2AHB1_IRQHandler
                0x00000000080066de                SW2_IRQHandler
                0x00000000080066de                TIMER2_IRQHandler
                0x00000000080066de                DebugMon_Handler
                0x00000000080066de                IADC_IRQHandler
                0x00000000080066de                EUSART0_TX_IRQHandler
                0x00000000080066de                I2C0_IRQHandler
                0x00000000080066de                LFXO_IRQHandler
                0x00000000080066de                HardFault_Handler
                0x00000000080066de                SMU_SECURE_IRQHandler
                0x00000000080066de                SYSRTC_SEQ_IRQHandler
                0x00000000080066de                EMUEFP_IRQHandler
                0x00000000080066de                NMI_Handler
                0x00000000080066de                SYNTH_IRQHandler
                0x00000000080066de                HOSTMAILBOX_IRQHandler
                0x00000000080066de                HFXO0_IRQHandler
                0x00000000080066de                I2C1_IRQHandler
                0x00000000080066de                WDOG0_IRQHandler
                0x00000000080066de                TIMER3_IRQHandler
                0x00000000080066de                SYSCFG_IRQHandler
                0x00000000080066de                RFECA1_IRQHandler
                0x00000000080066de                EMUDG_IRQHandler
                0x00000000080066de                MSC_IRQHandler
                0x00000000080066de                DPLL0_IRQHandler
                0x00000000080066de                UsageFault_Handler
                0x00000000080066de                WDOG1_IRQHandler
                0x00000000080066de                M33CTI1_IRQHandler
                0x00000000080066de                TIMER4_IRQHandler
                0x00000000080066de                VDAC0_IRQHandler
                0x00000000080066de                SEMBTX_IRQHandler
                0x00000000080066de                SW0_IRQHandler
                0x00000000080066de                TIMER0_IRQHandler
                0x00000000080066de                MVP_IRQHandler
                0x00000000080066de                LETIMER0_IRQHandler
                0x00000000080066de                EUSART1_RX_IRQHandler
                0x00000000080066de                TIMER1_IRQHandler
                0x00000000080066de                HFRCO0_IRQHandler
                0x00000000080066de                SecureFault_Handler
                0x00000000080066de                BUFC_IRQHandler
                0x00000000080066de                DCDC_IRQHandler
                0x00000000080066de                MODEM_IRQHandler
                0x00000000080066de                Default_Handler
                0x00000000080066de                RAC_SEQ_IRQHandler
                0x00000000080066de                FRC_PRI_IRQHandler
                0x00000000080066de                EMU_IRQHandler
                0x00000000080066de                SW3_IRQHandler
                0x00000000080066de                KERNEL0_IRQHandler
                0x00000000080066de                FRC_IRQHandler
                0x00000000080066de                PCNT0_IRQHandler
                0x00000000080066de                KERNEL1_IRQHandler
                0x00000000080066de                AGC_IRQHandler
                0x00000000080066de                EUSART1_TX_IRQHandler
                0x00000000080066de                KEYSCAN_IRQHandler
                0x00000000080066de                sl_app_properties
                0x00000000080066de                HFRCOEM23_IRQHandler
                0x00000000080066de                BURTC_IRQHandler
                0x00000000080066de                SEMBRX_IRQHandler
                0x00000000080066de                RFECA0_IRQHandler
                0x00000000080066de                LFRCO_IRQHandler
                0x00000000080066de                VDAC1_IRQHandler
                0x00000000080066de                ACMP0_IRQHandler
                0x00000000080066de                MemManage_Handler
                0x00000000080066de                AHB2AHB0_IRQHandler
                0x00000000080066de                SMU_S_PRIVILEGED_IRQHandler
                0x00000000080066de                SW1_IRQHandler
                0x00000000080066de                CMU_IRQHandler
                0x00000000080066de                EUSART0_RX_IRQHandler
                0x00000000080066de                RAC_RSM_IRQHandler
                0x00000000080066de                SETAMPERHOST_IRQHandler
                0x00000000080066de                AES_IRQHandler
                0x00000000080066de                M33CTI0_IRQHandler
                0x00000000080066de                ICACHE0_IRQHandler
                0x00000000080066de                SMU_NS_PRIVILEGED_IRQHandler
                0x00000000080066de                FPUEXH_IRQHandler
                0x00000000080066de                PROTIMER_IRQHandler
                0x00000000080066de                ACMP1_IRQHandler
                0x00000000080066de                BusFault_Handler
                0x00000000080066de                MPAHBRAM_IRQHandler
 .text.SystemCLKIN0Get
                0x00000000080066e0        0x4 ./gecko_sdk_4.3.2/platform/Device/SiliconLabs/MGM24/Source/system_mgm24.o
                0x00000000080066e0                SystemCLKIN0Get
 .text.SystemLFRCOClockGet
                0x00000000080066e4        0x6 ./gecko_sdk_4.3.2/platform/Device/SiliconLabs/MGM24/Source/system_mgm24.o
                0x00000000080066e4                SystemLFRCOClockGet
 .text.SystemULFRCOClockGet
                0x00000000080066ea        0x6 ./gecko_sdk_4.3.2/platform/Device/SiliconLabs/MGM24/Source/system_mgm24.o
                0x00000000080066ea                SystemULFRCOClockGet
 .text.assertEFM
                0x00000000080066f0        0x2 ./gecko_sdk_4.3.2/platform/common/src/sl_assert.o
                0x00000000080066f0                assertEFM
 .text.sli_osTaskRegisterGetValue
                0x00000000080066f2        0xe ./gecko_sdk_4.3.2/platform/common/src/sli_cmsis_os2_ext_task_register.o
                0x00000000080066f2                sli_osTaskRegisterGetValue
 .text.sl_debug_swo_enable_itm
                0x0000000008006700       0x18 ./gecko_sdk_4.3.2/platform/driver/debug/src/sl_debug_swo.o
                0x0000000008006700                sl_debug_swo_enable_itm
 .text.sl_debug_swo_disable_itm
                0x0000000008006718       0x1a ./gecko_sdk_4.3.2/platform/driver/debug/src/sl_debug_swo.o
                0x0000000008006718                sl_debug_swo_disable_itm
 .text.sl_led_init
                0x0000000008006732        0x6 ./gecko_sdk_4.3.2/platform/driver/leddrv/src/sl_led.o
                0x0000000008006732                sl_led_init
 .text.sl_led_turn_on
                0x0000000008006738        0x6 ./gecko_sdk_4.3.2/platform/driver/leddrv/src/sl_led.o
                0x0000000008006738                sl_led_turn_on
 .text.sl_led_turn_off
                0x000000000800673e        0x6 ./gecko_sdk_4.3.2/platform/driver/leddrv/src/sl_led.o
                0x000000000800673e                sl_led_turn_off
 .text.sl_simple_led_init
                0x0000000008006744       0x22 ./gecko_sdk_4.3.2/platform/driver/leddrv/src/sl_simple_led.o
                0x0000000008006744                sl_simple_led_init
 .text.sl_simple_led_turn_on
                0x0000000008006766       0x12 ./gecko_sdk_4.3.2/platform/driver/leddrv/src/sl_simple_led.o
                0x0000000008006766                sl_simple_led_turn_on
 .text.sl_simple_led_turn_off
                0x0000000008006778       0x12 ./gecko_sdk_4.3.2/platform/driver/leddrv/src/sl_simple_led.o
                0x0000000008006778                sl_simple_led_turn_off
 .text.DMADRV_PeripheralMemory
                0x000000000800678a       0x34 ./gecko_sdk_4.3.2/platform/emdrv/dmadrv/src/dmadrv.o
                0x000000000800678a                DMADRV_PeripheralMemory
 .text.BUS_RegMaskedWrite
                0x00000000080067be       0x22 ./gecko_sdk_4.3.2/platform/emlib/src/em_cmu.o
 .text.waitStateMax
                0x00000000080067e0       0x10 ./gecko_sdk_4.3.2/platform/emlib/src/em_cmu.o
 .text.CMU_UpdateWaitStates
                0x00000000080067f0        0xc ./gecko_sdk_4.3.2/platform/emlib/src/em_cmu.o
                0x00000000080067f0                CMU_UpdateWaitStates
 .text.pclkDivMax
                0x00000000080067fc        0xa ./gecko_sdk_4.3.2/platform/emlib/src/em_cmu.o
 .text.sli_em_cmu_SYSCLKInitPostClockSelect
                0x0000000008006806       0x2a ./gecko_sdk_4.3.2/platform/emlib/src/em_cmu.o
                0x0000000008006806                sli_em_cmu_SYSCLKInitPostClockSelect
 .text.CORE_EnterCritical
                0x0000000008006830        0x8 ./gecko_sdk_4.3.2/platform/emlib/src/em_core.o
                0x0000000008006830                CORE_EnterCritical
 .text.CORE_ExitCritical
                0x0000000008006838        0x6 ./gecko_sdk_4.3.2/platform/emlib/src/em_core.o
                0x0000000008006838                CORE_ExitCritical
 .text.CORE_EnterAtomic
                0x000000000800683e        0xc ./gecko_sdk_4.3.2/platform/emlib/src/em_core.o
                0x000000000800683e                CORE_EnterAtomic
 .text.CORE_ExitAtomic
                0x000000000800684a        0x6 ./gecko_sdk_4.3.2/platform/emlib/src/em_core.o
                0x000000000800684a                CORE_ExitAtomic
 .text.EMU_EFPEM01VScale
                0x0000000008006850        0x2 ./gecko_sdk_4.3.2/platform/emlib/src/em_emu.o
                0x0000000008006850                EMU_EFPEM01VScale
 .text.EMU_DCDCUpdatedHook
                0x0000000008006852        0x2 ./gecko_sdk_4.3.2/platform/emlib/src/em_emu.o
                0x0000000008006852                EMU_DCDCUpdatedHook
 .text.BUS_RegMaskedWrite
                0x0000000008006854       0x22 ./gecko_sdk_4.3.2/platform/emlib/src/em_gpio.o
 .text.GPIO_DbgLocationSet
                0x0000000008006876        0x2 ./gecko_sdk_4.3.2/platform/emlib/src/em_gpio.o
                0x0000000008006876                GPIO_DbgLocationSet
 .text.USART_Tx
                0x0000000008006878        0xa ./gecko_sdk_4.3.2/platform/emlib/src/em_usart.o
                0x0000000008006878                USART_Tx
 .text.sl_iostream_write
                0x0000000008006882       0x28 ./gecko_sdk_4.3.2/platform/service/iostream/src/sl_iostream.o
                0x0000000008006882                sl_iostream_write
 .text.set_auto_cr_lf
                0x00000000080068aa        0x6 ./gecko_sdk_4.3.2/platform/service/iostream/src/sl_iostream_uart.o
 .text.get_auto_cr_lf
                0x00000000080068b0        0x6 ./gecko_sdk_4.3.2/platform/service/iostream/src/sl_iostream_uart.o
 .text.get_read_block
                0x00000000080068b6        0x6 ./gecko_sdk_4.3.2/platform/service/iostream/src/sl_iostream_uart.o
 .text.usart_set_next_byte_detect
                0x00000000080068bc        0xe ./gecko_sdk_4.3.2/platform/service/iostream/src/sl_iostream_usart.o
 .text.usart_deinit
                0x00000000080068ca       0x7e ./gecko_sdk_4.3.2/platform/service/iostream/src/sl_iostream_usart.o
 .text.usart_tx
                0x0000000008006948        0xe ./gecko_sdk_4.3.2/platform/service/iostream/src/sl_iostream_usart.o
 .text.sleeptimer_hal_get_compare
                0x0000000008006956        0x8 ./gecko_sdk_4.3.2/platform/service/sleeptimer/src/sl_sleeptimer_hal_sysrtc.o
                0x0000000008006956                sleeptimer_hal_get_compare
 .text.sleeptimer_hal_enable_int
                0x000000000800695e       0x12 ./gecko_sdk_4.3.2/platform/service/sleeptimer/src/sl_sleeptimer_hal_sysrtc.o
                0x000000000800695e                sleeptimer_hal_enable_int
 .text.SYSRTC_APP_IRQHandler
                0x0000000008006970       0x34 ./gecko_sdk_4.3.2/platform/service/sleeptimer/src/sl_sleeptimer_hal_sysrtc.o
                0x0000000008006970                SYSRTC_APP_IRQHandler
 .text.sleeptimer_hal_get_timer_frequency
                0x00000000080069a4        0x6 ./gecko_sdk_4.3.2/platform/service/sleeptimer/src/sl_sleeptimer_hal_sysrtc.o
                0x00000000080069a4                sleeptimer_hal_get_timer_frequency
 .text.sl_system_init
                0x00000000080069aa       0x1a ./gecko_sdk_4.3.2/platform/service/system/src/sl_system_init.o
                0x00000000080069aa                sl_system_init
 .text.sl_system_kernel_start
                0x00000000080069c4        0x4 ./gecko_sdk_4.3.2/platform/service/system/src/sl_system_kernel.o
                0x00000000080069c4                sl_system_kernel_start
 .text.SysTick_Handler
                0x00000000080069c8       0x1a ./gecko_sdk_4.3.2/util/third_party/freertos/cmsis/Source/cmsis_os2.o
                0x00000000080069c8                SysTick_Handler
 .text.osThreadGetId
                0x00000000080069e2        0x4 ./gecko_sdk_4.3.2/util/third_party/freertos/cmsis/Source/cmsis_os2.o
                0x00000000080069e2                osThreadGetId
 .text.vListInitialise
                0x00000000080069e6       0x16 ./gecko_sdk_4.3.2/util/third_party/freertos/kernel/list.o
                0x00000000080069e6                vListInitialise
 .text.vListInitialiseItem
                0x00000000080069fc        0x6 ./gecko_sdk_4.3.2/util/third_party/freertos/kernel/list.o
                0x00000000080069fc                vListInitialiseItem
 .text.vListInsertEnd
                0x0000000008006a02       0x18 ./gecko_sdk_4.3.2/util/third_party/freertos/kernel/list.o
                0x0000000008006a02                vListInsertEnd
 .text.vListInsert
                0x0000000008006a1a       0x2e ./gecko_sdk_4.3.2/util/third_party/freertos/kernel/list.o
                0x0000000008006a1a                vListInsert
 .text.uxListRemove
                0x0000000008006a48       0x20 ./gecko_sdk_4.3.2/util/third_party/freertos/kernel/list.o
                0x0000000008006a48                uxListRemove
 .text.prvIsQueueEmpty
                0x0000000008006a68       0x16 ./gecko_sdk_4.3.2/util/third_party/freertos/kernel/queue.o
 .text.prvCopyDataToQueue
                0x0000000008006a7e       0x6a ./gecko_sdk_4.3.2/util/third_party/freertos/kernel/queue.o
 .text.prvCopyDataFromQueue
                0x0000000008006ae8       0x2c ./gecko_sdk_4.3.2/util/third_party/freertos/kernel/queue.o
 .text.prvUnlockQueue
                0x0000000008006b14       0x70 ./gecko_sdk_4.3.2/util/third_party/freertos/kernel/queue.o
 .text.xQueueCreateMutexStatic
                0x0000000008006b84       0x2a ./gecko_sdk_4.3.2/util/third_party/freertos/kernel/queue.o
                0x0000000008006b84                xQueueCreateMutexStatic
 .text.xQueueCreateMutex
                0x0000000008006bae       0x24 ./gecko_sdk_4.3.2/util/third_party/freertos/kernel/queue.o
                0x0000000008006bae                xQueueCreateMutex
 .text.vQueueWaitForMessageRestricted
                0x0000000008006bd2       0x46 ./gecko_sdk_4.3.2/util/third_party/freertos/kernel/queue.o
                0x0000000008006bd2                vQueueWaitForMessageRestricted
 .text.prvInitialiseNewTask.constprop.0
                0x0000000008006c18       0xb2 ./gecko_sdk_4.3.2/util/third_party/freertos/kernel/tasks.o
 .text.vPortYield
                0x0000000008006cca       0x16 ./gecko_sdk_4.3.2/util/third_party/freertos/kernel/portable/GCC/ARM_CM33_NTZ/non_secure/port.o
                0x0000000008006cca                vPortYield
 .text.xPortSysTickHandler
                0x0000000008006ce0       0x24 ./gecko_sdk_4.3.2/util/third_party/freertos/kernel/portable/GCC/ARM_CM33_NTZ/non_secure/port.o
                0x0000000008006ce0                xPortSysTickHandler
 .text.ulSetInterruptMask
                0x0000000008006d04       0x16 ./gecko_sdk_4.3.2/util/third_party/freertos/kernel/portable/GCC/ARM_CM33_NTZ/non_secure/portasm.o
                0x0000000008006d04                ulSetInterruptMask
 .text.vClearInterruptMask
                0x0000000008006d1a        0xe ./gecko_sdk_4.3.2/util/third_party/freertos/kernel/portable/GCC/ARM_CM33_NTZ/non_secure/portasm.o
                0x0000000008006d1a                vClearInterruptMask
 .text.memcpy   0x0000000008006d28       0x1a /home/mark/SimplicityStudio_v5/developer/toolchains/gnu_arm/10.3_2021.10/bin/../lib/gcc/arm-none-eabi/10.3.1/../../../../arm-none-eabi/lib/thumb/v8-m.main+fp/hard/libc_nano.a(lib_a-memcpy-stub.o)
                0x0000000008006d28                memcpy
 .text.memset   0x0000000008006d42       0x10 /home/mark/SimplicityStudio_v5/developer/toolchains/gnu_arm/10.3_2021.10/bin/../lib/gcc/arm-none-eabi/10.3.1/../../../../arm-none-eabi/lib/thumb/v8-m.main+fp/hard/libc_nano.a(lib_a-memset.o)
                0x0000000008006d42                memset
 .text          0x0000000008006d52       0x10 /home/mark/SimplicityStudio_v5/developer/toolchains/gnu_arm/10.3_2021.10/bin/../lib/gcc/arm-none-eabi/10.3.1/../../../../arm-none-eabi/lib/thumb/v8-m.main+fp/hard/libc_nano.a(lib_a-strlen.o)
                0x0000000008006d52                strlen
 .text.__retarget_lock_acquire_recursive
                0x0000000008006d62        0x2 /home/mark/SimplicityStudio_v5/developer/toolchains/gnu_arm/10.3_2021.10/bin/../lib/gcc/arm-none-eabi/10.3.1/../../../../arm-none-eabi/lib/thumb/v8-m.main+fp/hard/libc_nano.a(lib_a-lock.o)
                0x0000000008006d62                __retarget_lock_acquire_recursive
 .text.__retarget_lock_release_recursive
                0x0000000008006d64        0x2 /home/mark/SimplicityStudio_v5/developer/toolchains/gnu_arm/10.3_2021.10/bin/../lib/gcc/arm-none-eabi/10.3.1/../../../../arm-none-eabi/lib/thumb/v8-m.main+fp/hard/libc_nano.a(lib_a-lock.o)
                0x0000000008006d64                __retarget_lock_release_recursive
 .text.__ssputs_r
                0x0000000008006d66       0xb6 /home/mark/SimplicityStudio_v5/developer/toolchains/gnu_arm/10.3_2021.10/bin/../lib/gcc/arm-none-eabi/10.3.1/../../../../arm-none-eabi/lib/thumb/v8-m.main+fp/hard/libc_nano.a(lib_a-nano-svfprintf.o)
                0x0000000008006d66                __ssputs_r
 .text._printf_common
                0x0000000008006e1c       0xe0 /home/mark/SimplicityStudio_v5/developer/toolchains/gnu_arm/10.3_2021.10/bin/../lib/gcc/arm-none-eabi/10.3.1/../../../../arm-none-eabi/lib/thumb/v8-m.main+fp/hard/libc_nano.a(lib_a-nano-vfprintf_i.o)
                0x0000000008006e1c                _printf_common
 .text.memchr   0x0000000008006efc       0x1c /home/mark/SimplicityStudio_v5/developer/toolchains/gnu_arm/10.3_2021.10/bin/../lib/gcc/arm-none-eabi/10.3.1/../../../../arm-none-eabi/lib/thumb/v8-m.main+fp/hard/libc_nano.a(lib_a-memchr-stub.o)
                0x0000000008006efc                memchr
 .text.memmove  0x0000000008006f18       0x34 /home/mark/SimplicityStudio_v5/developer/toolchains/gnu_arm/10.3_2021.10/bin/../lib/gcc/arm-none-eabi/10.3.1/../../../../arm-none-eabi/lib/thumb/v8-m.main+fp/hard/libc_nano.a(lib_a-memmove.o)
                0x0000000008006f18                memmove
 .text._realloc_r
                0x0000000008006f4c       0x5e /home/mark/SimplicityStudio_v5/developer/toolchains/gnu_arm/10.3_2021.10/bin/../lib/gcc/arm-none-eabi/10.3.1/../../../../arm-none-eabi/lib/thumb/v8-m.main+fp/hard/libc_nano.a(lib_a-nano-reallocr.o)
                0x0000000008006f4c                _realloc_r
 .text._malloc_usable_size_r
                0x0000000008006faa       0x10 /home/mark/SimplicityStudio_v5/developer/toolchains/gnu_arm/10.3_2021.10/bin/../lib/gcc/arm-none-eabi/10.3.1/../../../../arm-none-eabi/lib/thumb/v8-m.main+fp/hard/libc_nano.a(lib_a-nano-msizer.o)
                0x0000000008006faa                _malloc_usable_size_r
                0x0000000008006fba                linker_code_end = .
 *(.init)
 *fill*         0x0000000008006fba        0x2 
 .init          0x0000000008006fbc        0x4 /home/mark/SimplicityStudio_v5/developer/toolchains/gnu_arm/10.3_2021.10/bin/../lib/gcc/arm-none-eabi/10.3.1/thumb/v8-m.main+fp/hard/crti.o
                0x0000000008006fbc                _init
 .init          0x0000000008006fc0        0x8 /home/mark/SimplicityStudio_v5/developer/toolchains/gnu_arm/10.3_2021.10/bin/../lib/gcc/arm-none-eabi/10.3.1/thumb/v8-m.main+fp/hard/crtn.o
 *(.fini)
 .fini          0x0000000008006fc8        0x4 /home/mark/SimplicityStudio_v5/developer/toolchains/gnu_arm/10.3_2021.10/bin/../lib/gcc/arm-none-eabi/10.3.1/thumb/v8-m.main+fp/hard/crti.o
                0x0000000008006fc8                _fini
 .fini          0x0000000008006fcc        0x8 /home/mark/SimplicityStudio_v5/developer/toolchains/gnu_arm/10.3_2021.10/bin/../lib/gcc/arm-none-eabi/10.3.1/thumb/v8-m.main+fp/hard/crtn.o
 *crtbegin.o(.ctors)
 *crtbegin?.o(.ctors)
 *(EXCLUDE_FILE(*crtend.o *crtend?.o) .ctors)
 *(SORT_BY_NAME(.ctors.*))
 *(.ctors)
 *crtbegin.o(.dtors)
 *crtbegin?.o(.dtors)
 *(EXCLUDE_FILE(*crtend.o *crtend?.o) .dtors)
 *(SORT_BY_NAME(.dtors.*))
 *(.dtors)
 *(.rodata*)
 .rodata.OutputTask.str1.1
                0x0000000008006fd4       0xd1 ./app.o
 .rodata.RTOS_init.str1.1
                0x00000000080070a5       0x2a ./app.o
 .rodata.PrintStartupBanner.str1.1
                0x00000000080070cf      0x13f ./app.o
 .rodata.MainTask.str1.1
                0x000000000800720e       0x28 ./app.o
 .rodata.__FUNCTION__.2
                0x0000000008007236        0x9 ./app.o
 .rodata.__FUNCTION__.3
                0x000000000800723f        0xa ./app.o
 .rodata.__FUNCTION__.4
                0x0000000008007249        0xb ./app.o
 .rodata.sl_iostream_usart_init_vcom.str1.1
                0x0000000008007254       0x2e ./autogen/sl_iostream_init_usart_instances.o
 *fill*         0x0000000008007282        0x2 
 .rodata        0x0000000008007284       0x1c ./autogen/sl_iostream_init_usart_instances.o
 .rodata.sl_led_led0
                0x00000000080072a0       0x18 ./autogen/sl_simple_led_instances.o
                0x00000000080072a0                sl_led_led0
 .rodata.GPIO_PinOutClear.str1.1
                0x00000000080072b8       0x49 ./gecko_sdk_4.3.2/platform/driver/leddrv/src/sl_simple_led.o
 .rodata        0x0000000008007301        0x4 ./gecko_sdk_4.3.2/platform/emdrv/dmadrv/src/dmadrv.o
 .rodata.HFRCODPLLDevinfoGet.str1.1
                0x0000000008007305       0x47 ./gecko_sdk_4.3.2/platform/emlib/src/em_cmu.o
 .rodata.CORE_NvicMaskSetIRQ.str1.1
                0x000000000800734c       0x48 ./gecko_sdk_4.3.2/platform/emlib/src/em_core.o
 .rodata.EMU_VScaleEM01.str1.1
                0x0000000008007394       0x47 ./gecko_sdk_4.3.2/platform/emlib/src/em_emu.o
 .rodata.GPIO_PinOutSet.str1.1
                0x00000000080073db       0x49 ./gecko_sdk_4.3.2/platform/emlib/src/em_gpio.o
 .rodata.GPIO_ExtIntConfig.str1.1
                0x00000000080073db       0x48 ./gecko_sdk_4.3.2/platform/emlib/src/em_gpio.o
 .rodata.LDMA_EnableChannelRequest.str1.1
                0x0000000008007423       0x90 ./gecko_sdk_4.3.2/platform/emlib/src/em_ldma.o
 .rodata.USART_BaudrateAsyncSet.str1.1
                0x00000000080074b3       0x49 ./gecko_sdk_4.3.2/platform/emlib/src/em_usart.o
 .rodata.sl_sysrtc_init_group.str1.1
                0x00000000080074fc       0x57 ./gecko_sdk_4.3.2/platform/peripheral/src/peripheral_sysrtc.o
 .rodata        0x0000000008007553        0x7 ./gecko_sdk_4.3.2/platform/service/device_init/src/sl_device_init_dcdc_s2.o
 *fill*         0x000000000800755a        0x2 
 .rodata        0x000000000800755c       0x28 ./gecko_sdk_4.3.2/platform/service/device_init/src/sl_device_init_hfxo_mgm24.o
 .rodata.sl_iostream_set_default.str1.1
                0x0000000008007584       0x57 ./gecko_sdk_4.3.2/platform/service/iostream/src/sl_iostream.o
 .rodata.get_write_ptr.str1.1
                0x00000000080075db       0x5c ./gecko_sdk_4.3.2/platform/service/iostream/src/sl_iostream_uart.o
 .rodata.set_read_block.str1.1
                0x0000000008007637        0xc ./gecko_sdk_4.3.2/platform/service/iostream/src/sl_iostream_uart.o
 .rodata.sli_iostream_uart_context_init.str1.1
                0x0000000008007643       0x15 ./gecko_sdk_4.3.2/platform/service/iostream/src/sl_iostream_uart.o
 .rodata.sl_iostream_usart_irq_handler.str1.1
                0x0000000008007658       0x5d ./gecko_sdk_4.3.2/platform/service/iostream/src/sl_iostream_usart.o
 .rodata.process_timer_irq.str1.1
                0x00000000080076b5       0x5b ./gecko_sdk_4.3.2/platform/service/sleeptimer/src/sl_sleeptimer.o
 .rodata.vApplicationStackOverflowHook.str1.1
                0x0000000008007710       0x5e ./gecko_sdk_4.3.2/util/third_party/freertos/cmsis/Source/cmsis_os2.o
 .rodata.xQueueGenericReset.str1.1
                0x000000000800776e       0x54 ./gecko_sdk_4.3.2/util/third_party/freertos/kernel/queue.o
 .rodata.prvTaskIsTaskSuspended.str1.1
                0x00000000080077c2       0x54 ./gecko_sdk_4.3.2/util/third_party/freertos/kernel/tasks.o
 .rodata.vTaskStartScheduler.str1.1
                0x0000000008007816        0x5 ./gecko_sdk_4.3.2/util/third_party/freertos/kernel/tasks.o
 .rodata.prvCheckForValidListAndQueue.str1.1
                0x000000000800781b        0x5 ./gecko_sdk_4.3.2/util/third_party/freertos/kernel/timers.o
 .rodata.xTimerCreateTimerTask.str1.1
                0x0000000008007820       0x5d ./gecko_sdk_4.3.2/util/third_party/freertos/kernel/timers.o
 .rodata.prvTaskExitError.str1.1
                0x000000000800787d       0x78 ./gecko_sdk_4.3.2/util/third_party/freertos/kernel/portable/GCC/ARM_CM33_NTZ/non_secure/port.o
 .rodata.pvPortMalloc.str1.1
                0x00000000080078f5       0x66 ./gecko_sdk_4.3.2/util/third_party/freertos/kernel/portable/MemMang/heap_4.o
 *fill*         0x000000000800795b        0x1 
 .rodata._global_impure_ptr
                0x000000000800795c        0x4 /home/mark/SimplicityStudio_v5/developer/toolchains/gnu_arm/10.3_2021.10/bin/../lib/gcc/arm-none-eabi/10.3.1/../../../../arm-none-eabi/lib/thumb/v8-m.main+fp/hard/libc_nano.a(lib_a-impure.o)
                0x000000000800795c                _global_impure_ptr
 .rodata.__sf_fake_stderr
                0x0000000008007960       0x20 /home/mark/SimplicityStudio_v5/developer/toolchains/gnu_arm/10.3_2021.10/bin/../lib/gcc/arm-none-eabi/10.3.1/../../../../arm-none-eabi/lib/thumb/v8-m.main+fp/hard/libc_nano.a(lib_a-findfp.o)
                0x0000000008007960                __sf_fake_stderr
 .rodata.__sf_fake_stdin
                0x0000000008007980       0x20 /home/mark/SimplicityStudio_v5/developer/toolchains/gnu_arm/10.3_2021.10/bin/../lib/gcc/arm-none-eabi/10.3.1/../../../../arm-none-eabi/lib/thumb/v8-m.main+fp/hard/libc_nano.a(lib_a-findfp.o)
                0x0000000008007980                __sf_fake_stdin
 .rodata.__sf_fake_stdout
                0x00000000080079a0       0x20 /home/mark/SimplicityStudio_v5/developer/toolchains/gnu_arm/10.3_2021.10/bin/../lib/gcc/arm-none-eabi/10.3.1/../../../../arm-none-eabi/lib/thumb/v8-m.main+fp/hard/libc_nano.a(lib_a-findfp.o)
                0x00000000080079a0                __sf_fake_stdout
 .rodata._svfprintf_r.str1.1
                0x00000000080079c0       0x11 /home/mark/SimplicityStudio_v5/developer/toolchains/gnu_arm/10.3_2021.10/bin/../lib/gcc/arm-none-eabi/10.3.1/../../../../arm-none-eabi/lib/thumb/v8-m.main+fp/hard/libc_nano.a(lib_a-nano-svfprintf.o)
 .rodata._printf_i.str1.1
                0x00000000080079d1       0x22 /home/mark/SimplicityStudio_v5/developer/toolchains/gnu_arm/10.3_2021.10/bin/../lib/gcc/arm-none-eabi/10.3.1/../../../../arm-none-eabi/lib/thumb/v8-m.main+fp/hard/libc_nano.a(lib_a-nano-vfprintf_i.o)
 *(.eh_frame*)
 *fill*         0x00000000080079f3        0x1 
 .eh_frame      0x00000000080079f4        0x0 /home/mark/SimplicityStudio_v5/developer/toolchains/gnu_arm/10.3_2021.10/bin/../lib/gcc/arm-none-eabi/10.3.1/thumb/v8-m.main+fp/hard/crtbegin.o

.glue_7         0x00000000080079f4        0x0
 .glue_7        0x00000000080079f4        0x0 linker stubs

.glue_7t        0x00000000080079f4        0x0
 .glue_7t       0x00000000080079f4        0x0 linker stubs

.vfp11_veneer   0x00000000080079f4        0x0
 .vfp11_veneer  0x00000000080079f4        0x0 linker stubs

.v4_bx          0x00000000080079f4        0x0
 .v4_bx         0x00000000080079f4        0x0 linker stubs

.iplt           0x00000000080079f4        0x0
 .iplt          0x00000000080079f4        0x0 /home/mark/SimplicityStudio_v5/developer/toolchains/gnu_arm/10.3_2021.10/bin/../lib/gcc/arm-none-eabi/10.3.1/thumb/v8-m.main+fp/hard/crtbegin.o

.ARM.extab
 *(.ARM.extab* .gnu.linkonce.armextab.*)
                0x00000000080079f4                __exidx_start = .

.ARM.exidx      0x00000000080079f4        0x8
 *(.ARM.exidx* .gnu.linkonce.armexidx.*)
 .ARM.exidx     0x00000000080079f4        0x8 /home/mark/SimplicityStudio_v5/developer/toolchains/gnu_arm/10.3_2021.10/bin/../lib/gcc/arm-none-eabi/10.3.1/../../../../arm-none-eabi/lib/thumb/v8-m.main+fp/hard/crt0.o
                                         0x10 (size before relaxing)
 .ARM.exidx     0x00000000080079fc        0x0 /home/mark/SimplicityStudio_v5/developer/toolchains/gnu_arm/10.3_2021.10/bin/../lib/gcc/arm-none-eabi/10.3.1/thumb/v8-m.main+fp/hard/libgcc.a(_udivmoddi4.o)
                                          0x8 (size before relaxing)
                0x00000000080079fc                __exidx_end = .

.rel.dyn        0x00000000080079fc        0x0
 .rel.iplt      0x00000000080079fc        0x0 /home/mark/SimplicityStudio_v5/developer/toolchains/gnu_arm/10.3_2021.10/bin/../lib/gcc/arm-none-eabi/10.3.1/thumb/v8-m.main+fp/hard/crtbegin.o

.copy.table     0x00000000080079fc        0xc
                0x00000000080079fc                . = ALIGN (0x4)
                0x00000000080079fc                __copy_table_start__ = .
                0x00000000080079fc        0x4 LONG 0x8007a08 __etext
                0x0000000008007a00        0x4 LONG 0x20001000 __data_start__
                0x0000000008007a04        0x4 LONG 0x25 ((__data_end__ - __data_start__) / 0x4)
                0x0000000008007a08                __copy_table_end__ = .

.zero.table     0x0000000008007a08        0x0
                0x0000000008007a08                . = ALIGN (0x4)
                0x0000000008007a08                __zero_table_start__ = .
                0x0000000008007a08                __zero_table_end__ = .
                0x0000000008007a08                __etext = .
                0x0000000020000000                . = ORIGIN (RAM)

.stack          0x0000000020000000     0x1000
                0x0000000020000000                __StackLimit = .
 *(.stack*)
 .stack         0x0000000020000000     0x1000 ./gecko_sdk_4.3.2/platform/common/toolchain/src/sl_memory.o
                0x0000000020001000                . = ALIGN (0x4)
                0x0000000020001000                __StackTop = .
                0x0000000020001000                PROVIDE (__stack = __StackTop)

.noinit
 *(.noinit*)

.data           0x0000000020001000       0x94 load address 0x0000000008007a08
                0x0000000020001000                . = ALIGN (0x4)
                0x0000000020001000                __data_start__ = .
 *(vtable)
 *(SORT_BY_ALIGNMENT(.data*))
 .data.sl_iostream_vcom_handle
                0x0000000020001000        0x4 ./autogen/sl_iostream_init_usart_instances.o
                0x0000000020001000                sl_iostream_vcom_handle
 .data.SystemCoreClock
                0x0000000020001004        0x4 ./gecko_sdk_4.3.2/platform/Device/SiliconLabs/MGM24/Source/system_mgm24.o
                0x0000000020001004                SystemCoreClock
 .data.SystemHFRCODPLLClock
                0x0000000020001008        0x4 ./gecko_sdk_4.3.2/platform/Device/SiliconLabs/MGM24/Source/system_mgm24.o
 .data.SystemHFXOClock
                0x000000002000100c        0x4 ./gecko_sdk_4.3.2/platform/Device/SiliconLabs/MGM24/Source/system_mgm24.o
 .data.SystemLFXOClock
                0x0000000020001010        0x4 ./gecko_sdk_4.3.2/platform/Device/SiliconLabs/MGM24/Source/system_mgm24.o
 .data.heap_end.0
                0x0000000020001014        0x4 ./gecko_sdk_4.3.2/platform/common/toolchain/src/sl_memory.o
 .data.uxTopUsedPriority
                0x0000000020001018        0x4 ./gecko_sdk_4.3.2/util/third_party/freertos/kernel/tasks.o
                0x0000000020001018                uxTopUsedPriority
 .data.ulCriticalNesting
                0x000000002000101c        0x4 ./gecko_sdk_4.3.2/util/third_party/freertos/kernel/portable/GCC/ARM_CM33_NTZ/non_secure/port.o
 .data._impure_ptr
                0x0000000020001020        0x4 /home/mark/SimplicityStudio_v5/developer/toolchains/gnu_arm/10.3_2021.10/bin/../lib/gcc/arm-none-eabi/10.3.1/../../../../arm-none-eabi/lib/thumb/v8-m.main+fp/hard/libc_nano.a(lib_a-impure.o)
                0x0000000020001020                _impure_ptr
 .data.impure_data
                0x0000000020001024       0x60 /home/mark/SimplicityStudio_v5/developer/toolchains/gnu_arm/10.3_2021.10/bin/../lib/gcc/arm-none-eabi/10.3.1/../../../../arm-none-eabi/lib/thumb/v8-m.main+fp/hard/libc_nano.a(lib_a-impure.o)
 .data.hfxo_precision
                0x0000000020001084        0x2 ./gecko_sdk_4.3.2/platform/emlib/src/em_cmu.o
 .data.simple_led0_context
                0x0000000020001086        0x3 ./autogen/sl_simple_led_instances.o
                0x0000000020001086                simple_led0_context
 .data.ctuneDelta
                0x0000000020001089        0x1 ./gecko_sdk_4.3.2/platform/emlib/src/em_cmu.o
 .data.sli_task_register_id
                0x000000002000108a        0x1 ./gecko_sdk_4.3.2/platform/service/iostream/src/sl_iostream.o
 .data.cc_disabled
                0x000000002000108b        0x1 ./gecko_sdk_4.3.2/platform/service/sleeptimer/src/sl_sleeptimer_hal_sysrtc.o
                0x000000002000108c                . = ALIGN (0x4)
                [!provide]                        PROVIDE (__ram_func_section_start = .)
 *(.ram)
                [!provide]                        PROVIDE (__ram_func_section_end = .)
                0x000000002000108c                . = ALIGN (0x4)
                0x000000002000108c                PROVIDE (__preinit_array_start = .)
 *(.preinit_array)
                0x000000002000108c                PROVIDE (__preinit_array_end = .)
                0x000000002000108c                . = ALIGN (0x4)
                0x000000002000108c                PROVIDE (__init_array_start = .)
 *(SORT_BY_NAME(.init_array.*))
 *(.init_array)
 .init_array    0x000000002000108c        0x4 /home/mark/SimplicityStudio_v5/developer/toolchains/gnu_arm/10.3_2021.10/bin/../lib/gcc/arm-none-eabi/10.3.1/thumb/v8-m.main+fp/hard/crtbegin.o
                0x0000000020001090                PROVIDE (__init_array_end = .)
                0x0000000020001090                . = ALIGN (0x4)
                [!provide]                        PROVIDE (__fini_array_start = .)
 *(SORT_BY_NAME(.fini_array.*))
 *(.fini_array)
 .fini_array    0x0000000020001090        0x4 /home/mark/SimplicityStudio_v5/developer/toolchains/gnu_arm/10.3_2021.10/bin/../lib/gcc/arm-none-eabi/10.3.1/thumb/v8-m.main+fp/hard/crtbegin.o
                [!provide]                        PROVIDE (__fini_array_end = .)
                0x0000000020001094                . = ALIGN (0x4)
                0x0000000020001094                __data_end__ = .

.igot.plt       0x0000000020001094        0x0 load address 0x0000000008007a9c
 .igot.plt      0x0000000020001094        0x0 /home/mark/SimplicityStudio_v5/developer/toolchains/gnu_arm/10.3_2021.10/bin/../lib/gcc/arm-none-eabi/10.3.1/thumb/v8-m.main+fp/hard/crtbegin.o

.bss            0x0000000020001094     0x428c load address 0x0000000008007a9c
                0x0000000020001094                . = ALIGN (0x4)
                0x0000000020001094                __bss_start__ = .
 *(SORT_BY_ALIGNMENT(.bss*))
 .bss           0x0000000020001094       0x1c /home/mark/SimplicityStudio_v5/developer/toolchains/gnu_arm/10.3_2021.10/bin/../lib/gcc/arm-none-eabi/10.3.1/thumb/v8-m.main+fp/hard/crtbegin.o
 .bss.lulElapsedTime_SendMessage_msec.1
                0x00000000200010b0        0x4 ./app.o
 .bss.xDiagnosticMutex
                0x00000000200010b4        0x4 ./app.o
                0x00000000200010b4                xDiagnosticMutex
 .bss.xDiagnosticMutexBuffer
                0x00000000200010b8       0x50 ./app.o
                0x00000000200010b8                xDiagnosticMutexBuffer
 .bss.xInputQueueBuffer
                0x0000000020001108       0x50 ./app.o
                0x0000000020001108                xInputQueueBuffer
 .bss.xInputQueueHandle
                0x0000000020001158        0x4 ./app.o
                0x0000000020001158                xInputQueueHandle
 .bss.xInputStack
                0x000000002000115c      0x280 ./app.o
                0x000000002000115c                xInputStack
 .bss.xInputTaskBuffer
                0x00000000200013dc       0x60 ./app.o
                0x00000000200013dc                xInputTaskBuffer
 .bss.xMainQueueBuffer
                0x000000002000143c       0x50 ./app.o
                0x000000002000143c                xMainQueueBuffer
 .bss.xMainQueueHandle
                0x000000002000148c        0x4 ./app.o
                0x000000002000148c                xMainQueueHandle
 .bss.xMainStack
                0x0000000020001490      0x280 ./app.o
                0x0000000020001490                xMainStack
 .bss.xMainTaskBuffer
                0x0000000020001710       0x60 ./app.o
                0x0000000020001710                xMainTaskBuffer
 .bss.xOutputQueueBuffer
                0x0000000020001770       0x50 ./app.o
                0x0000000020001770                xOutputQueueBuffer